main.c:27:6:Delay	16	static
main.c:37:6:init_USART1	48	static
main.c:108:6:Configure_PC4	56	static
main.c:190:6:USART_puts	16	static
main.c:201:6:TM_LEDS_Init	16	static
main.c:222:6:TM_TIMER_Init	24	static
main.c:275:6:TM_PWM_Init	32	static
main.c:317:6:init_SPI2	40	static
main.c:412:9:SPI2_send	16	static
main.c:421:5:vibrate	16	static
main.c:435:6:ADC_Config	40	static
main.c:467:10:ADC_Read	8	static
main.c:477:6:init_I2C1	32	static
main.c:517:15:WaitMeasurementDataReady	32	static
main.c:543:15:WaitStopCompleted	32	static
main.c:571:15:rangeInit	64	static
main.c:609:15:range	64	static
main.c:675:6:Init_Rangefinders	496	static
main.c:719:6:buzz	16	static
main.c:728:6:flagReset	4	static
main.c:736:5:main	504	static
main.c:812:6:USART1_IRQHandler	16	static
main.c:833:6:EXTI4_IRQHandler	16	static
