vl53l0x_api.c:48:15:VL53L0X_GetVersion	24	static
vl53l0x_api.c:63:15:VL53L0X_GetPalSpecVersion	24	static
vl53l0x_api.c:79:15:VL53L0X_GetProductRevision	32	static
vl53l0x_api.c:97:15:VL53L0X_GetDeviceInfo	24	static
vl53l0x_api.c:109:15:VL53L0X_GetDeviceErrorStatus	24	static
vl53l0x_api.c:127:15:VL53L0X_GetDeviceErrorString	24	static
vl53l0x_api.c:140:15:VL53L0X_GetRangeStatusString	24	static
vl53l0x_api.c:153:15:VL53L0X_GetPalErrorString	24	static
vl53l0x_api.c:165:15:VL53L0X_GetPalStateString	24	static
vl53l0x_api.c:177:15:VL53L0X_GetPalState	24	static
vl53l0x_api.c:188:15:VL53L0X_SetPowerMode	24	static
vl53l0x_api.c:223:15:VL53L0X_GetPowerMode	24	static
vl53l0x_api.c:246:15:VL53L0X_SetOffsetCalibrationDataMicroMeter	24	static
vl53l0x_api.c:259:15:VL53L0X_GetOffsetCalibrationDataMicroMeter	24	static
vl53l0x_api.c:272:15:VL53L0X_SetLinearityCorrectiveGain	24	static
vl53l0x_api.c:295:15:VL53L0X_GetLinearityCorrectiveGain	24	static
vl53l0x_api.c:307:15:VL53L0X_SetGroupParamHold	24	static
vl53l0x_api.c:318:15:VL53L0X_GetUpperLimitMilliMeter	24	static
vl53l0x_api.c:330:15:VL53L0X_GetTotalSignalRate	56	static
vl53l0x_api.c:350:15:VL53L0X_SetDeviceAddress	24	static
vl53l0x_api.c:362:15:VL53L0X_DataInit	104	static
vl53l0x_api.c:503:15:VL53L0X_SetTuningSettingBuffer	32	static
vl53l0x_api.c:530:15:VL53L0X_GetTuningSettingBuffer	32	static
vl53l0x_api.c:545:15:VL53L0X_StaticInit	136	static
vl53l0x_api.c:724:15:VL53L0X_WaitDeviceBooted	24	static
vl53l0x_api.c:735:15:VL53L0X_ResetDevice	24	static
vl53l0x_api.c:780:15:VL53L0X_SetDeviceParameters	24	static
vl53l0x_api.c:831:15:VL53L0X_GetDeviceParameters	24	static
vl53l0x_api.c:895:15:VL53L0X_SetDeviceMode	24	static
vl53l0x_api.c:917:15:VL53L0X_GetDeviceMode	24	static
vl53l0x_api.c:929:15:VL53L0X_SetRangeFractionEnable	24	static
vl53l0x_api.c:944:15:VL53L0X_GetFractionEnable	24	static
vl53l0x_api.c:958:15:VL53L0X_SetHistogramMode	24	static
vl53l0x_api.c:970:15:VL53L0X_GetHistogramMode	24	static
vl53l0x_api.c:982:15:VL53L0X_SetMeasurementTimingBudgetMicroSeconds	24	static
vl53l0x_api.c:996:15:VL53L0X_GetMeasurementTimingBudgetMicroSeconds	24	static
vl53l0x_api.c:1009:15:VL53L0X_SetVcselPulsePeriod	24	static
vl53l0x_api.c:1022:15:VL53L0X_GetVcselPulsePeriod	32	static
vl53l0x_api.c:1035:15:VL53L0X_SetSequenceStepEnable	32	static
vl53l0x_api.c:1124:15:sequence_step_enabled	32	static
vl53l0x_api.c:1156:15:VL53L0X_GetSequenceStepEnable	32	static
vl53l0x_api.c:1175:15:VL53L0X_GetSequenceStepEnables	24	static
vl53l0x_api.c:1215:15:VL53L0X_GetNumberOfSequenceSteps	24	static
vl53l0x_api.c:1227:15:VL53L0X_GetSequenceStepsInfo	24	static
vl53l0x_api.c:1242:15:VL53L0X_SetSequenceStepTimeout	40	static
vl53l0x_api.c:1296:15:VL53L0X_GetSequenceStepTimeout	32	static
vl53l0x_api.c:1315:15:VL53L0X_SetInterMeasurementPeriodMilliSeconds	32	static
vl53l0x_api.c:1351:15:VL53L0X_GetInterMeasurementPeriodMilliSeconds	24	static
vl53l0x_api.c:1383:15:VL53L0X_SetXTalkCompensationEnable	24	static
vl53l0x_api.c:1421:15:VL53L0X_GetXTalkCompensationEnable	24	static
vl53l0x_api.c:1435:15:VL53L0X_SetXTalkCompensationRateMegaCps	24	static
vl53l0x_api.c:1473:15:VL53L0X_GetXTalkCompensationRateMegaCps	32	static
vl53l0x_api.c:1506:15:VL53L0X_SetRefCalibration	24	static
vl53l0x_api.c:1518:15:VL53L0X_GetRefCalibration	32	static
vl53l0x_api.c:1534:15:VL53L0X_GetNumberOfLimitCheck	24	static
vl53l0x_api.c:1545:15:VL53L0X_GetLimitCheckInfo	32	static
vl53l0x_api.c:1559:15:VL53L0X_GetLimitCheckStatus	32	static
vl53l0x_api.c:1582:15:VL53L0X_SetLimitCheckEnable	32	static
vl53l0x_api.c:1685:15:VL53L0X_GetLimitCheckEnable	32	static
vl53l0x_api.c:1706:15:VL53L0X_SetLimitCheckValue	32	static
vl53l0x_api.c:1783:15:VL53L0X_GetLimitCheckValue	40	static
vl53l0x_api.c:1874:15:VL53L0X_GetLimitCheckCurrent	64	static
vl53l0x_api.c:1948:15:VL53L0X_SetWrapAroundCheckEnable	24	static
vl53l0x_api.c:1980:15:VL53L0X_GetWrapAroundCheckEnable	24	static
vl53l0x_api.c:2005:15:VL53L0X_SetDmaxCalParameters	32	static
vl53l0x_api.c:2039:15:VL53L0X_GetDmaxCalParameters	32	static
vl53l0x_api.c:2057:15:VL53L0X_PerformSingleMeasurement	24	static
vl53l0x_api.c:2088:15:VL53L0X_PerformSingleHistogramMeasurement	24	static
vl53l0x_api.c:2100:15:VL53L0X_PerformRefCalibration	32	static
vl53l0x_api.c:2113:15:VL53L0X_PerformXTalkMeasurement	32	static
vl53l0x_api.c:2126:15:VL53L0X_PerformXTalkCalibration	32	static
vl53l0x_api.c:2140:15:VL53L0X_PerformOffsetCalibration	32	static
vl53l0x_api.c:2153:15:VL53L0X_CheckAndLoadInterruptSettings	32	static
vl53l0x_api.c:2199:15:VL53L0X_StartMeasurement	32	static
vl53l0x_api.c:2282:15:VL53L0X_StopMeasurement	24	static
vl53l0x_api.c:2309:15:VL53L0X_GetMeasurementDataReady	24	static
vl53l0x_api.c:2344:15:VL53L0X_WaitDeviceReadyForNewMeasurement	24	static
vl53l0x_api.c:2357:15:VL53L0X_GetRangingMeasurementData	104	static
vl53l0x_api.c:2512:15:VL53L0X_GetMeasurementRefSignal	24	static
vl53l0x_api.c:2532:15:VL53L0X_GetHistogramMeasurementData	24	static
vl53l0x_api.c:2542:15:VL53L0X_PerformSingleRangingMeasurement	24	static
vl53l0x_api.c:2570:15:VL53L0X_SetNumberOfROIZones	24	static
vl53l0x_api.c:2585:15:VL53L0X_GetNumberOfROIZones	24	static
vl53l0x_api.c:2598:15:VL53L0X_GetMaxNumberOfROIZones	24	static
vl53l0x_api.c:2613:15:VL53L0X_SetGpioConfig	24	static
vl53l0x_api.c:2708:15:VL53L0X_GetGpioConfig	32	static
vl53l0x_api.c:2779:15:VL53L0X_SetInterruptThresholds	32	static
vl53l0x_api.c:2803:15:VL53L0X_GetInterruptThresholds	32	static
vl53l0x_api.c:2829:15:VL53L0X_GetStopCompletedStatus	24	static
vl53l0x_api.c:2862:15:VL53L0X_ClearInterruptMask	24	static
vl53l0x_api.c:2891:15:VL53L0X_GetInterruptMaskStatus	24	static
vl53l0x_api.c:2908:15:VL53L0X_EnableInterruptMask	24	static
vl53l0x_api.c:2923:15:VL53L0X_SetSpadAmbientDamperThreshold	24	static
vl53l0x_api.c:2937:15:VL53L0X_GetSpadAmbientDamperThreshold	24	static
vl53l0x_api.c:2951:15:VL53L0X_SetSpadAmbientDamperFactor	24	static
vl53l0x_api.c:2968:15:VL53L0X_GetSpadAmbientDamperFactor	24	static
vl53l0x_api.c:2990:15:VL53L0X_SetReferenceSpads	32	static
vl53l0x_api.c:3003:15:VL53L0X_GetReferenceSpads	32	static
vl53l0x_api.c:3016:15:VL53L0X_PerformRefSpadManagement	32	static
