Archive member included to satisfy reference by file (symbol)

c:/program files (x86)/atollic/truestudio for stm32 9.0.0/armtools/bin/../lib/gcc/arm-atollic-eabi/6.3.1/../../../../arm-atollic-eabi/lib/armv7e-m/fpu\libc_nano.a(lib_a-init.o)
                              src\startup_stm32f40xx.o (__libc_init_array)
c:/program files (x86)/atollic/truestudio for stm32 9.0.0/armtools/bin/../lib/gcc/arm-atollic-eabi/6.3.1/../../../../arm-atollic-eabi/lib/armv7e-m/fpu\libc_nano.a(lib_a-malloc.o)
                              src\main.o (malloc)
c:/program files (x86)/atollic/truestudio for stm32 9.0.0/armtools/bin/../lib/gcc/arm-atollic-eabi/6.3.1/../../../../arm-atollic-eabi/lib/armv7e-m/fpu\libc_nano.a(lib_a-memcpy-stub.o)
                              src\vl53l0x_api_calibration.o (memcpy)
c:/program files (x86)/atollic/truestudio for stm32 9.0.0/armtools/bin/../lib/gcc/arm-atollic-eabi/6.3.1/../../../../arm-atollic-eabi/lib/armv7e-m/fpu\libc_nano.a(lib_a-memset.o)
                              src\vl53l0x_api.o (memset)
c:/program files (x86)/atollic/truestudio for stm32 9.0.0/armtools/bin/../lib/gcc/arm-atollic-eabi/6.3.1/../../../../arm-atollic-eabi/lib/armv7e-m/fpu\libc_nano.a(lib_a-nano-freer.o)
                              c:/program files (x86)/atollic/truestudio for stm32 9.0.0/armtools/bin/../lib/gcc/arm-atollic-eabi/6.3.1/../../../../arm-atollic-eabi/lib/armv7e-m/fpu\libc_nano.a(lib_a-malloc.o) (_free_r)
c:/program files (x86)/atollic/truestudio for stm32 9.0.0/armtools/bin/../lib/gcc/arm-atollic-eabi/6.3.1/../../../../arm-atollic-eabi/lib/armv7e-m/fpu\libc_nano.a(lib_a-nano-mallocr.o)
                              c:/program files (x86)/atollic/truestudio for stm32 9.0.0/armtools/bin/../lib/gcc/arm-atollic-eabi/6.3.1/../../../../arm-atollic-eabi/lib/armv7e-m/fpu\libc_nano.a(lib_a-malloc.o) (_malloc_r)
c:/program files (x86)/atollic/truestudio for stm32 9.0.0/armtools/bin/../lib/gcc/arm-atollic-eabi/6.3.1/../../../../arm-atollic-eabi/lib/armv7e-m/fpu\libc_nano.a(lib_a-sbrkr.o)
                              c:/program files (x86)/atollic/truestudio for stm32 9.0.0/armtools/bin/../lib/gcc/arm-atollic-eabi/6.3.1/../../../../arm-atollic-eabi/lib/armv7e-m/fpu\libc_nano.a(lib_a-nano-mallocr.o) (_sbrk_r)
c:/program files (x86)/atollic/truestudio for stm32 9.0.0/armtools/bin/../lib/gcc/arm-atollic-eabi/6.3.1/../../../../arm-atollic-eabi/lib/armv7e-m/fpu\libc_nano.a(lib_a-strlen.o)
                              src\tiny_printf.o (strlen)
c:/program files (x86)/atollic/truestudio for stm32 9.0.0/armtools/bin/../lib/gcc/arm-atollic-eabi/6.3.1/../../../../arm-atollic-eabi/lib/armv7e-m/fpu\libc_nano.a(lib_a-impure.o)
                              c:/program files (x86)/atollic/truestudio for stm32 9.0.0/armtools/bin/../lib/gcc/arm-atollic-eabi/6.3.1/../../../../arm-atollic-eabi/lib/armv7e-m/fpu\libc_nano.a(lib_a-malloc.o) (_impure_ptr)
c:/program files (x86)/atollic/truestudio for stm32 9.0.0/armtools/bin/../lib/gcc/arm-atollic-eabi/6.3.1/../../../../arm-atollic-eabi/lib/armv7e-m/fpu\libc_nano.a(lib_a-mlock.o)
                              c:/program files (x86)/atollic/truestudio for stm32 9.0.0/armtools/bin/../lib/gcc/arm-atollic-eabi/6.3.1/../../../../arm-atollic-eabi/lib/armv7e-m/fpu\libc_nano.a(lib_a-nano-freer.o) (__malloc_lock)
c:/program files (x86)/atollic/truestudio for stm32 9.0.0/armtools/bin/../lib/gcc/arm-atollic-eabi/6.3.1/../../../../arm-atollic-eabi/lib/armv7e-m/fpu\libc_nano.a(lib_a-reent.o)
                              c:/program files (x86)/atollic/truestudio for stm32 9.0.0/armtools/bin/../lib/gcc/arm-atollic-eabi/6.3.1/../../../../arm-atollic-eabi/lib/armv7e-m/fpu\libc_nano.a(lib_a-sbrkr.o) (errno)
c:/program files (x86)/atollic/truestudio for stm32 9.0.0/armtools/bin/../lib/gcc/arm-atollic-eabi/6.3.1/../../../../arm-atollic-eabi/lib/armv7e-m/fpu\libnosys.a(sbrk.o)
                              c:/program files (x86)/atollic/truestudio for stm32 9.0.0/armtools/bin/../lib/gcc/arm-atollic-eabi/6.3.1/../../../../arm-atollic-eabi/lib/armv7e-m/fpu\libc_nano.a(lib_a-sbrkr.o) (_sbrk)
c:/program files (x86)/atollic/truestudio for stm32 9.0.0/armtools/bin/../lib/gcc/arm-atollic-eabi/6.3.1/../../../../arm-atollic-eabi/lib/armv7e-m/fpu\libnosys.a(write.o)
                              src\tiny_printf.o (_write)

Allocating common symbols
Common symbol       size              file

errno               0x4               c:/program files (x86)/atollic/truestudio for stm32 9.0.0/armtools/bin/../lib/gcc/arm-atollic-eabi/6.3.1/../../../../arm-atollic-eabi/lib/armv7e-m/fpu\libc_nano.a(lib_a-reent.o)
received_data       0x2               src\main.o
received_string     0x21              src\main.o

Discarded input sections

 .text          0x00000000        0x0 c:/program files (x86)/atollic/truestudio for stm32 9.0.0/armtools/bin/../lib/gcc/arm-atollic-eabi/6.3.1/armv7e-m/fpu/crti.o
[...]
Memory Configuration

Name             Origin             Length             Attributes
FLASH            0x08000000         0x00100000         xr
RAM              0x20000000         0x00020000         xrw
MEMORY_B1        0x60000000         0x00000000         xr
CCMRAM           0x10000000         0x00010000         rw
*default*        0x00000000         0xffffffff

Linker script and memory map

LOAD c:/program files (x86)/atollic/truestudio for stm32 9.0.0/armtools/bin/../lib/gcc/arm-atollic-eabi/6.3.1/armv7e-m/fpu/crti.o
LOAD c:/program files (x86)/atollic/truestudio for stm32 9.0.0/armtools/bin/../lib/gcc/arm-atollic-eabi/6.3.1/armv7e-m/fpu/crtbegin.o
LOAD Libraries\STM32F4xx_StdPeriph_Driver\src\misc.o
LOAD Libraries\STM32F4xx_StdPeriph_Driver\src\stm32f4xx_adc.o
LOAD Libraries\STM32F4xx_StdPeriph_Driver\src\stm32f4xx_can.o
LOAD Libraries\STM32F4xx_StdPeriph_Driver\src\stm32f4xx_crc.o
LOAD Libraries\STM32F4xx_StdPeriph_Driver\src\stm32f4xx_cryp.o
LOAD Libraries\STM32F4xx_StdPeriph_Driver\src\stm32f4xx_cryp_aes.o
LOAD Libraries\STM32F4xx_StdPeriph_Driver\src\stm32f4xx_cryp_des.o
LOAD Libraries\STM32F4xx_StdPeriph_Driver\src\stm32f4xx_cryp_tdes.o
LOAD Libraries\STM32F4xx_StdPeriph_Driver\src\stm32f4xx_dac.o
LOAD Libraries\STM32F4xx_StdPeriph_Driver\src\stm32f4xx_dbgmcu.o
LOAD Libraries\STM32F4xx_StdPeriph_Driver\src\stm32f4xx_dcmi.o
LOAD Libraries\STM32F4xx_StdPeriph_Driver\src\stm32f4xx_dma.o
LOAD Libraries\STM32F4xx_StdPeriph_Driver\src\stm32f4xx_exti.o
LOAD Libraries\STM32F4xx_StdPeriph_Driver\src\stm32f4xx_flash.o
LOAD Libraries\STM32F4xx_StdPeriph_Driver\src\stm32f4xx_fsmc.o
LOAD Libraries\STM32F4xx_StdPeriph_Driver\src\stm32f4xx_gpio.o
LOAD Libraries\STM32F4xx_StdPeriph_Driver\src\stm32f4xx_hash.o
LOAD Libraries\STM32F4xx_StdPeriph_Driver\src\stm32f4xx_hash_md5.o
LOAD Libraries\STM32F4xx_StdPeriph_Driver\src\stm32f4xx_hash_sha1.o
LOAD Libraries\STM32F4xx_StdPeriph_Driver\src\stm32f4xx_i2c.o
LOAD Libraries\STM32F4xx_StdPeriph_Driver\src\stm32f4xx_iwdg.o
LOAD Libraries\STM32F4xx_StdPeriph_Driver\src\stm32f4xx_pwr.o
LOAD Libraries\STM32F4xx_StdPeriph_Driver\src\stm32f4xx_rcc.o
LOAD Libraries\STM32F4xx_StdPeriph_Driver\src\stm32f4xx_rng.o
LOAD Libraries\STM32F4xx_StdPeriph_Driver\src\stm32f4xx_rtc.o
LOAD Libraries\STM32F4xx_StdPeriph_Driver\src\stm32f4xx_sdio.o
LOAD Libraries\STM32F4xx_StdPeriph_Driver\src\stm32f4xx_spi.o
LOAD Libraries\STM32F4xx_StdPeriph_Driver\src\stm32f4xx_syscfg.o
LOAD Libraries\STM32F4xx_StdPeriph_Driver\src\stm32f4xx_tim.o
LOAD Libraries\STM32F4xx_StdPeriph_Driver\src\stm32f4xx_usart.o
LOAD Libraries\STM32F4xx_StdPeriph_Driver\src\stm32f4xx_wwdg.o
LOAD src\main.o
LOAD src\startup_stm32f40xx.o
LOAD src\stm32f4xx_it.o
LOAD src\system_stm32f4xx.o
LOAD src\tiny_printf.o
LOAD src\tm_stm32f4_gpio.o
LOAD src\tm_stm32f4_i2c.o
LOAD src\vl53l0x_api.o
LOAD src\vl53l0x_api_calibration.o
LOAD src\vl53l0x_api_core.o
LOAD src\vl53l0x_api_ranging.o
LOAD src\vl53l0x_api_strings.o
LOAD src\vl53l0x_i2c_platform.o
LOAD src\vl53l0x_platform.o
                0x00000080                malloc_getpagesize_P = 0x80
START GROUP
LOAD c:/program files (x86)/atollic/truestudio for stm32 9.0.0/armtools/bin/../lib/gcc/arm-atollic-eabi/6.3.1/../../../../arm-atollic-eabi/lib/armv7e-m/fpu\libc_nano.a
LOAD c:/program files (x86)/atollic/truestudio for stm32 9.0.0/armtools/bin/../lib/gcc/arm-atollic-eabi/6.3.1/../../../../arm-atollic-eabi/lib/armv7e-m/fpu\libm.a
END GROUP
START GROUP
LOAD c:/program files (x86)/atollic/truestudio for stm32 9.0.0/armtools/bin/../lib/gcc/arm-atollic-eabi/6.3.1/armv7e-m/fpu\libgcc.a
LOAD c:/program files (x86)/atollic/truestudio for stm32 9.0.0/armtools/bin/../lib/gcc/arm-atollic-eabi/6.3.1/../../../../arm-atollic-eabi/lib/armv7e-m/fpu\libc_nano.a
END GROUP
START GROUP
LOAD c:/program files (x86)/atollic/truestudio for stm32 9.0.0/armtools/bin/../lib/gcc/arm-atollic-eabi/6.3.1/armv7e-m/fpu\libgcc.a
LOAD c:/program files (x86)/atollic/truestudio for stm32 9.0.0/armtools/bin/../lib/gcc/arm-atollic-eabi/6.3.1/../../../../arm-atollic-eabi/lib/armv7e-m/fpu\libc_nano.a
LOAD c:/program files (x86)/atollic/truestudio for stm32 9.0.0/armtools/bin/../lib/gcc/arm-atollic-eabi/6.3.1/../../../../arm-atollic-eabi/lib/armv7e-m/fpu\libnosys.a
END GROUP
START GROUP
LOAD c:/program files (x86)/atollic/truestudio for stm32 9.0.0/armtools/bin/../lib/gcc/arm-atollic-eabi/6.3.1/armv7e-m/fpu\libgcc.a
LOAD c:/program files (x86)/atollic/truestudio for stm32 9.0.0/armtools/bin/../lib/gcc/arm-atollic-eabi/6.3.1/../../../../arm-atollic-eabi/lib/armv7e-m/fpu\libc_nano.a
LOAD c:/program files (x86)/atollic/truestudio for stm32 9.0.0/armtools/bin/../lib/gcc/arm-atollic-eabi/6.3.1/../../../../arm-atollic-eabi/lib/armv7e-m/fpu\libnosys.a
END GROUP
LOAD c:/program files (x86)/atollic/truestudio for stm32 9.0.0/armtools/bin/../lib/gcc/arm-atollic-eabi/6.3.1/armv7e-m/fpu/crtend.o
LOAD c:/program files (x86)/atollic/truestudio for stm32 9.0.0/armtools/bin/../lib/gcc/arm-atollic-eabi/6.3.1/armv7e-m/fpu/crtn.o
                0x20020000                _estack = 0x20020000
                0x00000000                _Min_Heap_Size = 0x0
                0x00000400                _Min_Stack_Size = 0x400

.isr_vector     0x08000000      0x188
                0x08000000                . = ALIGN (0x4)
 *(.isr_vector)
 .isr_vector    0x08000000      0x188 src\startup_stm32f40xx.o
                0x08000000                g_pfnVectors
                0x08000188                . = ALIGN (0x4)

.text           0x08000188     0x6a34
                0x08000188                . = ALIGN (0x4)
 *(.text)
 .text          0x08000188       0x40 c:/program files (x86)/atollic/truestudio for stm32 9.0.0/armtools/bin/../lib/gcc/arm-atollic-eabi/6.3.1/armv7e-m/fpu/crtbegin.o
 *(.text*)
 .text.ADC_SoftwareStartConv
                0x080001c8       0x20 Libraries\STM32F4xx_StdPeriph_Driver\src\stm32f4xx_adc.o
                0x080001c8                ADC_SoftwareStartConv
 .text.ADC_GetConversionValue
                0x080001e8       0x1a Libraries\STM32F4xx_StdPeriph_Driver\src\stm32f4xx_adc.o
                0x080001e8                ADC_GetConversionValue
 .text.ADC_GetFlagStatus
                0x08000202       0x34 Libraries\STM32F4xx_StdPeriph_Driver\src\stm32f4xx_adc.o
                0x08000202                ADC_GetFlagStatus
 *fill*         0x08000236        0x2 
 .text.EXTI_GetITStatus
                0x08000238       0x48 Libraries\STM32F4xx_StdPeriph_Driver\src\stm32f4xx_exti.o
                0x08000238                EXTI_GetITStatus
 .text.EXTI_ClearITPendingBit
                0x08000280       0x20 Libraries\STM32F4xx_StdPeriph_Driver\src\stm32f4xx_exti.o
                0x08000280                EXTI_ClearITPendingBit
 .text.GPIO_Init
                0x080002a0      0x11c Libraries\STM32F4xx_StdPeriph_Driver\src\stm32f4xx_gpio.o
                0x080002a0                GPIO_Init
 .text.GPIO_PinAFConfig
                0x080003bc       0x92 Libraries\STM32F4xx_StdPeriph_Driver\src\stm32f4xx_gpio.o
                0x080003bc                GPIO_PinAFConfig
 *fill*         0x0800044e        0x2 
 .text.I2C_Init
                0x08000450      0x184 Libraries\STM32F4xx_StdPeriph_Driver\src\stm32f4xx_i2c.o
                0x08000450                I2C_Init
 .text.I2C_CheckEvent
                0x080005d4       0x60 Libraries\STM32F4xx_StdPeriph_Driver\src\stm32f4xx_i2c.o
                0x080005d4                I2C_CheckEvent
 .text.RCC_GetClocksFreq
                0x08000634      0x150 Libraries\STM32F4xx_StdPeriph_Driver\src\stm32f4xx_rcc.o
                0x08000634                RCC_GetClocksFreq
 .text.RCC_AHB1PeriphClockCmd
                0x08000784       0x40 Libraries\STM32F4xx_StdPeriph_Driver\src\stm32f4xx_rcc.o
                0x08000784                RCC_AHB1PeriphClockCmd
 .text.RCC_APB1PeriphClockCmd
                0x080007c4       0x40 Libraries\STM32F4xx_StdPeriph_Driver\src\stm32f4xx_rcc.o
                0x080007c4                RCC_APB1PeriphClockCmd
 .text.TIM_TimeBaseInit
                0x08000804       0xd8 Libraries\STM32F4xx_StdPeriph_Driver\src\stm32f4xx_tim.o
                0x08000804                TIM_TimeBaseInit
 .text.TIM_Cmd  0x080008dc       0x40 Libraries\STM32F4xx_StdPeriph_Driver\src\stm32f4xx_tim.o
                0x080008dc                TIM_Cmd
 .text.TIM_OC1Init
                0x0800091c       0xf4 Libraries\STM32F4xx_StdPeriph_Driver\src\stm32f4xx_tim.o
                0x0800091c                TIM_OC1Init
 .text.TIM_OC2Init
                0x08000a10      0x110 Libraries\STM32F4xx_StdPeriph_Driver\src\stm32f4xx_tim.o
                0x08000a10                TIM_OC2Init
 .text.TIM_OC3Init
                0x08000b20      0x10c Libraries\STM32F4xx_StdPeriph_Driver\src\stm32f4xx_tim.o
                0x08000b20                TIM_OC3Init
 .text.TIM_OC4Init
                0x08000c2c       0xd0 Libraries\STM32F4xx_StdPeriph_Driver\src\stm32f4xx_tim.o
                0x08000c2c                TIM_OC4Init
 .text.TIM_OC1PreloadConfig
                0x08000cfc       0x38 Libraries\STM32F4xx_StdPeriph_Driver\src\stm32f4xx_tim.o
                0x08000cfc                TIM_OC1PreloadConfig
 .text.TIM_OC2PreloadConfig
                0x08000d34       0x3c Libraries\STM32F4xx_StdPeriph_Driver\src\stm32f4xx_tim.o
                0x08000d34                TIM_OC2PreloadConfig
 .text.TIM_OC3PreloadConfig
                0x08000d70       0x38 Libraries\STM32F4xx_StdPeriph_Driver\src\stm32f4xx_tim.o
                0x08000d70                TIM_OC3PreloadConfig
 .text.TIM_OC4PreloadConfig
                0x08000da8       0x3c Libraries\STM32F4xx_StdPeriph_Driver\src\stm32f4xx_tim.o
                0x08000da8                TIM_OC4PreloadConfig
 .text.USART_SendData
                0x08000de4       0x24 Libraries\STM32F4xx_StdPeriph_Driver\src\stm32f4xx_usart.o
                0x08000de4                USART_SendData
 .text.USART_GetITStatus
                0x08000e08       0xb6 Libraries\STM32F4xx_StdPeriph_Driver\src\stm32f4xx_usart.o
                0x08000e08                USART_GetITStatus
 .text.Delay    0x08000ebe       0x20 src\main.o
                0x08000ebe                Delay
 .text.USART_puts
                0x08000ede       0x46 src\main.o
                0x08000ede                USART_puts
 .text.TM_LEDS_Init
                0x08000f24       0x64 src\main.o
                0x08000f24                TM_LEDS_Init
 .text.TM_TIMER_Init
                0x08000f88       0x44 src\main.o
                0x08000f88                TM_TIMER_Init
 .text.TM_PWM_Init
                0x08000fcc       0x80 src\main.o
                0x08000fcc                TM_PWM_Init
 .text.ADC_Read
                0x0800104c       0x2c src\main.o
                0x0800104c                ADC_Read
 .text.WaitMeasurementDataReady
                0x08001078       0x66 src\main.o
                0x08001078                WaitMeasurementDataReady
 .text.WaitStopCompleted
                0x080010de       0x66 src\main.o
                0x080010de                WaitStopCompleted
 .text.rangeInit
                0x08001144       0x86 src\main.o
                0x08001144                rangeInit
 .text.range    0x080011ca      0x104 src\main.o
                0x080011ca                range
 *fill*         0x080012ce        0x2 
 .text.Init_Rangefinders
                0x080012d0       0xbc src\main.o
                0x080012d0                Init_Rangefinders
 .text.buzz     0x0800138c       0x2c src\main.o
                0x0800138c                buzz
 .text.flagReset
                0x080013b8       0x2c src\main.o
                0x080013b8                flagReset
 .text.main     0x080013e4      0x11c src\main.o
                0x080013e4                main
 .text.USART1_IRQHandler
                0x08001500       0x60 src\main.o
                0x08001500                USART1_IRQHandler
 .text.EXTI4_IRQHandler
                0x08001560      0x118 src\main.o
                0x08001560                EXTI4_IRQHandler
 .text.Reset_Handler
                0x08001678       0x50 src\startup_stm32f40xx.o
                0x08001678                Reset_Handler
 .text.Default_Handler
                0x080016c8        0x2 src\startup_stm32f40xx.o
                0x080016c8                RTC_Alarm_IRQHandler
                0x080016c8                HASH_RNG_IRQHandler
                0x080016c8                EXTI2_IRQHandler
                0x080016c8                TIM8_CC_IRQHandler
                0x080016c8                TIM1_CC_IRQHandler
                0x080016c8                DMA2_Stream5_IRQHandler
                0x080016c8                DMA1_Stream5_IRQHandler
                0x080016c8                PVD_IRQHandler
                0x080016c8                SDIO_IRQHandler
                0x080016c8                TAMP_STAMP_IRQHandler
                0x080016c8                CAN2_RX1_IRQHandler
                0x080016c8                EXTI3_IRQHandler
                0x080016c8                TIM8_TRG_COM_TIM14_IRQHandler
                0x080016c8                TIM1_UP_TIM10_IRQHandler
                0x080016c8                TIM8_UP_TIM13_IRQHandler
                0x080016c8                I2C3_ER_IRQHandler
                0x080016c8                EXTI0_IRQHandler
                0x080016c8                I2C2_EV_IRQHandler
                0x080016c8                DMA1_Stream2_IRQHandler
                0x080016c8                CAN1_RX0_IRQHandler
                0x080016c8                FPU_IRQHandler
                0x080016c8                OTG_HS_WKUP_IRQHandler
                0x080016c8                CAN2_SCE_IRQHandler
                0x080016c8                DMA2_Stream2_IRQHandler
                0x080016c8                SPI1_IRQHandler
                0x080016c8                TIM6_DAC_IRQHandler
                0x080016c8                TIM1_BRK_TIM9_IRQHandler
                0x080016c8                DCMI_IRQHandler
                0x080016c8                CAN2_RX0_IRQHandler
                0x080016c8                DMA2_Stream3_IRQHandler
                0x080016c8                USART6_IRQHandler
                0x080016c8                USART3_IRQHandler
                0x080016c8                CRYP_IRQHandler
                0x080016c8                CAN1_RX1_IRQHandler
                0x080016c8                UART5_IRQHandler
                0x080016c8                DMA2_Stream0_IRQHandler
                0x080016c8                TIM4_IRQHandler
                0x080016c8                I2C1_EV_IRQHandler
                0x080016c8                DMA1_Stream6_IRQHandler
                0x080016c8                DMA1_Stream1_IRQHandler
                0x080016c8                UART4_IRQHandler
                0x080016c8                TIM3_IRQHandler
                0x080016c8                RCC_IRQHandler
                0x080016c8                TIM8_BRK_TIM12_IRQHandler
                0x080016c8                Default_Handler
                0x080016c8                EXTI15_10_IRQHandler
                0x080016c8                ADC_IRQHandler
                0x080016c8                DMA1_Stream7_IRQHandler
                0x080016c8                TIM7_IRQHandler
                0x080016c8                CAN2_TX_IRQHandler
                0x080016c8                TIM5_IRQHandler
                0x080016c8                DMA2_Stream7_IRQHandler
                0x080016c8                I2C3_EV_IRQHandler
                0x080016c8                EXTI9_5_IRQHandler
                0x080016c8                RTC_WKUP_IRQHandler
                0x080016c8                ETH_WKUP_IRQHandler
                0x080016c8                SPI2_IRQHandler
                0x080016c8                OTG_HS_EP1_IN_IRQHandler
                0x080016c8                DMA1_Stream0_IRQHandler
                0x080016c8                CAN1_TX_IRQHandler
                0x080016c8                FSMC_IRQHandler
                0x080016c8                ETH_IRQHandler
                0x080016c8                OTG_HS_EP1_OUT_IRQHandler
                0x080016c8                WWDG_IRQHandler
                0x080016c8                TIM2_IRQHandler
                0x080016c8                OTG_FS_WKUP_IRQHandler
                0x080016c8                TIM1_TRG_COM_TIM11_IRQHandler
                0x080016c8                OTG_HS_IRQHandler
                0x080016c8                EXTI1_IRQHandler
                0x080016c8                USART2_IRQHandler
                0x080016c8                I2C2_ER_IRQHandler
                0x080016c8                DMA2_Stream1_IRQHandler
                0x080016c8                CAN1_SCE_IRQHandler
                0x080016c8                FLASH_IRQHandler
                0x080016c8                DMA2_Stream4_IRQHandler
                0x080016c8                OTG_FS_IRQHandler
                0x080016c8                SPI3_IRQHandler
                0x080016c8                DMA1_Stream4_IRQHandler
                0x080016c8                I2C1_ER_IRQHandler
                0x080016c8                DMA2_Stream6_IRQHandler
                0x080016c8                DMA1_Stream3_IRQHandler
 .text.NMI_Handler
                0x080016ca        0xe src\stm32f4xx_it.o
                0x080016ca                NMI_Handler
 .text.HardFault_Handler
                0x080016d8        0x6 src\stm32f4xx_it.o
                0x080016d8                HardFault_Handler
 .text.MemManage_Handler
                0x080016de        0x6 src\stm32f4xx_it.o
                0x080016de                MemManage_Handler
 .text.BusFault_Handler
                0x080016e4        0x6 src\stm32f4xx_it.o
                0x080016e4                BusFault_Handler
 .text.UsageFault_Handler
                0x080016ea        0x6 src\stm32f4xx_it.o
                0x080016ea                UsageFault_Handler
 .text.SVC_Handler
                0x080016f0        0xe src\stm32f4xx_it.o
                0x080016f0                SVC_Handler
 .text.DebugMon_Handler
                0x080016fe        0xe src\stm32f4xx_it.o
                0x080016fe                DebugMon_Handler
 .text.PendSV_Handler
                0x0800170c        0xe src\stm32f4xx_it.o
                0x0800170c                PendSV_Handler
 .text.SysTick_Handler
                0x0800171a        0xe src\stm32f4xx_it.o
                0x0800171a                SysTick_Handler
 .text.SystemInit
                0x08001728       0x6c src\system_stm32f4xx.o
                0x08001728                SystemInit
 .text.SetSysClock
                0x08001794       0xf8 src\system_stm32f4xx.o
 .text.TM_GPIO_Init
                0x0800188c       0x46 src\tm_stm32f4_gpio.o
                0x0800188c                TM_GPIO_Init
 .text.TM_GPIO_InitAlternate
                0x080018d2       0xa6 src\tm_stm32f4_gpio.o
                0x080018d2                TM_GPIO_InitAlternate
 .text.TM_GPIO_GetPortSource
                0x08001978       0x22 src\tm_stm32f4_gpio.o
                0x08001978                TM_GPIO_GetPortSource
 *fill*         0x0800199a        0x2 
 .text.TM_GPIO_INT_EnableClock
                0x0800199c       0x30 src\tm_stm32f4_gpio.o
                0x0800199c                TM_GPIO_INT_EnableClock
 .text.TM_GPIO_INT_Init
                0x080019cc      0x10c src\tm_stm32f4_gpio.o
                0x080019cc                TM_GPIO_INT_Init
 .text.TM_I2C_Init
                0x08001ad8      0x138 src\tm_stm32f4_i2c.o
                0x08001ad8                TM_I2C_Init
 .text.TM_I2C_ReadMulti
                0x08001c10       0x76 src\tm_stm32f4_i2c.o
                0x08001c10                TM_I2C_ReadMulti
 .text.TM_I2C_WriteMulti
                0x08001c86       0x52 src\tm_stm32f4_i2c.o
                0x08001c86                TM_I2C_WriteMulti
 .text.TM_I2C_InitCustomPinsCallback
                0x08001cd8       0x18 src\tm_stm32f4_i2c.o
                0x08001cd8                TM_I2C_InitCustomPinsCallback
 .text.TM_I2C_Start
                0x08001cf0      0x114 src\tm_stm32f4_i2c.o
                0x08001cf0                TM_I2C_Start
 .text.TM_I2C_WriteData
                0x08001e04       0x50 src\tm_stm32f4_i2c.o
                0x08001e04                TM_I2C_WriteData
 .text.TM_I2C_ReadAck
                0x08001e54       0x60 src\tm_stm32f4_i2c.o
                0x08001e54                TM_I2C_ReadAck
 .text.TM_I2C_ReadNack
                0x08001eb4       0x70 src\tm_stm32f4_i2c.o
                0x08001eb4                TM_I2C_ReadNack
 .text.TM_I2C_Stop
                0x08001f24       0x68 src\tm_stm32f4_i2c.o
                0x08001f24                TM_I2C_Stop
 .text.TM_I2C1_INT_InitPins
                0x08001f8c       0x7c src\tm_stm32f4_i2c.o
 .text.TM_I2C2_INT_InitPins
                0x08002008       0x80 src\tm_stm32f4_i2c.o
 .text.TM_I2C3_INT_InitPins
                0x08002088       0x80 src\tm_stm32f4_i2c.o
 .text.VL53L0X_GetOffsetCalibrationDataMicroMeter
                0x08002108       0x26 src\vl53l0x_api.o
                0x08002108                VL53L0X_GetOffsetCalibrationDataMicroMeter
 .text.VL53L0X_SetLinearityCorrectiveGain
                0x0800212e       0x54 src\vl53l0x_api.o
                0x0800212e                VL53L0X_SetLinearityCorrectiveGain
 .text.VL53L0X_SetDeviceAddress
                0x08002182       0x30 src\vl53l0x_api.o
                0x08002182                VL53L0X_SetDeviceAddress
 *fill*         0x080021b2        0x2 
 .text.VL53L0X_StaticInit
                0x080021b4      0x304 src\vl53l0x_api.o
                0x080021b4                VL53L0X_StaticInit
 .text.VL53L0X_GetDeviceParameters
                0x080024b8      0x120 src\vl53l0x_api.o
                0x080024b8                VL53L0X_GetDeviceParameters
 .text.VL53L0X_SetDeviceMode
                0x080025d8       0x90 src\vl53l0x_api.o
                0x080025d8                VL53L0X_SetDeviceMode
 .text.VL53L0X_GetDeviceMode
                0x08002668       0x26 src\vl53l0x_api.o
                0x08002668                VL53L0X_GetDeviceMode
 .text.VL53L0X_GetFractionEnable
                0x0800268e       0x3e src\vl53l0x_api.o
                0x0800268e                VL53L0X_GetFractionEnable
 .text.VL53L0X_SetMeasurementTimingBudgetMicroSeconds
                0x080026cc       0x26 src\vl53l0x_api.o
                0x080026cc                VL53L0X_SetMeasurementTimingBudgetMicroSeconds
 .text.VL53L0X_GetMeasurementTimingBudgetMicroSeconds
                0x080026f2       0x26 src\vl53l0x_api.o
                0x080026f2                VL53L0X_GetMeasurementTimingBudgetMicroSeconds
 .text.VL53L0X_GetVcselPulsePeriod
                0x08002718       0x2e src\vl53l0x_api.o
                0x08002718                VL53L0X_GetVcselPulsePeriod
 *fill*         0x08002746        0x2 
 .text.VL53L0X_SetSequenceStepEnable
                0x08002748      0x140 src\vl53l0x_api.o
                0x08002748                VL53L0X_SetSequenceStepEnable
 .text.sequence_step_enabled
                0x08002888       0xa4 src\vl53l0x_api.o
                0x08002888                sequence_step_enabled
 .text.VL53L0X_GetSequenceStepEnables
                0x0800292c       0xb0 src\vl53l0x_api.o
                0x0800292c                VL53L0X_GetSequenceStepEnables
 .text.VL53L0X_GetInterMeasurementPeriodMilliSeconds
                0x080029dc       0x68 src\vl53l0x_api.o
                0x080029dc                VL53L0X_GetInterMeasurementPeriodMilliSeconds
 .text.VL53L0X_GetXTalkCompensationEnable
                0x08002a44       0x2a src\vl53l0x_api.o
                0x08002a44                VL53L0X_GetXTalkCompensationEnable
 .text.VL53L0X_GetXTalkCompensationRateMegaCps
                0x08002a6e       0x66 src\vl53l0x_api.o
                0x08002a6e                VL53L0X_GetXTalkCompensationRateMegaCps
 .text.VL53L0X_GetLimitCheckEnable
                0x08002ad4       0x46 src\vl53l0x_api.o
                0x08002ad4                VL53L0X_GetLimitCheckEnable
 *fill*         0x08002b1a        0x2 
 .text.VL53L0X_GetLimitCheckValue
                0x08002b1c      0x11c src\vl53l0x_api.o
                0x08002b1c                VL53L0X_GetLimitCheckValue
 .text.VL53L0X_GetWrapAroundCheckEnable
                0x08002c38       0x64 src\vl53l0x_api.o
                0x08002c38                VL53L0X_GetWrapAroundCheckEnable
 .text.VL53L0X_PerformSingleMeasurement
                0x08002c9c       0x68 src\vl53l0x_api.o
                0x08002c9c                VL53L0X_PerformSingleMeasurement
 .text.VL53L0X_PerformRefCalibration
                0x08002d04       0x2c src\vl53l0x_api.o
                0x08002d04                VL53L0X_PerformRefCalibration
 .text.VL53L0X_CheckAndLoadInterruptSettings
                0x08002d30       0xcc src\vl53l0x_api.o
                0x08002d30                VL53L0X_CheckAndLoadInterruptSettings
 .text.VL53L0X_StartMeasurement
                0x08002dfc      0x17e src\vl53l0x_api.o
                0x08002dfc                VL53L0X_StartMeasurement
 .text.VL53L0X_StopMeasurement
                0x08002f7a       0x90 src\vl53l0x_api.o
                0x08002f7a                VL53L0X_StopMeasurement
 .text.VL53L0X_GetMeasurementDataReady
                0x0800300a       0x80 src\vl53l0x_api.o
                0x0800300a                VL53L0X_GetMeasurementDataReady
 *fill*         0x0800308a        0x2 
 .text.VL53L0X_GetRangingMeasurementData
                0x0800308c      0x24c src\vl53l0x_api.o
                0x0800308c                VL53L0X_GetRangingMeasurementData
 .text.VL53L0X_PerformSingleRangingMeasurement
                0x080032d8       0x60 src\vl53l0x_api.o
                0x080032d8                VL53L0X_PerformSingleRangingMeasurement
 .text.VL53L0X_SetGpioConfig
                0x08003338      0x244 src\vl53l0x_api.o
                0x08003338                VL53L0X_SetGpioConfig
 .text.VL53L0X_GetInterruptThresholds
                0x0800357c       0x6c src\vl53l0x_api.o
                0x0800357c                VL53L0X_GetInterruptThresholds
 .text.VL53L0X_GetStopCompletedStatus
                0x080035e8       0xd2 src\vl53l0x_api.o
                0x080035e8                VL53L0X_GetStopCompletedStatus
 .text.VL53L0X_ClearInterruptMask
                0x080036ba       0x80 src\vl53l0x_api.o
                0x080036ba                VL53L0X_ClearInterruptMask
 .text.VL53L0X_GetInterruptMaskStatus
                0x0800373a       0x44 src\vl53l0x_api.o
                0x0800373a                VL53L0X_GetInterruptMaskStatus
 .text.VL53L0X_PerformRefSpadManagement
                0x0800377e       0x2a src\vl53l0x_api.o
                0x0800377e                VL53L0X_PerformRefSpadManagement
 .text.VL53L0X_get_offset_calibration_data_micro_meter
                0x080037a8       0x7e src\vl53l0x_api_calibration.o
                0x080037a8                VL53L0X_get_offset_calibration_data_micro_meter
 .text.get_next_good_spad
                0x08003826       0xbc src\vl53l0x_api_calibration.o
                0x08003826                get_next_good_spad
 *fill*         0x080038e2        0x2 
 .text.is_aperture
                0x080038e4       0x34 src\vl53l0x_api_calibration.o
                0x080038e4                is_aperture
 .text.enable_spad_bit
                0x08003918       0x70 src\vl53l0x_api_calibration.o
                0x08003918                enable_spad_bit
 .text.set_ref_spad_map
                0x08003988       0x26 src\vl53l0x_api_calibration.o
                0x08003988                set_ref_spad_map
 .text.get_ref_spad_map
                0x080039ae       0x26 src\vl53l0x_api_calibration.o
                0x080039ae                get_ref_spad_map
 .text.enable_ref_spads
                0x080039d4       0xf8 src\vl53l0x_api_calibration.o
                0x080039d4                enable_ref_spads
 .text.perform_ref_signal_measurement
                0x08003acc       0xd4 src\vl53l0x_api_calibration.o
                0x08003acc                perform_ref_signal_measurement
 .text.VL53L0X_perform_ref_spad_management
                0x08003ba0      0x418 src\vl53l0x_api_calibration.o
                0x08003ba0                VL53L0X_perform_ref_spad_management
 .text.VL53L0X_set_reference_spads
                0x08003fb8      0x14a src\vl53l0x_api_calibration.o
                0x08003fb8                VL53L0X_set_reference_spads
 .text.VL53L0X_perform_single_ref_calibration
                0x08004102       0x76 src\vl53l0x_api_calibration.o
                0x08004102                VL53L0X_perform_single_ref_calibration
 .text.VL53L0X_ref_calibration_io
                0x08004178      0x132 src\vl53l0x_api_calibration.o
                0x08004178                VL53L0X_ref_calibration_io
 .text.VL53L0X_perform_vhv_calibration
                0x080042aa       0xce src\vl53l0x_api_calibration.o
                0x080042aa                VL53L0X_perform_vhv_calibration
 .text.VL53L0X_perform_phase_calibration
                0x08004378       0xca src\vl53l0x_api_calibration.o
                0x08004378                VL53L0X_perform_phase_calibration
 .text.VL53L0X_perform_ref_calibration
                0x08004442       0x7a src\vl53l0x_api_calibration.o
                0x08004442                VL53L0X_perform_ref_calibration
 .text.VL53L0X_measurement_poll_for_completion
                0x080044bc       0x60 src\vl53l0x_api_core.o
                0x080044bc                VL53L0X_measurement_poll_for_completion
 .text.VL53L0X_decode_vcsel_period
                0x0800451c       0x26 src\vl53l0x_api_core.o
                0x0800451c                VL53L0X_decode_vcsel_period
 .text.VL53L0X_isqrt
                0x08004542       0x68 src\vl53l0x_api_core.o
                0x08004542                VL53L0X_isqrt
 .text.VL53L0X_device_read_strobe
                0x080045aa       0x86 src\vl53l0x_api_core.o
                0x080045aa                VL53L0X_device_read_strobe
 .text.VL53L0X_get_info_from_device
                0x08004630      0x98e src\vl53l0x_api_core.o
                0x08004630                VL53L0X_get_info_from_device
 .text.VL53L0X_calc_macro_period_ps
                0x08004fbe       0x3a src\vl53l0x_api_core.o
                0x08004fbe                VL53L0X_calc_macro_period_ps
 .text.VL53L0X_encode_timeout
                0x08004ff8       0x58 src\vl53l0x_api_core.o
                0x08004ff8                VL53L0X_encode_timeout
 .text.VL53L0X_decode_timeout
                0x08005050       0x2c src\vl53l0x_api_core.o
                0x08005050                VL53L0X_decode_timeout
 .text.VL53L0X_calc_timeout_mclks
                0x0800507c       0x54 src\vl53l0x_api_core.o
                0x0800507c                VL53L0X_calc_timeout_mclks
 .text.VL53L0X_calc_timeout_us
                0x080050d0       0x54 src\vl53l0x_api_core.o
                0x080050d0                VL53L0X_calc_timeout_us
 .text.get_sequence_step_timeout
                0x08005124      0x1c2 src\vl53l0x_api_core.o
                0x08005124                get_sequence_step_timeout
 .text.set_sequence_step_timeout
                0x080052e6      0x1e4 src\vl53l0x_api_core.o
                0x080052e6                set_sequence_step_timeout
 .text.VL53L0X_get_vcsel_pulse_period
                0x080054ca       0x6e src\vl53l0x_api_core.o
                0x080054ca                VL53L0X_get_vcsel_pulse_period
 .text.VL53L0X_set_measurement_timing_budget_micro_seconds
                0x08005538      0x1c0 src\vl53l0x_api_core.o
                0x08005538                VL53L0X_set_measurement_timing_budget_micro_seconds
 .text.VL53L0X_get_measurement_timing_budget_micro_seconds
                0x080056f8      0x162 src\vl53l0x_api_core.o
                0x080056f8                VL53L0X_get_measurement_timing_budget_micro_seconds
 *fill*         0x0800585a        0x2 
 .text.VL53L0X_load_tuning_settings
                0x0800585c      0x1c4 src\vl53l0x_api_core.o
                0x0800585c                VL53L0X_load_tuning_settings
 .text.VL53L0X_get_total_xtalk_rate
                0x08005a20       0x5e src\vl53l0x_api_core.o
                0x08005a20                VL53L0X_get_total_xtalk_rate
 .text.VL53L0X_get_total_signal_rate
                0x08005a7e       0x4a src\vl53l0x_api_core.o
                0x08005a7e                VL53L0X_get_total_signal_rate
 .text.VL53L0X_calc_dmax
                0x08005ac8      0x240 src\vl53l0x_api_core.o
                0x08005ac8                VL53L0X_calc_dmax
 .text.VL53L0X_calc_sigma_estimate
                0x08005d08      0x4a4 src\vl53l0x_api_core.o
                0x08005d08                VL53L0X_calc_sigma_estimate
 .text.VL53L0X_get_pal_range_status
                0x080061ac      0x3b6 src\vl53l0x_api_core.o
                0x080061ac                VL53L0X_get_pal_range_status
 *fill*         0x08006562        0x2 
 .text.VL53L0X_write_multi
                0x08006564       0x34 src\vl53l0x_i2c_platform.o
                0x08006564                VL53L0X_write_multi
 .text.VL53L0X_read_multi
                0x08006598       0x34 src\vl53l0x_i2c_platform.o
                0x08006598                VL53L0X_read_multi
 .text.VL53L0X_write_byte
                0x080065cc       0x28 src\vl53l0x_i2c_platform.o
                0x080065cc                VL53L0X_write_byte
 .text.VL53L0X_write_word
                0x080065f4       0x3a src\vl53l0x_i2c_platform.o
                0x080065f4                VL53L0X_write_word
 .text.VL53L0X_read_byte
                0x0800662e       0x26 src\vl53l0x_i2c_platform.o
                0x0800662e                VL53L0X_read_byte
 .text.VL53L0X_read_word
                0x08006654       0x44 src\vl53l0x_i2c_platform.o
                0x08006654                VL53L0X_read_word
 .text.VL53L0X_read_dword
                0x08006698       0x64 src\vl53l0x_i2c_platform.o
                0x08006698                VL53L0X_read_dword
 .text.VL53L0X_WriteMulti
                0x080066fc       0x4e src\vl53l0x_platform.o
                0x080066fc                VL53L0X_WriteMulti
 .text.VL53L0X_ReadMulti
                0x0800674a       0x4a src\vl53l0x_platform.o
                0x0800674a                VL53L0X_ReadMulti
 .text.VL53L0X_WrByte
                0x08006794       0x40 src\vl53l0x_platform.o
                0x08006794                VL53L0X_WrByte
 .text.VL53L0X_WrWord
                0x080067d4       0x40 src\vl53l0x_platform.o
                0x080067d4                VL53L0X_WrWord
 .text.VL53L0X_UpdateByte
                0x08006814       0x7c src\vl53l0x_platform.o
                0x08006814                VL53L0X_UpdateByte
 .text.VL53L0X_RdByte
                0x08006890       0x3e src\vl53l0x_platform.o
                0x08006890                VL53L0X_RdByte
 .text.VL53L0X_RdWord
                0x080068ce       0x3e src\vl53l0x_platform.o
                0x080068ce                VL53L0X_RdWord
 .text.VL53L0X_RdDWord
                0x0800690c       0x3e src\vl53l0x_platform.o
                0x0800690c                VL53L0X_RdDWord
 .text.VL53L0X_PollingDelay
                0x0800694a       0x30 src\vl53l0x_platform.o
                0x0800694a                VL53L0X_PollingDelay
 *fill*         0x0800697a        0x2 
 .text.__libc_init_array
                0x0800697c       0x48 c:/program files (x86)/atollic/truestudio for stm32 9.0.0/armtools/bin/../lib/gcc/arm-atollic-eabi/6.3.1/../../../../arm-atollic-eabi/lib/armv7e-m/fpu\libc_nano.a(lib_a-init.o)
                0x0800697c                __libc_init_array
 .text.malloc   0x080069c4       0x10 c:/program files (x86)/atollic/truestudio for stm32 9.0.0/armtools/bin/../lib/gcc/arm-atollic-eabi/6.3.1/../../../../arm-atollic-eabi/lib/armv7e-m/fpu\libc_nano.a(lib_a-malloc.o)
                0x080069c4                malloc
 .text.free     0x080069d4       0x10 c:/program files (x86)/atollic/truestudio for stm32 9.0.0/armtools/bin/../lib/gcc/arm-atollic-eabi/6.3.1/../../../../arm-atollic-eabi/lib/armv7e-m/fpu\libc_nano.a(lib_a-malloc.o)
                0x080069d4                free
 .text.memcpy   0x080069e4       0x16 c:/program files (x86)/atollic/truestudio for stm32 9.0.0/armtools/bin/../lib/gcc/arm-atollic-eabi/6.3.1/../../../../arm-atollic-eabi/lib/armv7e-m/fpu\libc_nano.a(lib_a-memcpy-stub.o)
                0x080069e4                memcpy
 .text.memset   0x080069fa       0x10 c:/program files (x86)/atollic/truestudio for stm32 9.0.0/armtools/bin/../lib/gcc/arm-atollic-eabi/6.3.1/../../../../arm-atollic-eabi/lib/armv7e-m/fpu\libc_nano.a(lib_a-memset.o)
                0x080069fa                memset
 *fill*         0x08006a0a        0x2 
 .text._free_r  0x08006a0c       0x9c c:/program files (x86)/atollic/truestudio for stm32 9.0.0/armtools/bin/../lib/gcc/arm-atollic-eabi/6.3.1/../../../../arm-atollic-eabi/lib/armv7e-m/fpu\libc_nano.a(lib_a-nano-freer.o)
                0x08006a0c                _free_r
 .text._malloc_r
                0x08006aa8       0xbc c:/program files (x86)/atollic/truestudio for stm32 9.0.0/armtools/bin/../lib/gcc/arm-atollic-eabi/6.3.1/../../../../arm-atollic-eabi/lib/armv7e-m/fpu\libc_nano.a(lib_a-nano-mallocr.o)
                0x08006aa8                _malloc_r
 .text._sbrk_r  0x08006b64       0x20 c:/program files (x86)/atollic/truestudio for stm32 9.0.0/armtools/bin/../lib/gcc/arm-atollic-eabi/6.3.1/../../../../arm-atollic-eabi/lib/armv7e-m/fpu\libc_nano.a(lib_a-sbrkr.o)
                0x08006b64                _sbrk_r
 .text.__malloc_lock
                0x08006b84        0x2 c:/program files (x86)/atollic/truestudio for stm32 9.0.0/armtools/bin/../lib/gcc/arm-atollic-eabi/6.3.1/../../../../arm-atollic-eabi/lib/armv7e-m/fpu\libc_nano.a(lib_a-mlock.o)
                0x08006b84                __malloc_lock
 .text.__malloc_unlock
                0x08006b86        0x2 c:/program files (x86)/atollic/truestudio for stm32 9.0.0/armtools/bin/../lib/gcc/arm-atollic-eabi/6.3.1/../../../../arm-atollic-eabi/lib/armv7e-m/fpu\libc_nano.a(lib_a-mlock.o)
                0x08006b86                __malloc_unlock
 .text._sbrk    0x08006b88       0x1c c:/program files (x86)/atollic/truestudio for stm32 9.0.0/armtools/bin/../lib/gcc/arm-atollic-eabi/6.3.1/../../../../arm-atollic-eabi/lib/armv7e-m/fpu\libnosys.a(sbrk.o)
                0x08006b88                _sbrk
 *(.glue_7)
 .glue_7        0x08006ba4        0x0 linker stubs
 *(.glue_7t)
 .glue_7t       0x08006ba4        0x0 linker stubs
 *(.eh_frame)
 .eh_frame      0x08006ba4        0x0 c:/program files (x86)/atollic/truestudio for stm32 9.0.0/armtools/bin/../lib/gcc/arm-atollic-eabi/6.3.1/armv7e-m/fpu/crtbegin.o
 *(.init)
 .init          0x08006ba4        0x4 c:/program files (x86)/atollic/truestudio for stm32 9.0.0/armtools/bin/../lib/gcc/arm-atollic-eabi/6.3.1/armv7e-m/fpu/crti.o
                0x08006ba4                _init
 .init          0x08006ba8        0x8 c:/program files (x86)/atollic/truestudio for stm32 9.0.0/armtools/bin/../lib/gcc/arm-atollic-eabi/6.3.1/armv7e-m/fpu/crtn.o
 *(.fini)
 .fini          0x08006bb0        0x4 c:/program files (x86)/atollic/truestudio for stm32 9.0.0/armtools/bin/../lib/gcc/arm-atollic-eabi/6.3.1/armv7e-m/fpu/crti.o
                0x08006bb0                _fini
 .fini          0x08006bb4        0x8 c:/program files (x86)/atollic/truestudio for stm32 9.0.0/armtools/bin/../lib/gcc/arm-atollic-eabi/6.3.1/armv7e-m/fpu/crtn.o
                0x08006bbc                . = ALIGN (0x4)
                0x08006bbc                _etext = .

.vfp11_veneer   0x08006bbc        0x0
 .vfp11_veneer  0x08006bbc        0x0 linker stubs

.v4_bx          0x08006bbc        0x0
 .v4_bx         0x08006bbc        0x0 linker stubs

.iplt           0x08006bbc        0x0
 .iplt          0x08006bbc        0x0 c:/program files (x86)/atollic/truestudio for stm32 9.0.0/armtools/bin/../lib/gcc/arm-atollic-eabi/6.3.1/armv7e-m/fpu/crtbegin.o

.rodata         0x08006bbc       0x18
                0x08006bbc                . = ALIGN (0x4)
 *(.rodata)
 .rodata        0x08006bbc       0x15 src\main.o
 *(.rodata*)
                0x08006bd4                . = ALIGN (0x4)
 *fill*         0x08006bd1        0x3 

.rel.dyn        0x08006bd4        0x0
 .rel.iplt      0x08006bd4        0x0 c:/program files (x86)/atollic/truestudio for stm32 9.0.0/armtools/bin/../lib/gcc/arm-atollic-eabi/6.3.1/armv7e-m/fpu/crtbegin.o

.ARM.extab
 *(.ARM.extab* .gnu.linkonce.armextab.*)

.ARM            0x08006bd4        0x0
                0x08006bd4                __exidx_start = .
 *(.ARM.exidx*)
                0x08006bd4                __exidx_end = .

.preinit_array  0x08006bd4        0x0
                0x08006bd4                PROVIDE (__preinit_array_start, .)
 *(.preinit_array*)
                0x08006bd4                PROVIDE (__preinit_array_end, .)

.init_array     0x08006bd4        0x4
                0x08006bd4                PROVIDE (__init_array_start, .)
 *(SORT(.init_array.*))
 *(.init_array*)
 .init_array    0x08006bd4        0x4 c:/program files (x86)/atollic/truestudio for stm32 9.0.0/armtools/bin/../lib/gcc/arm-atollic-eabi/6.3.1/armv7e-m/fpu/crtbegin.o
                0x08006bd8                PROVIDE (__init_array_end, .)

.fini_array     0x08006bd8        0x4
                [!provide]                PROVIDE (__fini_array_start, .)
 *(SORT(.fini_array.*))
 *(.fini_array*)
 .fini_array    0x08006bd8        0x4 c:/program files (x86)/atollic/truestudio for stm32 9.0.0/armtools/bin/../lib/gcc/arm-atollic-eabi/6.3.1/armv7e-m/fpu/crtbegin.o
                [!provide]                PROVIDE (__fini_array_end, .)
                0x08006bdc                _sidata = LOADADDR (.data)

.data           0x20000000      0x340 load address 0x08006bdc
                0x20000000                . = ALIGN (0x4)
                0x20000000                _sdata = .
 *(.data)
 *(.data*)
 .data.APBAHBPrescTable
                0x20000000       0x10 Libraries\STM32F4xx_StdPeriph_Driver\src\stm32f4xx_rcc.o
 .data.state    0x20000010        0x1 src\main.o
                0x20000010                state
 *fill*         0x20000011        0x3 
 .data.TM_I2C_INT_Clocks
                0x20000014        0xc src\tm_stm32f4_i2c.o
 .data.DefaultTuningSettings
                0x20000020       0xf3 src\vl53l0x_api.o
                0x20000020                DefaultTuningSettings
 *fill*         0x20000113        0x1 
 .data.InterruptThresholdSettings
                0x20000114      0x1b6 src\vl53l0x_api.o
                0x20000114                InterruptThresholdSettings
 *fill*         0x200002ca        0x2 
 .data.refArrayQuadrants
                0x200002cc       0x10 src\vl53l0x_api_calibration.o
                0x200002cc                refArrayQuadrants
 .data._impure_ptr
                0x200002dc        0x4 c:/program files (x86)/atollic/truestudio for stm32 9.0.0/armtools/bin/../lib/gcc/arm-atollic-eabi/6.3.1/../../../../arm-atollic-eabi/lib/armv7e-m/fpu\libc_nano.a(lib_a-impure.o)
                0x200002dc                _impure_ptr
 .data.impure_data
                0x200002e0       0x60 c:/program files (x86)/atollic/truestudio for stm32 9.0.0/armtools/bin/../lib/gcc/arm-atollic-eabi/6.3.1/../../../../arm-atollic-eabi/lib/armv7e-m/fpu\libc_nano.a(lib_a-impure.o)
                0x20000340                . = ALIGN (0x4)
                0x20000340                _edata = .
                0x08006f1c                _siccmram = LOADADDR (.ccmram)

.igot.plt       0x20000340        0x0 load address 0x08006f1c
 .igot.plt      0x20000340        0x0 c:/program files (x86)/atollic/truestudio for stm32 9.0.0/armtools/bin/../lib/gcc/arm-atollic-eabi/6.3.1/armv7e-m/fpu/crtbegin.o

.ccmram         0x10000000        0x0 load address 0x08006f1c
                0x10000000                . = ALIGN (0x4)
                0x10000000                _sccmram = .
 *(.ccmram)
 *(.ccmram*)
                0x10000000                . = ALIGN (0x4)
                0x10000000                _eccmram = .
                0x10000000                . = ALIGN (0x4)

.bss            0x20000340       0x74
                0x20000340                _sbss = .
                0x20000340                __bss_start__ = _sbss
 *(.bss)
 .bss           0x20000340       0x1c c:/program files (x86)/atollic/truestudio for stm32 9.0.0/armtools/bin/../lib/gcc/arm-atollic-eabi/6.3.1/armv7e-m/fpu/crtbegin.o
 *(.bss*)
 .bss.below_10  0x2000035c        0x1 src\main.o
                0x2000035c                below_10
 .bss.below_5   0x2000035d        0x1 src\main.o
                0x2000035d                below_5
 .bss.reset     0x2000035e        0x1 src\main.o
                0x2000035e                reset
 .bss.cnt.9772  0x2000035f        0x1 src\main.o
 .bss.GPIO_UsedPins
                0x20000360       0x16 src\tm_stm32f4_gpio.o
 *fill*         0x20000376        0x2 
 .bss.TM_I2C_Timeout
                0x20000378        0x4 src\tm_stm32f4_i2c.o
 .bss.__malloc_free_list
                0x2000037c        0x4 c:/program files (x86)/atollic/truestudio for stm32 9.0.0/armtools/bin/../lib/gcc/arm-atollic-eabi/6.3.1/../../../../arm-atollic-eabi/lib/armv7e-m/fpu\libc_nano.a(lib_a-nano-mallocr.o)
                0x2000037c                __malloc_free_list
 .bss.__malloc_sbrk_start
                0x20000380        0x4 c:/program files (x86)/atollic/truestudio for stm32 9.0.0/armtools/bin/../lib/gcc/arm-atollic-eabi/6.3.1/../../../../arm-atollic-eabi/lib/armv7e-m/fpu\libc_nano.a(lib_a-nano-mallocr.o)
                0x20000380                __malloc_sbrk_start
 .bss.heap_end.5239
                0x20000384        0x4 c:/program files (x86)/atollic/truestudio for stm32 9.0.0/armtools/bin/../lib/gcc/arm-atollic-eabi/6.3.1/../../../../arm-atollic-eabi/lib/armv7e-m/fpu\libnosys.a(sbrk.o)
 *(COMMON)
 COMMON         0x20000388       0x25 src\main.o
                0x20000388                received_data
                0x2000038c                received_string
 *fill*         0x200003ad        0x3 
 COMMON         0x200003b0        0x4 c:/program files (x86)/atollic/truestudio for stm32 9.0.0/armtools/bin/../lib/gcc/arm-atollic-eabi/6.3.1/../../../../arm-atollic-eabi/lib/armv7e-m/fpu\libc_nano.a(lib_a-reent.o)
                0x200003b0                errno
                0x200003b4                . = ALIGN (0x4)
                0x200003b4                _ebss = .
                0x200003b4                __bss_end__ = _ebss

._user_heap_stack
                0x200003b4      0x400
                0x200003b4                . = ALIGN (0x4)
                0x200003b4                PROVIDE (end, .)
                [!provide]                PROVIDE (_end, .)
                0x200003b4                . = (. + _Min_Heap_Size)
                0x200007b4                . = (. + _Min_Stack_Size)
 *fill*         0x200003b4      0x400 
                0x200007b4                . = ALIGN (0x4)

.memory_b1_text
 *(.mb1text)
 *(.mb1text*)
 *(.mb1rodata)
 *(.mb1rodata*)

/DISCARD/
 libc.a(*)
 libm.a(*)
 libgcc.a(*)

.ARM.attributes
                0x00000000       0x30
 *(.ARM.attributes)
 .ARM.attributes
                0x00000000       0x22 c:/program files (x86)/atollic/truestudio for stm32 9.0.0/armtools/bin/../lib/gcc/arm-atollic-eabi/6.3.1/armv7e-m/fpu/crti.o
 .ARM.attributes
                0x00000022       0x34 c:/program files (x86)/atollic/truestudio for stm32 9.0.0/armtools/bin/../lib/gcc/arm-atollic-eabi/6.3.1/armv7e-m/fpu/crtbegin.o
 .ARM.attributes
                0x00000056       0x39 Libraries\STM32F4xx_StdPeriph_Driver\src\stm32f4xx_adc.o
 .ARM.attributes
                0x0000008f       0x39 Libraries\STM32F4xx_StdPeriph_Driver\src\stm32f4xx_exti.o
 .ARM.attributes
                0x000000c8       0x39 Libraries\STM32F4xx_StdPeriph_Driver\src\stm32f4xx_gpio.o
 .ARM.attributes
                0x00000101       0x39 Libraries\STM32F4xx_StdPeriph_Driver\src\stm32f4xx_i2c.o
 .ARM.attributes
                0x0000013a       0x39 Libraries\STM32F4xx_StdPeriph_Driver\src\stm32f4xx_rcc.o
 .ARM.attributes
                0x00000173       0x39 Libraries\STM32F4xx_StdPeriph_Driver\src\stm32f4xx_tim.o
 .ARM.attributes
                0x000001ac       0x39 Libraries\STM32F4xx_StdPeriph_Driver\src\stm32f4xx_usart.o
 .ARM.attributes
                0x000001e5       0x39 src\main.o
 .ARM.attributes
                0x0000021e       0x21 src\startup_stm32f40xx.o
 .ARM.attributes
                0x0000023f       0x39 src\stm32f4xx_it.o
 .ARM.attributes
                0x00000278       0x39 src\system_stm32f4xx.o
 .ARM.attributes
                0x000002b1       0x39 src\tm_stm32f4_gpio.o
 .ARM.attributes
                0x000002ea       0x39 src\tm_stm32f4_i2c.o
 .ARM.attributes
                0x00000323       0x39 src\vl53l0x_api.o
 .ARM.attributes
                0x0000035c       0x39 src\vl53l0x_api_calibration.o
 .ARM.attributes
                0x00000395       0x39 src\vl53l0x_api_core.o
 .ARM.attributes
                0x000003ce       0x39 src\vl53l0x_i2c_platform.o
 .ARM.attributes
                0x00000407       0x39 src\vl53l0x_platform.o
 .ARM.attributes
                0x00000440       0x34 c:/program files (x86)/atollic/truestudio for stm32 9.0.0/armtools/bin/../lib/gcc/arm-atollic-eabi/6.3.1/../../../../arm-atollic-eabi/lib/armv7e-m/fpu\libc_nano.a(lib_a-init.o)
 .ARM.attributes
                0x00000474       0x34 c:/program files (x86)/atollic/truestudio for stm32 9.0.0/armtools/bin/../lib/gcc/arm-atollic-eabi/6.3.1/../../../../arm-atollic-eabi/lib/armv7e-m/fpu\libc_nano.a(lib_a-malloc.o)
 .ARM.attributes
                0x000004a8       0x34 c:/program files (x86)/atollic/truestudio for stm32 9.0.0/armtools/bin/../lib/gcc/arm-atollic-eabi/6.3.1/../../../../arm-atollic-eabi/lib/armv7e-m/fpu\libc_nano.a(lib_a-memcpy-stub.o)
 .ARM.attributes
                0x000004dc       0x34 c:/program files (x86)/atollic/truestudio for stm32 9.0.0/armtools/bin/../lib/gcc/arm-atollic-eabi/6.3.1/../../../../arm-atollic-eabi/lib/armv7e-m/fpu\libc_nano.a(lib_a-memset.o)
 .ARM.attributes
                0x00000510       0x34 c:/program files (x86)/atollic/truestudio for stm32 9.0.0/armtools/bin/../lib/gcc/arm-atollic-eabi/6.3.1/../../../../arm-atollic-eabi/lib/armv7e-m/fpu\libc_nano.a(lib_a-nano-freer.o)
 .ARM.attributes
                0x00000544       0x34 c:/program files (x86)/atollic/truestudio for stm32 9.0.0/armtools/bin/../lib/gcc/arm-atollic-eabi/6.3.1/../../../../arm-atollic-eabi/lib/armv7e-m/fpu\libc_nano.a(lib_a-nano-mallocr.o)
 .ARM.attributes
                0x00000578       0x34 c:/program files (x86)/atollic/truestudio for stm32 9.0.0/armtools/bin/../lib/gcc/arm-atollic-eabi/6.3.1/../../../../arm-atollic-eabi/lib/armv7e-m/fpu\libc_nano.a(lib_a-sbrkr.o)
 .ARM.attributes
                0x000005ac       0x34 c:/program files (x86)/atollic/truestudio for stm32 9.0.0/armtools/bin/../lib/gcc/arm-atollic-eabi/6.3.1/../../../../arm-atollic-eabi/lib/armv7e-m/fpu\libc_nano.a(lib_a-impure.o)
 .ARM.attributes
                0x000005e0       0x34 c:/program files (x86)/atollic/truestudio for stm32 9.0.0/armtools/bin/../lib/gcc/arm-atollic-eabi/6.3.1/../../../../arm-atollic-eabi/lib/armv7e-m/fpu\libc_nano.a(lib_a-mlock.o)
 .ARM.attributes
                0x00000614       0x34 c:/program files (x86)/atollic/truestudio for stm32 9.0.0/armtools/bin/../lib/gcc/arm-atollic-eabi/6.3.1/../../../../arm-atollic-eabi/lib/armv7e-m/fpu\libc_nano.a(lib_a-reent.o)
 .ARM.attributes
                0x00000648       0x34 c:/program files (x86)/atollic/truestudio for stm32 9.0.0/armtools/bin/../lib/gcc/arm-atollic-eabi/6.3.1/../../../../arm-atollic-eabi/lib/armv7e-m/fpu\libnosys.a(sbrk.o)
 .ARM.attributes
                0x0000067c       0x22 c:/program files (x86)/atollic/truestudio for stm32 9.0.0/armtools/bin/../lib/gcc/arm-atollic-eabi/6.3.1/armv7e-m/fpu/crtn.o
OUTPUT(acceptance_test1.elf elf32-littlearm)

.debug_info     0x00000000    0x11d9f
 .debug_info    0x00000000      0xc4f Libraries\STM32F4xx_StdPeriph_Driver\src\stm32f4xx_adc.o
 .debug_info    0x00000c4f      0x366 Libraries\STM32F4xx_StdPeriph_Driver\src\stm32f4xx_exti.o
 .debug_info    0x00000fb5      0x628 Libraries\STM32F4xx_StdPeriph_Driver\src\stm32f4xx_gpio.o
 .debug_info    0x000015dd      0xb9e Libraries\STM32F4xx_StdPeriph_Driver\src\stm32f4xx_i2c.o
 .debug_info    0x0000217b      0xc98 Libraries\STM32F4xx_StdPeriph_Driver\src\stm32f4xx_rcc.o
 .debug_info    0x00002e13     0x1c74 Libraries\STM32F4xx_StdPeriph_Driver\src\stm32f4xx_tim.o
 .debug_info    0x00004a87      0x9d5 Libraries\STM32F4xx_StdPeriph_Driver\src\stm32f4xx_usart.o
 .debug_info    0x0000545c     0x23d8 src\main.o
 .debug_info    0x00007834       0x91 src\startup_stm32f40xx.o
 .debug_info    0x000078c5      0x154 src\stm32f4xx_it.o
 .debug_info    0x00007a19      0x5dd src\system_stm32f4xx.o
 .debug_info    0x00007ff6      0x848 src\tm_stm32f4_gpio.o
 .debug_info    0x0000883e      0xa6c src\tm_stm32f4_i2c.o
 .debug_info    0x000092aa     0x337c src\vl53l0x_api.o
 .debug_info    0x0000c626     0x1d08 src\vl53l0x_api_calibration.o
 .debug_info    0x0000e32e     0x21da src\vl53l0x_api_core.o
 .debug_info    0x00010508      0xd4f src\vl53l0x_i2c_platform.o
 .debug_info    0x00011257      0xb48 src\vl53l0x_platform.o

.debug_abbrev   0x00000000     0x1fb2
 .debug_abbrev  0x00000000      0x1ab Libraries\STM32F4xx_StdPeriph_Driver\src\stm32f4xx_adc.o
 .debug_abbrev  0x000001ab      0x1bc Libraries\STM32F4xx_StdPeriph_Driver\src\stm32f4xx_exti.o
 .debug_abbrev  0x00000367      0x1b8 Libraries\STM32F4xx_StdPeriph_Driver\src\stm32f4xx_gpio.o
 .debug_abbrev  0x0000051f      0x191 Libraries\STM32F4xx_StdPeriph_Driver\src\stm32f4xx_i2c.o
 .debug_abbrev  0x000006b0      0x1f8 Libraries\STM32F4xx_StdPeriph_Driver\src\stm32f4xx_rcc.o
 .debug_abbrev  0x000008a8      0x19a Libraries\STM32F4xx_StdPeriph_Driver\src\stm32f4xx_tim.o
 .debug_abbrev  0x00000a42      0x182 Libraries\STM32F4xx_StdPeriph_Driver\src\stm32f4xx_usart.o
 .debug_abbrev  0x00000bc4      0x343 src\main.o
 .debug_abbrev  0x00000f07       0x12 src\startup_stm32f40xx.o
 .debug_abbrev  0x00000f19       0x78 src\stm32f4xx_it.o
 .debug_abbrev  0x00000f91      0x158 src\system_stm32f4xx.o
 .debug_abbrev  0x000010e9      0x17c src\tm_stm32f4_gpio.o
 .debug_abbrev  0x00001265      0x204 src\tm_stm32f4_i2c.o
 .debug_abbrev  0x00001469      0x2b2 src\vl53l0x_api.o
 .debug_abbrev  0x0000171b      0x298 src\vl53l0x_api_calibration.o
 .debug_abbrev  0x000019b3      0x291 src\vl53l0x_api_core.o
 .debug_abbrev  0x00001c44      0x1d0 src\vl53l0x_i2c_platform.o
 .debug_abbrev  0x00001e14      0x19e src\vl53l0x_platform.o

.debug_aranges  0x00000000     0x1158
 .debug_aranges
                0x00000000      0x148 Libraries\STM32F4xx_StdPeriph_Driver\src\stm32f4xx_adc.o
 .debug_aranges
                0x00000148       0x58 Libraries\STM32F4xx_StdPeriph_Driver\src\stm32f4xx_exti.o
 .debug_aranges
                0x000001a0       0x88 Libraries\STM32F4xx_StdPeriph_Driver\src\stm32f4xx_gpio.o
 .debug_aranges
                0x00000228      0x130 Libraries\STM32F4xx_StdPeriph_Driver\src\stm32f4xx_i2c.o
 .debug_aranges
                0x00000358      0x180 Libraries\STM32F4xx_StdPeriph_Driver\src\stm32f4xx_rcc.o
 .debug_aranges
                0x000004d8      0x2f8 Libraries\STM32F4xx_StdPeriph_Driver\src\stm32f4xx_tim.o
 .debug_aranges
                0x000007d0      0x100 Libraries\STM32F4xx_StdPeriph_Driver\src\stm32f4xx_usart.o
 .debug_aranges
                0x000008d0       0xd0 src\main.o
 .debug_aranges
                0x000009a0       0x28 src\startup_stm32f40xx.o
 .debug_aranges
                0x000009c8       0x60 src\stm32f4xx_it.o
 .debug_aranges
                0x00000a28       0x30 src\system_stm32f4xx.o
 .debug_aranges
                0x00000a58       0x98 src\tm_stm32f4_gpio.o
 .debug_aranges
                0x00000af0       0xb0 src\tm_stm32f4_i2c.o
 .debug_aranges
                0x00000ba0      0x330 src\vl53l0x_api.o
 .debug_aranges
                0x00000ed0       0xd0 src\vl53l0x_api_calibration.o
 .debug_aranges
                0x00000fa0       0xe0 src\vl53l0x_api_core.o
 .debug_aranges
                0x00001080       0x60 src\vl53l0x_i2c_platform.o
 .debug_aranges
                0x000010e0       0x78 src\vl53l0x_platform.o

.debug_ranges   0x00000000     0x1058
 .debug_ranges  0x00000000      0x138 Libraries\STM32F4xx_StdPeriph_Driver\src\stm32f4xx_adc.o
 .debug_ranges  0x00000138       0x48 Libraries\STM32F4xx_StdPeriph_Driver\src\stm32f4xx_exti.o
 .debug_ranges  0x00000180       0x78 Libraries\STM32F4xx_StdPeriph_Driver\src\stm32f4xx_gpio.o
 .debug_ranges  0x000001f8      0x120 Libraries\STM32F4xx_StdPeriph_Driver\src\stm32f4xx_i2c.o
 .debug_ranges  0x00000318      0x170 Libraries\STM32F4xx_StdPeriph_Driver\src\stm32f4xx_rcc.o
 .debug_ranges  0x00000488      0x2e8 Libraries\STM32F4xx_StdPeriph_Driver\src\stm32f4xx_tim.o
 .debug_ranges  0x00000770       0xf0 Libraries\STM32F4xx_StdPeriph_Driver\src\stm32f4xx_usart.o
 .debug_ranges  0x00000860       0xd8 src\main.o
 .debug_ranges  0x00000938       0x20 src\startup_stm32f40xx.o
 .debug_ranges  0x00000958       0x50 src\stm32f4xx_it.o
 .debug_ranges  0x000009a8       0x20 src\system_stm32f4xx.o
 .debug_ranges  0x000009c8       0x88 src\tm_stm32f4_gpio.o
 .debug_ranges  0x00000a50       0xa0 src\tm_stm32f4_i2c.o
 .debug_ranges  0x00000af0      0x320 src\vl53l0x_api.o
 .debug_ranges  0x00000e10       0xc0 src\vl53l0x_api_calibration.o
 .debug_ranges  0x00000ed0       0xd0 src\vl53l0x_api_core.o
 .debug_ranges  0x00000fa0       0x50 src\vl53l0x_i2c_platform.o
 .debug_ranges  0x00000ff0       0x68 src\vl53l0x_platform.o

.debug_line     0x00000000     0x5c65
 .debug_line    0x00000000      0x572 Libraries\STM32F4xx_StdPeriph_Driver\src\stm32f4xx_adc.o
 .debug_line    0x00000572      0x2b6 Libraries\STM32F4xx_StdPeriph_Driver\src\stm32f4xx_exti.o
 .debug_line    0x00000828      0x375 Libraries\STM32F4xx_StdPeriph_Driver\src\stm32f4xx_gpio.o
 .debug_line    0x00000b9d      0x52b Libraries\STM32F4xx_StdPeriph_Driver\src\stm32f4xx_i2c.o
 .debug_line    0x000010c8      0x5cd Libraries\STM32F4xx_StdPeriph_Driver\src\stm32f4xx_rcc.o
 .debug_line    0x00001695      0xad6 Libraries\STM32F4xx_StdPeriph_Driver\src\stm32f4xx_tim.o
 .debug_line    0x0000216b      0x4df Libraries\STM32F4xx_StdPeriph_Driver\src\stm32f4xx_usart.o
 .debug_line    0x0000264a      0x6b4 src\main.o
 .debug_line    0x00002cfe       0x7a src\startup_stm32f40xx.o
 .debug_line    0x00002d78      0x227 src\stm32f4xx_it.o
 .debug_line    0x00002f9f      0x219 src\system_stm32f4xx.o
 .debug_line    0x000031b8      0x376 src\tm_stm32f4_gpio.o
 .debug_line    0x0000352e      0x3ea src\tm_stm32f4_i2c.o
 .debug_line    0x00003918      0xdb8 src\vl53l0x_api.o
 .debug_line    0x000046d0      0x714 src\vl53l0x_api_calibration.o
 .debug_line    0x00004de4      0x901 src\vl53l0x_api_core.o
 .debug_line    0x000056e5      0x2ef src\vl53l0x_i2c_platform.o
 .debug_line    0x000059d4      0x291 src\vl53l0x_platform.o

.debug_str      0x00000000     0x695f
 .debug_str     0x00000000      0x825 Libraries\STM32F4xx_StdPeriph_Driver\src\stm32f4xx_adc.o
                                0x8a3 (size before relaxing)
 .debug_str     0x00000825      0x1c0 Libraries\STM32F4xx_StdPeriph_Driver\src\stm32f4xx_exti.o
                                0x3f8 (size before relaxing)
 .debug_str     0x000009e5      0x287 Libraries\STM32F4xx_StdPeriph_Driver\src\stm32f4xx_gpio.o
                                0x542 (size before relaxing)
 .debug_str     0x00000c6c      0x4b3 Libraries\STM32F4xx_StdPeriph_Driver\src\stm32f4xx_i2c.o
                                0x751 (size before relaxing)
 .debug_str     0x0000111f      0x5e5 Libraries\STM32F4xx_StdPeriph_Driver\src\stm32f4xx_rcc.o
                                0x918 (size before relaxing)
 .debug_str     0x00001704      0xb5e Libraries\STM32F4xx_StdPeriph_Driver\src\stm32f4xx_tim.o
                                0xe6f (size before relaxing)
 .debug_str     0x00002262      0x423 Libraries\STM32F4xx_StdPeriph_Driver\src\stm32f4xx_usart.o
                                0x72e (size before relaxing)
 .debug_str     0x00002685     0x1379 src\main.o
                               0x1e9d (size before relaxing)
 .debug_str     0x000039fe       0xa6 src\stm32f4xx_it.o
                                0x28e (size before relaxing)
 .debug_str     0x00003aa4       0xe3 src\system_stm32f4xx.o
                                0x421 (size before relaxing)
 .debug_str     0x00003b87      0x1b9 src\tm_stm32f4_gpio.o
                                0x62c (size before relaxing)
 .debug_str     0x00003d40      0x202 src\tm_stm32f4_i2c.o
                                0x711 (size before relaxing)
 .debug_str     0x00003f42     0x1377 src\vl53l0x_api.o
                               0x2370 (size before relaxing)
 .debug_str     0x000052b9      0x76a src\vl53l0x_api_calibration.o
                               0x1630 (size before relaxing)
 .debug_str     0x00005a23      0xd47 src\vl53l0x_api_core.o
                               0x1ccf (size before relaxing)
 .debug_str     0x0000676a       0xeb src\vl53l0x_i2c_platform.o
                                0x7e2 (size before relaxing)
 .debug_str     0x00006855      0x10a src\vl53l0x_platform.o
                                0xa60 (size before relaxing)

.comment        0x00000000       0x7c
 .comment       0x00000000       0x7c Libraries\STM32F4xx_StdPeriph_Driver\src\stm32f4xx_adc.o
                                 0x7d (size before relaxing)
 .comment       0x0000007c       0x7d Libraries\STM32F4xx_StdPeriph_Driver\src\stm32f4xx_exti.o
 .comment       0x0000007c       0x7d Libraries\STM32F4xx_StdPeriph_Driver\src\stm32f4xx_gpio.o
 .comment       0x0000007c       0x7d Libraries\STM32F4xx_StdPeriph_Driver\src\stm32f4xx_i2c.o
 .comment       0x0000007c       0x7d Libraries\STM32F4xx_StdPeriph_Driver\src\stm32f4xx_rcc.o
 .comment       0x0000007c       0x7d Libraries\STM32F4xx_StdPeriph_Driver\src\stm32f4xx_tim.o
 .comment       0x0000007c       0x7d Libraries\STM32F4xx_StdPeriph_Driver\src\stm32f4xx_usart.o
 .comment       0x0000007c       0x7d src\main.o
 .comment       0x0000007c       0x7d src\stm32f4xx_it.o
 .comment       0x0000007c       0x7d src\system_stm32f4xx.o
 .comment       0x0000007c       0x7d src\tm_stm32f4_gpio.o
 .comment       0x0000007c       0x7d src\tm_stm32f4_i2c.o
 .comment       0x0000007c       0x7d src\vl53l0x_api.o
 .comment       0x0000007c       0x7d src\vl53l0x_api_calibration.o
 .comment       0x0000007c       0x7d src\vl53l0x_api_core.o
 .comment       0x0000007c       0x7d src\vl53l0x_i2c_platform.o
 .comment       0x0000007c       0x7d src\vl53l0x_platform.o

.debug_frame    0x00000000     0x4dac
 .debug_frame   0x00000000      0x5ec Libraries\STM32F4xx_StdPeriph_Driver\src\stm32f4xx_adc.o
 .debug_frame   0x000005ec      0x148 Libraries\STM32F4xx_StdPeriph_Driver\src\stm32f4xx_exti.o
 .debug_frame   0x00000734      0x23c Libraries\STM32F4xx_StdPeriph_Driver\src\stm32f4xx_gpio.o
 .debug_frame   0x00000970      0x580 Libraries\STM32F4xx_StdPeriph_Driver\src\stm32f4xx_i2c.o
 .debug_frame   0x00000ef0      0x6fc Libraries\STM32F4xx_StdPeriph_Driver\src\stm32f4xx_rcc.o
 .debug_frame   0x000015ec      0xe54 Libraries\STM32F4xx_StdPeriph_Driver\src\stm32f4xx_tim.o
 .debug_frame   0x00002440      0x490 Libraries\STM32F4xx_StdPeriph_Driver\src\stm32f4xx_usart.o
 .debug_frame   0x000028d0      0x348 src\main.o
 .debug_frame   0x00002c18      0x110 src\stm32f4xx_it.o
 .debug_frame   0x00002d28       0x7c src\system_stm32f4xx.o
 .debug_frame   0x00002da4      0x274 src\tm_stm32f4_gpio.o
 .debug_frame   0x00003018      0x2cc src\tm_stm32f4_i2c.o
 .debug_frame   0x000032e4      0xe94 src\vl53l0x_api.o
 .debug_frame   0x00004178      0x374 src\vl53l0x_api_calibration.o
 .debug_frame   0x000044ec      0x3c4 src\vl53l0x_api_core.o
 .debug_frame   0x000048b0      0x150 src\vl53l0x_i2c_platform.o
 .debug_frame   0x00004a00      0x1cc src\vl53l0x_platform.o
 .debug_frame   0x00004bcc       0x2c c:/program files (x86)/atollic/truestudio for stm32 9.0.0/armtools/bin/../lib/gcc/arm-atollic-eabi/6.3.1/../../../../arm-atollic-eabi/lib/armv7e-m/fpu\libc_nano.a(lib_a-init.o)
 .debug_frame   0x00004bf8       0x30 c:/program files (x86)/atollic/truestudio for stm32 9.0.0/armtools/bin/../lib/gcc/arm-atollic-eabi/6.3.1/../../../../arm-atollic-eabi/lib/armv7e-m/fpu\libc_nano.a(lib_a-malloc.o)
 .debug_frame   0x00004c28       0x28 c:/program files (x86)/atollic/truestudio for stm32 9.0.0/armtools/bin/../lib/gcc/arm-atollic-eabi/6.3.1/../../../../arm-atollic-eabi/lib/armv7e-m/fpu\libc_nano.a(lib_a-memcpy-stub.o)
 .debug_frame   0x00004c50       0x20 c:/program files (x86)/atollic/truestudio for stm32 9.0.0/armtools/bin/../lib/gcc/arm-atollic-eabi/6.3.1/../../../../arm-atollic-eabi/lib/armv7e-m/fpu\libc_nano.a(lib_a-memset.o)
 .debug_frame   0x00004c70       0x38 c:/program files (x86)/atollic/truestudio for stm32 9.0.0/armtools/bin/../lib/gcc/arm-atollic-eabi/6.3.1/../../../../arm-atollic-eabi/lib/armv7e-m/fpu\libc_nano.a(lib_a-nano-freer.o)
 .debug_frame   0x00004ca8       0x2c c:/program files (x86)/atollic/truestudio for stm32 9.0.0/armtools/bin/../lib/gcc/arm-atollic-eabi/6.3.1/../../../../arm-atollic-eabi/lib/armv7e-m/fpu\libc_nano.a(lib_a-nano-mallocr.o)
 .debug_frame   0x00004cd4       0x2c c:/program files (x86)/atollic/truestudio for stm32 9.0.0/armtools/bin/../lib/gcc/arm-atollic-eabi/6.3.1/../../../../arm-atollic-eabi/lib/armv7e-m/fpu\libc_nano.a(lib_a-sbrkr.o)
 .debug_frame   0x00004d00       0x30 c:/program files (x86)/atollic/truestudio for stm32 9.0.0/armtools/bin/../lib/gcc/arm-atollic-eabi/6.3.1/../../../../arm-atollic-eabi/lib/armv7e-m/fpu\libc_nano.a(lib_a-mlock.o)
 .debug_frame   0x00004d30       0x5c c:/program files (x86)/atollic/truestudio for stm32 9.0.0/armtools/bin/../lib/gcc/arm-atollic-eabi/6.3.1/../../../../arm-atollic-eabi/lib/armv7e-m/fpu\libc_nano.a(lib_a-reent.o)
 .debug_frame   0x00004d8c       0x20 c:/program files (x86)/atollic/truestudio for stm32 9.0.0/armtools/bin/../lib/gcc/arm-atollic-eabi/6.3.1/../../../../arm-atollic-eabi/lib/armv7e-m/fpu\libnosys.a(sbrk.o)

.stabstr        0x00000000       0x3f
 .stabstr       0x00000000       0x3f c:/program files (x86)/atollic/truestudio for stm32 9.0.0/armtools/bin/../lib/gcc/arm-atollic-eabi/6.3.1/../../../../arm-atollic-eabi/lib/armv7e-m/fpu\libnosys.a(write.o)

Cross Reference Table

Symbol                                            File
ADC_AnalogWatchdogCmd                             Libraries\STM32F4xx_StdPeriph_Driver\src\stm32f4xx_adc.o
ADC_AnalogWatchdogSingleChannelConfig             Libraries\STM32F4xx_StdPeriph_Driver\src\stm32f4xx_adc.o
ADC_AnalogWatchdogThresholdsConfig                Libraries\STM32F4xx_StdPeriph_Driver\src\stm32f4xx_adc.o
ADC_AutoInjectedConvCmd                           Libraries\STM32F4xx_StdPeriph_Driver\src\stm32f4xx_adc.o
ADC_ClearFlag                                     Libraries\STM32F4xx_StdPeriph_Driver\src\stm32f4xx_adc.o
ADC_ClearITPendingBit                             Libraries\STM32F4xx_StdPeriph_Driver\src\stm32f4xx_adc.o
ADC_Cmd                                           Libraries\STM32F4xx_StdPeriph_Driver\src\stm32f4xx_adc.o
                                                  src\main.o
ADC_CommonInit                                    Libraries\STM32F4xx_StdPeriph_Driver\src\stm32f4xx_adc.o
ADC_CommonStructInit                              Libraries\STM32F4xx_StdPeriph_Driver\src\stm32f4xx_adc.o
ADC_Config                                        src\main.o
ADC_ContinuousModeCmd                             Libraries\STM32F4xx_StdPeriph_Driver\src\stm32f4xx_adc.o
ADC_DMACmd                                        Libraries\STM32F4xx_StdPeriph_Driver\src\stm32f4xx_adc.o
ADC_DMARequestAfterLastTransferCmd                Libraries\STM32F4xx_StdPeriph_Driver\src\stm32f4xx_adc.o
ADC_DeInit                                        Libraries\STM32F4xx_StdPeriph_Driver\src\stm32f4xx_adc.o
ADC_DiscModeChannelCountConfig                    Libraries\STM32F4xx_StdPeriph_Driver\src\stm32f4xx_adc.o
ADC_DiscModeCmd                                   Libraries\STM32F4xx_StdPeriph_Driver\src\stm32f4xx_adc.o
ADC_EOCOnEachRegularChannelCmd                    Libraries\STM32F4xx_StdPeriph_Driver\src\stm32f4xx_adc.o
ADC_ExternalTrigInjectedConvConfig                Libraries\STM32F4xx_StdPeriph_Driver\src\stm32f4xx_adc.o
ADC_ExternalTrigInjectedConvEdgeConfig            Libraries\STM32F4xx_StdPeriph_Driver\src\stm32f4xx_adc.o
ADC_GetConversionValue                            Libraries\STM32F4xx_StdPeriph_Driver\src\stm32f4xx_adc.o
                                                  src\main.o
ADC_GetFlagStatus                                 Libraries\STM32F4xx_StdPeriph_Driver\src\stm32f4xx_adc.o
                                                  src\main.o
ADC_GetITStatus                                   Libraries\STM32F4xx_StdPeriph_Driver\src\stm32f4xx_adc.o
ADC_GetInjectedConversionValue                    Libraries\STM32F4xx_StdPeriph_Driver\src\stm32f4xx_adc.o
ADC_GetMultiModeConversionValue                   Libraries\STM32F4xx_StdPeriph_Driver\src\stm32f4xx_adc.o
ADC_GetSoftwareStartConvStatus                    Libraries\STM32F4xx_StdPeriph_Driver\src\stm32f4xx_adc.o
ADC_GetSoftwareStartInjectedConvCmdStatus         Libraries\STM32F4xx_StdPeriph_Driver\src\stm32f4xx_adc.o
ADC_IRQHandler                                    src\startup_stm32f40xx.o
ADC_ITConfig                                      Libraries\STM32F4xx_StdPeriph_Driver\src\stm32f4xx_adc.o
ADC_Init                                          Libraries\STM32F4xx_StdPeriph_Driver\src\stm32f4xx_adc.o
                                                  src\main.o
ADC_InjectedChannelConfig                         Libraries\STM32F4xx_StdPeriph_Driver\src\stm32f4xx_adc.o
ADC_InjectedDiscModeCmd                           Libraries\STM32F4xx_StdPeriph_Driver\src\stm32f4xx_adc.o
ADC_InjectedSequencerLengthConfig                 Libraries\STM32F4xx_StdPeriph_Driver\src\stm32f4xx_adc.o
ADC_MultiModeDMARequestAfterLastTransferCmd       Libraries\STM32F4xx_StdPeriph_Driver\src\stm32f4xx_adc.o
ADC_Read                                          src\main.o
ADC_RegularChannelConfig                          Libraries\STM32F4xx_StdPeriph_Driver\src\stm32f4xx_adc.o
                                                  src\main.o
ADC_SetInjectedOffset                             Libraries\STM32F4xx_StdPeriph_Driver\src\stm32f4xx_adc.o
ADC_SoftwareStartConv                             Libraries\STM32F4xx_StdPeriph_Driver\src\stm32f4xx_adc.o
                                                  src\main.o
ADC_SoftwareStartInjectedConv                     Libraries\STM32F4xx_StdPeriph_Driver\src\stm32f4xx_adc.o
ADC_StructInit                                    Libraries\STM32F4xx_StdPeriph_Driver\src\stm32f4xx_adc.o
ADC_TempSensorVrefintCmd                          Libraries\STM32F4xx_StdPeriph_Driver\src\stm32f4xx_adc.o
ADC_VBATCmd                                       Libraries\STM32F4xx_StdPeriph_Driver\src\stm32f4xx_adc.o
AHBPrescTable                                     src\system_stm32f4xx.o
BusFault_Handler                                  src\stm32f4xx_it.o
                                                  src\startup_stm32f40xx.o
CAN1_RX0_IRQHandler                               src\startup_stm32f40xx.o
CAN1_RX1_IRQHandler                               src\startup_stm32f40xx.o
CAN1_SCE_IRQHandler                               src\startup_stm32f40xx.o
CAN1_TX_IRQHandler                                src\startup_stm32f40xx.o
CAN2_RX0_IRQHandler                               src\startup_stm32f40xx.o
CAN2_RX1_IRQHandler                               src\startup_stm32f40xx.o
CAN2_SCE_IRQHandler                               src\startup_stm32f40xx.o
CAN2_TX_IRQHandler                                src\startup_stm32f40xx.o
CAN_CancelTransmit                                Libraries\STM32F4xx_StdPeriph_Driver\src\stm32f4xx_can.o
CAN_ClearFlag                                     Libraries\STM32F4xx_StdPeriph_Driver\src\stm32f4xx_can.o
CAN_ClearITPendingBit                             Libraries\STM32F4xx_StdPeriph_Driver\src\stm32f4xx_can.o
CAN_DBGFreeze                                     Libraries\STM32F4xx_StdPeriph_Driver\src\stm32f4xx_can.o
CAN_DeInit                                        Libraries\STM32F4xx_StdPeriph_Driver\src\stm32f4xx_can.o
CAN_FIFORelease                                   Libraries\STM32F4xx_StdPeriph_Driver\src\stm32f4xx_can.o
CAN_FilterInit                                    Libraries\STM32F4xx_StdPeriph_Driver\src\stm32f4xx_can.o
CAN_GetFlagStatus                                 Libraries\STM32F4xx_StdPeriph_Driver\src\stm32f4xx_can.o
CAN_GetITStatus                                   Libraries\STM32F4xx_StdPeriph_Driver\src\stm32f4xx_can.o
CAN_GetLSBTransmitErrorCounter                    Libraries\STM32F4xx_StdPeriph_Driver\src\stm32f4xx_can.o
CAN_GetLastErrorCode                              Libraries\STM32F4xx_StdPeriph_Driver\src\stm32f4xx_can.o
CAN_GetReceiveErrorCounter                        Libraries\STM32F4xx_StdPeriph_Driver\src\stm32f4xx_can.o
CAN_ITConfig                                      Libraries\STM32F4xx_StdPeriph_Driver\src\stm32f4xx_can.o
CAN_Init                                          Libraries\STM32F4xx_StdPeriph_Driver\src\stm32f4xx_can.o
CAN_MessagePending                                Libraries\STM32F4xx_StdPeriph_Driver\src\stm32f4xx_can.o
CAN_OperatingModeRequest                          Libraries\STM32F4xx_StdPeriph_Driver\src\stm32f4xx_can.o
CAN_Receive                                       Libraries\STM32F4xx_StdPeriph_Driver\src\stm32f4xx_can.o
CAN_SlaveStartBank                                Libraries\STM32F4xx_StdPeriph_Driver\src\stm32f4xx_can.o
CAN_Sleep                                         Libraries\STM32F4xx_StdPeriph_Driver\src\stm32f4xx_can.o
CAN_StructInit                                    Libraries\STM32F4xx_StdPeriph_Driver\src\stm32f4xx_can.o
CAN_TTComModeCmd                                  Libraries\STM32F4xx_StdPeriph_Driver\src\stm32f4xx_can.o
CAN_Transmit                                      Libraries\STM32F4xx_StdPeriph_Driver\src\stm32f4xx_can.o
CAN_TransmitStatus                                Libraries\STM32F4xx_StdPeriph_Driver\src\stm32f4xx_can.o
CAN_WakeUp                                        Libraries\STM32F4xx_StdPeriph_Driver\src\stm32f4xx_can.o
CRC_CalcBlockCRC                                  Libraries\STM32F4xx_StdPeriph_Driver\src\stm32f4xx_crc.o
CRC_CalcCRC                                       Libraries\STM32F4xx_StdPeriph_Driver\src\stm32f4xx_crc.o
CRC_GetCRC                                        Libraries\STM32F4xx_StdPeriph_Driver\src\stm32f4xx_crc.o
CRC_GetIDRegister                                 Libraries\STM32F4xx_StdPeriph_Driver\src\stm32f4xx_crc.o
CRC_ResetDR                                       Libraries\STM32F4xx_StdPeriph_Driver\src\stm32f4xx_crc.o
CRC_SetIDRegister                                 Libraries\STM32F4xx_StdPeriph_Driver\src\stm32f4xx_crc.o
CRYP_AES_CBC                                      Libraries\STM32F4xx_StdPeriph_Driver\src\stm32f4xx_cryp_aes.o
CRYP_AES_CCM                                      Libraries\STM32F4xx_StdPeriph_Driver\src\stm32f4xx_cryp_aes.o
CRYP_AES_CTR                                      Libraries\STM32F4xx_StdPeriph_Driver\src\stm32f4xx_cryp_aes.o
CRYP_AES_ECB                                      Libraries\STM32F4xx_StdPeriph_Driver\src\stm32f4xx_cryp_aes.o
CRYP_AES_GCM                                      Libraries\STM32F4xx_StdPeriph_Driver\src\stm32f4xx_cryp_aes.o
CRYP_Cmd                                          Libraries\STM32F4xx_StdPeriph_Driver\src\stm32f4xx_cryp.o
                                                  Libraries\STM32F4xx_StdPeriph_Driver\src\stm32f4xx_cryp_tdes.o
                                                  Libraries\STM32F4xx_StdPeriph_Driver\src\stm32f4xx_cryp_des.o
                                                  Libraries\STM32F4xx_StdPeriph_Driver\src\stm32f4xx_cryp_aes.o
CRYP_DES_CBC                                      Libraries\STM32F4xx_StdPeriph_Driver\src\stm32f4xx_cryp_des.o
CRYP_DES_ECB                                      Libraries\STM32F4xx_StdPeriph_Driver\src\stm32f4xx_cryp_des.o
CRYP_DMACmd                                       Libraries\STM32F4xx_StdPeriph_Driver\src\stm32f4xx_cryp.o
CRYP_DataIn                                       Libraries\STM32F4xx_StdPeriph_Driver\src\stm32f4xx_cryp.o
                                                  Libraries\STM32F4xx_StdPeriph_Driver\src\stm32f4xx_cryp_tdes.o
                                                  Libraries\STM32F4xx_StdPeriph_Driver\src\stm32f4xx_cryp_des.o
                                                  Libraries\STM32F4xx_StdPeriph_Driver\src\stm32f4xx_cryp_aes.o
CRYP_DataOut                                      Libraries\STM32F4xx_StdPeriph_Driver\src\stm32f4xx_cryp.o
                                                  Libraries\STM32F4xx_StdPeriph_Driver\src\stm32f4xx_cryp_tdes.o
                                                  Libraries\STM32F4xx_StdPeriph_Driver\src\stm32f4xx_cryp_des.o
                                                  Libraries\STM32F4xx_StdPeriph_Driver\src\stm32f4xx_cryp_aes.o
CRYP_DeInit                                       Libraries\STM32F4xx_StdPeriph_Driver\src\stm32f4xx_cryp.o
CRYP_FIFOFlush                                    Libraries\STM32F4xx_StdPeriph_Driver\src\stm32f4xx_cryp.o
                                                  Libraries\STM32F4xx_StdPeriph_Driver\src\stm32f4xx_cryp_tdes.o
                                                  Libraries\STM32F4xx_StdPeriph_Driver\src\stm32f4xx_cryp_des.o
                                                  Libraries\STM32F4xx_StdPeriph_Driver\src\stm32f4xx_cryp_aes.o
CRYP_GetCmdStatus                                 Libraries\STM32F4xx_StdPeriph_Driver\src\stm32f4xx_cryp.o
                                                  Libraries\STM32F4xx_StdPeriph_Driver\src\stm32f4xx_cryp_tdes.o
                                                  Libraries\STM32F4xx_StdPeriph_Driver\src\stm32f4xx_cryp_des.o
                                                  Libraries\STM32F4xx_StdPeriph_Driver\src\stm32f4xx_cryp_aes.o
CRYP_GetFlagStatus                                Libraries\STM32F4xx_StdPeriph_Driver\src\stm32f4xx_cryp.o
                                                  Libraries\STM32F4xx_StdPeriph_Driver\src\stm32f4xx_cryp_tdes.o
                                                  Libraries\STM32F4xx_StdPeriph_Driver\src\stm32f4xx_cryp_des.o
                                                  Libraries\STM32F4xx_StdPeriph_Driver\src\stm32f4xx_cryp_aes.o
CRYP_GetITStatus                                  Libraries\STM32F4xx_StdPeriph_Driver\src\stm32f4xx_cryp.o
CRYP_IRQHandler                                   src\startup_stm32f40xx.o
CRYP_ITConfig                                     Libraries\STM32F4xx_StdPeriph_Driver\src\stm32f4xx_cryp.o
CRYP_IVInit                                       Libraries\STM32F4xx_StdPeriph_Driver\src\stm32f4xx_cryp.o
                                                  Libraries\STM32F4xx_StdPeriph_Driver\src\stm32f4xx_cryp_tdes.o
                                                  Libraries\STM32F4xx_StdPeriph_Driver\src\stm32f4xx_cryp_des.o
                                                  Libraries\STM32F4xx_StdPeriph_Driver\src\stm32f4xx_cryp_aes.o
CRYP_IVStructInit                                 Libraries\STM32F4xx_StdPeriph_Driver\src\stm32f4xx_cryp.o
CRYP_Init                                         Libraries\STM32F4xx_StdPeriph_Driver\src\stm32f4xx_cryp.o
                                                  Libraries\STM32F4xx_StdPeriph_Driver\src\stm32f4xx_cryp_tdes.o
                                                  Libraries\STM32F4xx_StdPeriph_Driver\src\stm32f4xx_cryp_des.o
                                                  Libraries\STM32F4xx_StdPeriph_Driver\src\stm32f4xx_cryp_aes.o
CRYP_KeyInit                                      Libraries\STM32F4xx_StdPeriph_Driver\src\stm32f4xx_cryp.o
                                                  Libraries\STM32F4xx_StdPeriph_Driver\src\stm32f4xx_cryp_tdes.o
                                                  Libraries\STM32F4xx_StdPeriph_Driver\src\stm32f4xx_cryp_des.o
                                                  Libraries\STM32F4xx_StdPeriph_Driver\src\stm32f4xx_cryp_aes.o
CRYP_KeyStructInit                                Libraries\STM32F4xx_StdPeriph_Driver\src\stm32f4xx_cryp.o
                                                  Libraries\STM32F4xx_StdPeriph_Driver\src\stm32f4xx_cryp_tdes.o
                                                  Libraries\STM32F4xx_StdPeriph_Driver\src\stm32f4xx_cryp_des.o
                                                  Libraries\STM32F4xx_StdPeriph_Driver\src\stm32f4xx_cryp_aes.o
CRYP_PhaseConfig                                  Libraries\STM32F4xx_StdPeriph_Driver\src\stm32f4xx_cryp.o
                                                  Libraries\STM32F4xx_StdPeriph_Driver\src\stm32f4xx_cryp_aes.o
CRYP_RestoreContext                               Libraries\STM32F4xx_StdPeriph_Driver\src\stm32f4xx_cryp.o
CRYP_SaveContext                                  Libraries\STM32F4xx_StdPeriph_Driver\src\stm32f4xx_cryp.o
CRYP_StructInit                                   Libraries\STM32F4xx_StdPeriph_Driver\src\stm32f4xx_cryp.o
CRYP_TDES_CBC                                     Libraries\STM32F4xx_StdPeriph_Driver\src\stm32f4xx_cryp_tdes.o
CRYP_TDES_ECB                                     Libraries\STM32F4xx_StdPeriph_Driver\src\stm32f4xx_cryp_tdes.o
Configure_PC4                                     src\main.o
DAC_ClearFlag                                     Libraries\STM32F4xx_StdPeriph_Driver\src\stm32f4xx_dac.o
DAC_ClearITPendingBit                             Libraries\STM32F4xx_StdPeriph_Driver\src\stm32f4xx_dac.o
DAC_Cmd                                           Libraries\STM32F4xx_StdPeriph_Driver\src\stm32f4xx_dac.o
DAC_DMACmd                                        Libraries\STM32F4xx_StdPeriph_Driver\src\stm32f4xx_dac.o
DAC_DeInit                                        Libraries\STM32F4xx_StdPeriph_Driver\src\stm32f4xx_dac.o
DAC_DualSoftwareTriggerCmd                        Libraries\STM32F4xx_StdPeriph_Driver\src\stm32f4xx_dac.o
DAC_GetDataOutputValue                            Libraries\STM32F4xx_StdPeriph_Driver\src\stm32f4xx_dac.o
DAC_GetFlagStatus                                 Libraries\STM32F4xx_StdPeriph_Driver\src\stm32f4xx_dac.o
DAC_GetITStatus                                   Libraries\STM32F4xx_StdPeriph_Driver\src\stm32f4xx_dac.o
DAC_ITConfig                                      Libraries\STM32F4xx_StdPeriph_Driver\src\stm32f4xx_dac.o
DAC_Init                                          Libraries\STM32F4xx_StdPeriph_Driver\src\stm32f4xx_dac.o
DAC_SetChannel1Data                               Libraries\STM32F4xx_StdPeriph_Driver\src\stm32f4xx_dac.o
DAC_SetChannel2Data                               Libraries\STM32F4xx_StdPeriph_Driver\src\stm32f4xx_dac.o
DAC_SetDualChannelData                            Libraries\STM32F4xx_StdPeriph_Driver\src\stm32f4xx_dac.o
DAC_SoftwareTriggerCmd                            Libraries\STM32F4xx_StdPeriph_Driver\src\stm32f4xx_dac.o
DAC_StructInit                                    Libraries\STM32F4xx_StdPeriph_Driver\src\stm32f4xx_dac.o
DAC_WaveGenerationCmd                             Libraries\STM32F4xx_StdPeriph_Driver\src\stm32f4xx_dac.o
DBGMCU_APB1PeriphConfig                           Libraries\STM32F4xx_StdPeriph_Driver\src\stm32f4xx_dbgmcu.o
DBGMCU_APB2PeriphConfig                           Libraries\STM32F4xx_StdPeriph_Driver\src\stm32f4xx_dbgmcu.o
DBGMCU_Config                                     Libraries\STM32F4xx_StdPeriph_Driver\src\stm32f4xx_dbgmcu.o
DBGMCU_GetDEVID                                   Libraries\STM32F4xx_StdPeriph_Driver\src\stm32f4xx_dbgmcu.o
DBGMCU_GetREVID                                   Libraries\STM32F4xx_StdPeriph_Driver\src\stm32f4xx_dbgmcu.o
DCMI_CROPCmd                                      Libraries\STM32F4xx_StdPeriph_Driver\src\stm32f4xx_dcmi.o
DCMI_CROPConfig                                   Libraries\STM32F4xx_StdPeriph_Driver\src\stm32f4xx_dcmi.o
DCMI_CaptureCmd                                   Libraries\STM32F4xx_StdPeriph_Driver\src\stm32f4xx_dcmi.o
DCMI_ClearFlag                                    Libraries\STM32F4xx_StdPeriph_Driver\src\stm32f4xx_dcmi.o
DCMI_ClearITPendingBit                            Libraries\STM32F4xx_StdPeriph_Driver\src\stm32f4xx_dcmi.o
DCMI_Cmd                                          Libraries\STM32F4xx_StdPeriph_Driver\src\stm32f4xx_dcmi.o
DCMI_DeInit                                       Libraries\STM32F4xx_StdPeriph_Driver\src\stm32f4xx_dcmi.o
DCMI_GetFlagStatus                                Libraries\STM32F4xx_StdPeriph_Driver\src\stm32f4xx_dcmi.o
DCMI_GetITStatus                                  Libraries\STM32F4xx_StdPeriph_Driver\src\stm32f4xx_dcmi.o
DCMI_IRQHandler                                   src\startup_stm32f40xx.o
DCMI_ITConfig                                     Libraries\STM32F4xx_StdPeriph_Driver\src\stm32f4xx_dcmi.o
DCMI_Init                                         Libraries\STM32F4xx_StdPeriph_Driver\src\stm32f4xx_dcmi.o
DCMI_JPEGCmd                                      Libraries\STM32F4xx_StdPeriph_Driver\src\stm32f4xx_dcmi.o
DCMI_ReadData                                     Libraries\STM32F4xx_StdPeriph_Driver\src\stm32f4xx_dcmi.o
DCMI_SetEmbeddedSynchroCodes                      Libraries\STM32F4xx_StdPeriph_Driver\src\stm32f4xx_dcmi.o
DCMI_StructInit                                   Libraries\STM32F4xx_StdPeriph_Driver\src\stm32f4xx_dcmi.o
DMA1_Stream0_IRQHandler                           src\startup_stm32f40xx.o
DMA1_Stream1_IRQHandler                           src\startup_stm32f40xx.o
DMA1_Stream2_IRQHandler                           src\startup_stm32f40xx.o
DMA1_Stream3_IRQHandler                           src\startup_stm32f40xx.o
DMA1_Stream4_IRQHandler                           src\startup_stm32f40xx.o
DMA1_Stream5_IRQHandler                           src\startup_stm32f40xx.o
DMA1_Stream6_IRQHandler                           src\startup_stm32f40xx.o
DMA1_Stream7_IRQHandler                           src\startup_stm32f40xx.o
DMA2_Stream0_IRQHandler                           src\startup_stm32f40xx.o
DMA2_Stream1_IRQHandler                           src\startup_stm32f40xx.o
DMA2_Stream2_IRQHandler                           src\startup_stm32f40xx.o
DMA2_Stream3_IRQHandler                           src\startup_stm32f40xx.o
DMA2_Stream4_IRQHandler                           src\startup_stm32f40xx.o
DMA2_Stream5_IRQHandler                           src\startup_stm32f40xx.o
DMA2_Stream6_IRQHandler                           src\startup_stm32f40xx.o
DMA2_Stream7_IRQHandler                           src\startup_stm32f40xx.o
DMA_ClearFlag                                     Libraries\STM32F4xx_StdPeriph_Driver\src\stm32f4xx_dma.o
DMA_ClearITPendingBit                             Libraries\STM32F4xx_StdPeriph_Driver\src\stm32f4xx_dma.o
DMA_Cmd                                           Libraries\STM32F4xx_StdPeriph_Driver\src\stm32f4xx_dma.o
DMA_DeInit                                        Libraries\STM32F4xx_StdPeriph_Driver\src\stm32f4xx_dma.o
DMA_DoubleBufferModeCmd                           Libraries\STM32F4xx_StdPeriph_Driver\src\stm32f4xx_dma.o
DMA_DoubleBufferModeConfig                        Libraries\STM32F4xx_StdPeriph_Driver\src\stm32f4xx_dma.o
DMA_FlowControllerConfig                          Libraries\STM32F4xx_StdPeriph_Driver\src\stm32f4xx_dma.o
DMA_GetCmdStatus                                  Libraries\STM32F4xx_StdPeriph_Driver\src\stm32f4xx_dma.o
DMA_GetCurrDataCounter                            Libraries\STM32F4xx_StdPeriph_Driver\src\stm32f4xx_dma.o
DMA_GetCurrentMemoryTarget                        Libraries\STM32F4xx_StdPeriph_Driver\src\stm32f4xx_dma.o
DMA_GetFIFOStatus                                 Libraries\STM32F4xx_StdPeriph_Driver\src\stm32f4xx_dma.o
DMA_GetFlagStatus                                 Libraries\STM32F4xx_StdPeriph_Driver\src\stm32f4xx_dma.o
DMA_GetITStatus                                   Libraries\STM32F4xx_StdPeriph_Driver\src\stm32f4xx_dma.o
DMA_ITConfig                                      Libraries\STM32F4xx_StdPeriph_Driver\src\stm32f4xx_dma.o
DMA_Init                                          Libraries\STM32F4xx_StdPeriph_Driver\src\stm32f4xx_dma.o
DMA_MemoryTargetConfig                            Libraries\STM32F4xx_StdPeriph_Driver\src\stm32f4xx_dma.o
DMA_PeriphIncOffsetSizeConfig                     Libraries\STM32F4xx_StdPeriph_Driver\src\stm32f4xx_dma.o
DMA_SetCurrDataCounter                            Libraries\STM32F4xx_StdPeriph_Driver\src\stm32f4xx_dma.o
DMA_StructInit                                    Libraries\STM32F4xx_StdPeriph_Driver\src\stm32f4xx_dma.o
DebugMon_Handler                                  src\stm32f4xx_it.o
                                                  src\startup_stm32f40xx.o
DefaultTuningSettings                             src\vl53l0x_api.o
Default_Handler                                   src\startup_stm32f40xx.o
Delay                                             src\main.o
ETH_IRQHandler                                    src\startup_stm32f40xx.o
ETH_WKUP_IRQHandler                               src\startup_stm32f40xx.o
EXTI0_IRQHandler                                  src\startup_stm32f40xx.o
EXTI15_10_IRQHandler                              src\startup_stm32f40xx.o
EXTI1_IRQHandler                                  src\startup_stm32f40xx.o
EXTI2_IRQHandler                                  src\startup_stm32f40xx.o
EXTI3_IRQHandler                                  src\startup_stm32f40xx.o
EXTI4_IRQHandler                                  src\main.o
EXTI9_5_IRQHandler                                src\startup_stm32f40xx.o
EXTI_ClearFlag                                    Libraries\STM32F4xx_StdPeriph_Driver\src\stm32f4xx_exti.o
EXTI_ClearITPendingBit                            Libraries\STM32F4xx_StdPeriph_Driver\src\stm32f4xx_exti.o
                                                  src\main.o
EXTI_DeInit                                       Libraries\STM32F4xx_StdPeriph_Driver\src\stm32f4xx_exti.o
EXTI_GenerateSWInterrupt                          Libraries\STM32F4xx_StdPeriph_Driver\src\stm32f4xx_exti.o
EXTI_GetFlagStatus                                Libraries\STM32F4xx_StdPeriph_Driver\src\stm32f4xx_exti.o
EXTI_GetITStatus                                  Libraries\STM32F4xx_StdPeriph_Driver\src\stm32f4xx_exti.o
                                                  src\main.o
EXTI_Init                                         Libraries\STM32F4xx_StdPeriph_Driver\src\stm32f4xx_exti.o
                                                  src\main.o
EXTI_StructInit                                   Libraries\STM32F4xx_StdPeriph_Driver\src\stm32f4xx_exti.o
FLASH_ClearFlag                                   Libraries\STM32F4xx_StdPeriph_Driver\src\stm32f4xx_flash.o
FLASH_DataCacheCmd                                Libraries\STM32F4xx_StdPeriph_Driver\src\stm32f4xx_flash.o
FLASH_DataCacheReset                              Libraries\STM32F4xx_StdPeriph_Driver\src\stm32f4xx_flash.o
FLASH_EraseAllSectors                             Libraries\STM32F4xx_StdPeriph_Driver\src\stm32f4xx_flash.o
FLASH_EraseSector                                 Libraries\STM32F4xx_StdPeriph_Driver\src\stm32f4xx_flash.o
FLASH_GetFlagStatus                               Libraries\STM32F4xx_StdPeriph_Driver\src\stm32f4xx_flash.o
FLASH_GetStatus                                   Libraries\STM32F4xx_StdPeriph_Driver\src\stm32f4xx_flash.o
FLASH_IRQHandler                                  src\startup_stm32f40xx.o
FLASH_ITConfig                                    Libraries\STM32F4xx_StdPeriph_Driver\src\stm32f4xx_flash.o
FLASH_InstructionCacheCmd                         Libraries\STM32F4xx_StdPeriph_Driver\src\stm32f4xx_flash.o
FLASH_InstructionCacheReset                       Libraries\STM32F4xx_StdPeriph_Driver\src\stm32f4xx_flash.o
FLASH_Lock                                        Libraries\STM32F4xx_StdPeriph_Driver\src\stm32f4xx_flash.o
FLASH_OB_BORConfig                                Libraries\STM32F4xx_StdPeriph_Driver\src\stm32f4xx_flash.o
FLASH_OB_GetBOR                                   Libraries\STM32F4xx_StdPeriph_Driver\src\stm32f4xx_flash.o
FLASH_OB_GetRDP                                   Libraries\STM32F4xx_StdPeriph_Driver\src\stm32f4xx_flash.o
FLASH_OB_GetUser                                  Libraries\STM32F4xx_StdPeriph_Driver\src\stm32f4xx_flash.o
FLASH_OB_GetWRP                                   Libraries\STM32F4xx_StdPeriph_Driver\src\stm32f4xx_flash.o
FLASH_OB_GetWRP1                                  Libraries\STM32F4xx_StdPeriph_Driver\src\stm32f4xx_flash.o
FLASH_OB_Launch                                   Libraries\STM32F4xx_StdPeriph_Driver\src\stm32f4xx_flash.o