Archive member included to satisfy reference by file (symbol)

c:/program files (x86)/atollic/truestudio for stm32 9.0.0/armtools/bin/../lib/gcc/arm-atollic-eabi/6.3.1/../../../../arm-atollic-eabi/lib/armv7e-m/fpu\libc_nano.a(lib_a-init.o)
                              startup\startup_stm32f405xx.o (__libc_init_array)
c:/program files (x86)/atollic/truestudio for stm32 9.0.0/armtools/bin/../lib/gcc/arm-atollic-eabi/6.3.1/../../../../arm-atollic-eabi/lib/armv7e-m/fpu\libc_nano.a(lib_a-memset.o)
                              Src\vl53l0x_api.o (memset)
c:/program files (x86)/atollic/truestudio for stm32 9.0.0/armtools/bin/../lib/gcc/arm-atollic-eabi/6.3.1/../../../../arm-atollic-eabi/lib/armv7e-m/fpu\libc_nano.a(lib_a-printf.o)
                              Src\main.o (printf)
c:/program files (x86)/atollic/truestudio for stm32 9.0.0/armtools/bin/../lib/gcc/arm-atollic-eabi/6.3.1/../../../../arm-atollic-eabi/lib/armv7e-m/fpu\libc_nano.a(lib_a-strcpy.o)
                              Src\vl53l0x_api_core.o (strcpy)
c:/program files (x86)/atollic/truestudio for stm32 9.0.0/armtools/bin/../lib/gcc/arm-atollic-eabi/6.3.1/../../../../arm-atollic-eabi/lib/armv7e-m/fpu\libc_nano.a(lib_a-findfp.o)
                              c:/program files (x86)/atollic/truestudio for stm32 9.0.0/armtools/bin/../lib/gcc/arm-atollic-eabi/6.3.1/../../../../arm-atollic-eabi/lib/armv7e-m/fpu\libc_nano.a(lib_a-printf.o) (__sinit)
c:/program files (x86)/atollic/truestudio for stm32 9.0.0/armtools/bin/../lib/gcc/arm-atollic-eabi/6.3.1/../../../../arm-atollic-eabi/lib/armv7e-m/fpu\libc_nano.a(lib_a-fwalk.o)
                              c:/program files (x86)/atollic/truestudio for stm32 9.0.0/armtools/bin/../lib/gcc/arm-atollic-eabi/6.3.1/../../../../arm-atollic-eabi/lib/armv7e-m/fpu\libc_nano.a(lib_a-findfp.o) (_fwalk)
c:/program files (x86)/atollic/truestudio for stm32 9.0.0/armtools/bin/../lib/gcc/arm-atollic-eabi/6.3.1/../../../../arm-atollic-eabi/lib/armv7e-m/fpu\libc_nano.a(lib_a-impure.o)
                              c:/program files (x86)/atollic/truestudio for stm32 9.0.0/armtools/bin/../lib/gcc/arm-atollic-eabi/6.3.1/../../../../arm-atollic-eabi/lib/armv7e-m/fpu\libc_nano.a(lib_a-findfp.o) (_global_impure_ptr)
c:/program files (x86)/atollic/truestudio for stm32 9.0.0/armtools/bin/../lib/gcc/arm-atollic-eabi/6.3.1/../../../../arm-atollic-eabi/lib/armv7e-m/fpu\libc_nano.a(lib_a-nano-mallocr.o)
                              c:/program files (x86)/atollic/truestudio for stm32 9.0.0/armtools/bin/../lib/gcc/arm-atollic-eabi/6.3.1/../../../../arm-atollic-eabi/lib/armv7e-m/fpu\libc_nano.a(lib_a-findfp.o) (_malloc_r)
c:/program files (x86)/atollic/truestudio for stm32 9.0.0/armtools/bin/../lib/gcc/arm-atollic-eabi/6.3.1/../../../../arm-atollic-eabi/lib/armv7e-m/fpu\libc_nano.a(lib_a-nano-vfprintf.o)
                              c:/program files (x86)/atollic/truestudio for stm32 9.0.0/armtools/bin/../lib/gcc/arm-atollic-eabi/6.3.1/../../../../arm-atollic-eabi/lib/armv7e-m/fpu\libc_nano.a(lib_a-printf.o) (_vfprintf_r)
c:/program files (x86)/atollic/truestudio for stm32 9.0.0/armtools/bin/../lib/gcc/arm-atollic-eabi/6.3.1/../../../../arm-atollic-eabi/lib/armv7e-m/fpu\libc_nano.a(lib_a-nano-vfprintf_i.o)
                              c:/program files (x86)/atollic/truestudio for stm32 9.0.0/armtools/bin/../lib/gcc/arm-atollic-eabi/6.3.1/../../../../arm-atollic-eabi/lib/armv7e-m/fpu\libc_nano.a(lib_a-nano-vfprintf.o) (_printf_i)
c:/program files (x86)/atollic/truestudio for stm32 9.0.0/armtools/bin/../lib/gcc/arm-atollic-eabi/6.3.1/../../../../arm-atollic-eabi/lib/armv7e-m/fpu\libc_nano.a(lib_a-sbrkr.o)
                              c:/program files (x86)/atollic/truestudio for stm32 9.0.0/armtools/bin/../lib/gcc/arm-atollic-eabi/6.3.1/../../../../arm-atollic-eabi/lib/armv7e-m/fpu\libc_nano.a(lib_a-nano-mallocr.o) (_sbrk_r)
c:/program files (x86)/atollic/truestudio for stm32 9.0.0/armtools/bin/../lib/gcc/arm-atollic-eabi/6.3.1/../../../../arm-atollic-eabi/lib/armv7e-m/fpu\libc_nano.a(lib_a-stdio.o)
                              c:/program files (x86)/atollic/truestudio for stm32 9.0.0/armtools/bin/../lib/gcc/arm-atollic-eabi/6.3.1/../../../../arm-atollic-eabi/lib/armv7e-m/fpu\libc_nano.a(lib_a-findfp.o) (__sread)
c:/program files (x86)/atollic/truestudio for stm32 9.0.0/armtools/bin/../lib/gcc/arm-atollic-eabi/6.3.1/../../../../arm-atollic-eabi/lib/armv7e-m/fpu\libc_nano.a(lib_a-wbuf.o)
                              c:/program files (x86)/atollic/truestudio for stm32 9.0.0/armtools/bin/../lib/gcc/arm-atollic-eabi/6.3.1/../../../../arm-atollic-eabi/lib/armv7e-m/fpu\libc_nano.a(lib_a-nano-vfprintf.o) (__swbuf_r)
c:/program files (x86)/atollic/truestudio for stm32 9.0.0/armtools/bin/../lib/gcc/arm-atollic-eabi/6.3.1/../../../../arm-atollic-eabi/lib/armv7e-m/fpu\libc_nano.a(lib_a-writer.o)
[...]
Memory Configuration

Name             Origin             Length             Attributes
RAM              0x20000000         0x00020000         xrw
CCMRAM           0x10000000         0x00010000         rw
FLASH            0x08000000         0x00100000         xr
*default*        0x00000000         0xffffffff

Linker script and memory map

LOAD c:/program files (x86)/atollic/truestudio for stm32 9.0.0/armtools/bin/../lib/gcc/arm-atollic-eabi/6.3.1/armv7e-m/fpu/crti.o
LOAD c:/program files (x86)/atollic/truestudio for stm32 9.0.0/armtools/bin/../lib/gcc/arm-atollic-eabi/6.3.1/armv7e-m/fpu/crtbegin.o
LOAD Drivers\STM32F4xx_HAL_Driver\Src\stm32f4xx_hal.o
LOAD Drivers\STM32F4xx_HAL_Driver\Src\stm32f4xx_hal_cortex.o
LOAD Drivers\STM32F4xx_HAL_Driver\Src\stm32f4xx_hal_dma.o
LOAD Drivers\STM32F4xx_HAL_Driver\Src\stm32f4xx_hal_dma_ex.o
LOAD Drivers\STM32F4xx_HAL_Driver\Src\stm32f4xx_hal_flash.o
LOAD Drivers\STM32F4xx_HAL_Driver\Src\stm32f4xx_hal_flash_ex.o
LOAD Drivers\STM32F4xx_HAL_Driver\Src\stm32f4xx_hal_flash_ramfunc.o
LOAD Drivers\STM32F4xx_HAL_Driver\Src\stm32f4xx_hal_gpio.o
LOAD Drivers\STM32F4xx_HAL_Driver\Src\stm32f4xx_hal_i2c.o
LOAD Drivers\STM32F4xx_HAL_Driver\Src\stm32f4xx_hal_i2c_ex.o
LOAD Drivers\STM32F4xx_HAL_Driver\Src\stm32f4xx_hal_pwr.o
LOAD Drivers\STM32F4xx_HAL_Driver\Src\stm32f4xx_hal_pwr_ex.o
LOAD Drivers\STM32F4xx_HAL_Driver\Src\stm32f4xx_hal_rcc.o
LOAD Drivers\STM32F4xx_HAL_Driver\Src\stm32f4xx_hal_rcc_ex.o
LOAD Drivers\STM32F4xx_HAL_Driver\Src\stm32f4xx_hal_tim.o
LOAD Drivers\STM32F4xx_HAL_Driver\Src\stm32f4xx_hal_tim_ex.o
LOAD Drivers\STM32F4xx_HAL_Driver\Src\stm32f4xx_hal_uart.o
LOAD Src\gpio.o
LOAD Src\i2c.o
LOAD Src\main.o
LOAD Src\stm32f4xx_hal_msp.o
LOAD Src\stm32f4xx_it.o
LOAD Src\system_stm32f4xx.o
LOAD Src\usart.o
LOAD Src\vl53l0x_api.o
LOAD Src\vl53l0x_api_calibration.o
LOAD Src\vl53l0x_api_core.o
LOAD Src\vl53l0x_api_ranging.o
LOAD Src\vl53l0x_api_strings.o
LOAD Src\vl53l0x_platform.o
LOAD startup\startup_stm32f405xx.o
                0x00000080                malloc_getpagesize_P = 0x80
START GROUP
LOAD c:/program files (x86)/atollic/truestudio for stm32 9.0.0/armtools/bin/../lib/gcc/arm-atollic-eabi/6.3.1/../../../../arm-atollic-eabi/lib/armv7e-m/fpu\libc_nano.a
LOAD c:/program files (x86)/atollic/truestudio for stm32 9.0.0/armtools/bin/../lib/gcc/arm-atollic-eabi/6.3.1/../../../../arm-atollic-eabi/lib/armv7e-m/fpu\libm.a
END GROUP
START GROUP
LOAD c:/program files (x86)/atollic/truestudio for stm32 9.0.0/armtools/bin/../lib/gcc/arm-atollic-eabi/6.3.1/armv7e-m/fpu\libgcc.a
LOAD c:/program files (x86)/atollic/truestudio for stm32 9.0.0/armtools/bin/../lib/gcc/arm-atollic-eabi/6.3.1/../../../../arm-atollic-eabi/lib/armv7e-m/fpu\libc_nano.a
END GROUP
START GROUP
LOAD c:/program files (x86)/atollic/truestudio for stm32 9.0.0/armtools/bin/../lib/gcc/arm-atollic-eabi/6.3.1/armv7e-m/fpu\libgcc.a
LOAD c:/program files (x86)/atollic/truestudio for stm32 9.0.0/armtools/bin/../lib/gcc/arm-atollic-eabi/6.3.1/../../../../arm-atollic-eabi/lib/armv7e-m/fpu\libc_nano.a
LOAD c:/program files (x86)/atollic/truestudio for stm32 9.0.0/armtools/bin/../lib/gcc/arm-atollic-eabi/6.3.1/../../../../arm-atollic-eabi/lib/armv7e-m/fpu\libnosys.a
END GROUP
START GROUP
LOAD c:/program files (x86)/atollic/truestudio for stm32 9.0.0/armtools/bin/../lib/gcc/arm-atollic-eabi/6.3.1/armv7e-m/fpu\libgcc.a
LOAD c:/program files (x86)/atollic/truestudio for stm32 9.0.0/armtools/bin/../lib/gcc/arm-atollic-eabi/6.3.1/../../../../arm-atollic-eabi/lib/armv7e-m/fpu\libc_nano.a
LOAD c:/program files (x86)/atollic/truestudio for stm32 9.0.0/armtools/bin/../lib/gcc/arm-atollic-eabi/6.3.1/../../../../arm-atollic-eabi/lib/armv7e-m/fpu\libnosys.a
END GROUP
LOAD c:/program files (x86)/atollic/truestudio for stm32 9.0.0/armtools/bin/../lib/gcc/arm-atollic-eabi/6.3.1/armv7e-m/fpu/crtend.o
LOAD c:/program files (x86)/atollic/truestudio for stm32 9.0.0/armtools/bin/../lib/gcc/arm-atollic-eabi/6.3.1/armv7e-m/fpu/crtn.o
                0x20020000                _estack = 0x20020000
                0x00000200                _Min_Heap_Size = 0x200
                0x00000400                _Min_Stack_Size = 0x400

.isr_vector     0x08000000      0x188
                0x08000000                . = ALIGN (0x4)
 *(.isr_vector)
 .isr_vector    0x08000000      0x188 startup\startup_stm32f405xx.o
                0x08000000                g_pfnVectors
                0x08000188                . = ALIGN (0x4)

.text           0x08000190     0x506c
                0x08000190                . = ALIGN (0x4)
 *(.text)
 .text          0x08000190       0x40 c:/program files (x86)/atollic/truestudio for stm32 9.0.0/armtools/bin/../lib/gcc/arm-atollic-eabi/6.3.1/armv7e-m/fpu/crtbegin.o
 .text          0x080001d0       0xa0 c:/program files (x86)/atollic/truestudio for stm32 9.0.0/armtools/bin/../lib/gcc/arm-atollic-eabi/6.3.1/../../../../arm-atollic-eabi/lib/armv7e-m/fpu\libc_nano.a(lib_a-memchr.o)
                0x080001d0                memchr
 .text          0x08000270       0x30 c:/program files (x86)/atollic/truestudio for stm32 9.0.0/armtools/bin/../lib/gcc/arm-atollic-eabi/6.3.1/armv7e-m/fpu\libgcc.a(_aeabi_uldivmod.o)
                0x08000270                __aeabi_uldivmod
 .text          0x080002a0      0x2dc c:/program files (x86)/atollic/truestudio for stm32 9.0.0/armtools/bin/../lib/gcc/arm-atollic-eabi/6.3.1/armv7e-m/fpu\libgcc.a(_udivmoddi4.o)
                0x080002a0                __udivmoddi4
 .text          0x0800057c        0x4 c:/program files (x86)/atollic/truestudio for stm32 9.0.0/armtools/bin/../lib/gcc/arm-atollic-eabi/6.3.1/armv7e-m/fpu\libgcc.a(_dvmd_tls.o)
                0x0800057c                __aeabi_idiv0
                0x0800057c                __aeabi_ldiv0
 *(.text*)
 .text.HAL_InitTick
                0x08000580       0x28 Drivers\STM32F4xx_HAL_Driver\Src\stm32f4xx_hal.o
                0x08000580                HAL_InitTick
 .text.HAL_Init
                0x080005a8       0x34 Drivers\STM32F4xx_HAL_Driver\Src\stm32f4xx_hal.o
                0x080005a8                HAL_Init
 .text.HAL_IncTick
                0x080005dc       0x10 Drivers\STM32F4xx_HAL_Driver\Src\stm32f4xx_hal.o
                0x080005dc                HAL_IncTick
 .text.HAL_GetTick
                0x080005ec        0xc Drivers\STM32F4xx_HAL_Driver\Src\stm32f4xx_hal.o
                0x080005ec                HAL_GetTick
 .text.HAL_Delay
                0x080005f8       0x20 Drivers\STM32F4xx_HAL_Driver\Src\stm32f4xx_hal.o
                0x080005f8                HAL_Delay
 .text.HAL_NVIC_SetPriorityGrouping
                0x08000618       0x24 Drivers\STM32F4xx_HAL_Driver\Src\stm32f4xx_hal_cortex.o
                0x08000618                HAL_NVIC_SetPriorityGrouping
 .text.HAL_NVIC_SetPriority
                0x0800063c       0x68 Drivers\STM32F4xx_HAL_Driver\Src\stm32f4xx_hal_cortex.o
                0x0800063c                HAL_NVIC_SetPriority
 .text.HAL_NVIC_EnableIRQ
                0x080006a4       0x18 Drivers\STM32F4xx_HAL_Driver\Src\stm32f4xx_hal_cortex.o
                0x080006a4                HAL_NVIC_EnableIRQ
 .text.HAL_SYSTICK_Config
                0x080006bc       0x2c Drivers\STM32F4xx_HAL_Driver\Src\stm32f4xx_hal_cortex.o
                0x080006bc                HAL_SYSTICK_Config
 .text.HAL_SYSTICK_CLKSourceConfig
                0x080006e8       0x18 Drivers\STM32F4xx_HAL_Driver\Src\stm32f4xx_hal_cortex.o
                0x080006e8                HAL_SYSTICK_CLKSourceConfig
 .text.HAL_SYSTICK_Callback
                0x08000700        0x2 Drivers\STM32F4xx_HAL_Driver\Src\stm32f4xx_hal_cortex.o
                0x08000700                HAL_SYSTICK_Callback
 .text.HAL_SYSTICK_IRQHandler
                0x08000702        0x8 Drivers\STM32F4xx_HAL_Driver\Src\stm32f4xx_hal_cortex.o
                0x08000702                HAL_SYSTICK_IRQHandler
 .text.HAL_DMA_Abort_IT
                0x0800070a       0x24 Drivers\STM32F4xx_HAL_Driver\Src\stm32f4xx_hal_dma.o
                0x0800070a                HAL_DMA_Abort_IT
 *fill*         0x0800072e        0x2 
 .text.HAL_GPIO_Init
                0x08000730      0x1c0 Drivers\STM32F4xx_HAL_Driver\Src\stm32f4xx_hal_gpio.o
                0x08000730                HAL_GPIO_Init
 .text.HAL_GPIO_WritePin
                0x080008f0        0xa Drivers\STM32F4xx_HAL_Driver\Src\stm32f4xx_hal_gpio.o
                0x080008f0                HAL_GPIO_WritePin
 .text.I2C_IsAcknowledgeFailed
                0x080008fa       0x2a Drivers\STM32F4xx_HAL_Driver\Src\stm32f4xx_hal_i2c.o
 .text.I2C_WaitOnMasterAddressFlagUntilTimeout
                0x08000924       0x80 Drivers\STM32F4xx_HAL_Driver\Src\stm32f4xx_hal_i2c.o
 .text.I2C_WaitOnFlagUntilTimeout
                0x080009a4       0x5c Drivers\STM32F4xx_HAL_Driver\Src\stm32f4xx_hal_i2c.o
 .text.I2C_WaitOnTXEFlagUntilTimeout
                0x08000a00       0x4c Drivers\STM32F4xx_HAL_Driver\Src\stm32f4xx_hal_i2c.o
 .text.I2C_RequestMemoryWrite
                0x08000a4c       0xa4 Drivers\STM32F4xx_HAL_Driver\Src\stm32f4xx_hal_i2c.o
 .text.I2C_RequestMemoryRead
                0x08000af0       0xf4 Drivers\STM32F4xx_HAL_Driver\Src\stm32f4xx_hal_i2c.o
 .text.I2C_WaitOnRXNEFlagUntilTimeout
                0x08000be4       0x5a Drivers\STM32F4xx_HAL_Driver\Src\stm32f4xx_hal_i2c.o
 .text.I2C_WaitOnBTFFlagUntilTimeout
                0x08000c3e       0x4c Drivers\STM32F4xx_HAL_Driver\Src\stm32f4xx_hal_i2c.o
 *fill*         0x08000c8a        0x2 
 .text.HAL_I2C_Init
                0x08000c8c       0xdc Drivers\STM32F4xx_HAL_Driver\Src\stm32f4xx_hal_i2c.o
                0x08000c8c                HAL_I2C_Init
 .text.HAL_I2C_Mem_Write
                0x08000d68      0x12c Drivers\STM32F4xx_HAL_Driver\Src\stm32f4xx_hal_i2c.o
                0x08000d68                HAL_I2C_Mem_Write
 .text.HAL_I2C_Mem_Read
                0x08000e94      0x220 Drivers\STM32F4xx_HAL_Driver\Src\stm32f4xx_hal_i2c.o
                0x08000e94                HAL_I2C_Mem_Read
 .text.HAL_RCC_OscConfig
                0x080010b4      0x2ec Drivers\STM32F4xx_HAL_Driver\Src\stm32f4xx_hal_rcc.o
                0x080010b4                HAL_RCC_OscConfig
 .text.HAL_RCC_GetSysClockFreq
                0x080013a0       0x5c Drivers\STM32F4xx_HAL_Driver\Src\stm32f4xx_hal_rcc.o
                0x080013a0                HAL_RCC_GetSysClockFreq
 .text.HAL_RCC_ClockConfig
                0x080013fc      0x134 Drivers\STM32F4xx_HAL_Driver\Src\stm32f4xx_hal_rcc.o
                0x080013fc                HAL_RCC_ClockConfig
 .text.HAL_RCC_GetHCLKFreq
                0x08001530        0xc Drivers\STM32F4xx_HAL_Driver\Src\stm32f4xx_hal_rcc.o
                0x08001530                HAL_RCC_GetHCLKFreq
 .text.HAL_RCC_GetPCLK1Freq
                0x0800153c       0x20 Drivers\STM32F4xx_HAL_Driver\Src\stm32f4xx_hal_rcc.o
                0x0800153c                HAL_RCC_GetPCLK1Freq
 .text.HAL_RCC_GetPCLK2Freq
                0x0800155c       0x20 Drivers\STM32F4xx_HAL_Driver\Src\stm32f4xx_hal_rcc.o
                0x0800155c                HAL_RCC_GetPCLK2Freq
 .text.UART_EndRxTransfer
                0x0800157c       0x1a Drivers\STM32F4xx_HAL_Driver\Src\stm32f4xx_hal_uart.o
 *fill*         0x08001596        0x2 
 .text.UART_SetConfig
                0x08001598      0x234 Drivers\STM32F4xx_HAL_Driver\Src\stm32f4xx_hal_uart.o
 .text.HAL_UART_Init
                0x080017cc       0x5c Drivers\STM32F4xx_HAL_Driver\Src\stm32f4xx_hal_uart.o
                0x080017cc                HAL_UART_Init
 .text.HAL_UART_TxCpltCallback
                0x08001828        0x2 Drivers\STM32F4xx_HAL_Driver\Src\stm32f4xx_hal_uart.o
                0x08001828                HAL_UART_TxCpltCallback
 .text.HAL_UART_RxCpltCallback
                0x0800182a        0x2 Drivers\STM32F4xx_HAL_Driver\Src\stm32f4xx_hal_uart.o
                0x0800182a                HAL_UART_RxCpltCallback
 .text.UART_Receive_IT
                0x0800182c       0x74 Drivers\STM32F4xx_HAL_Driver\Src\stm32f4xx_hal_uart.o
 .text.HAL_UART_ErrorCallback
                0x080018a0        0x2 Drivers\STM32F4xx_HAL_Driver\Src\stm32f4xx_hal_uart.o
                0x080018a0                HAL_UART_ErrorCallback
 *fill*         0x080018a2        0x2 
 .text.HAL_UART_IRQHandler
                0x080018a4      0x140 Drivers\STM32F4xx_HAL_Driver\Src\stm32f4xx_hal_uart.o
                0x080018a4                HAL_UART_IRQHandler
 .text.UART_DMAAbortOnError
                0x080019e4       0x10 Drivers\STM32F4xx_HAL_Driver\Src\stm32f4xx_hal_uart.o
 .text.MX_GPIO_Init
                0x080019f4       0x94 Src\gpio.o
                0x080019f4                MX_GPIO_Init
 .text.MX_I2C1_Init
                0x08001a88       0x40 Src\i2c.o
                0x08001a88                MX_I2C1_Init
 .text.HAL_I2C_MspInit
                0x08001ac8       0x54 Src\i2c.o
                0x08001ac8                HAL_I2C_MspInit
 .text.SystemClock_Config
                0x08001b1c       0x94 Src\main.o
                0x08001b1c                SystemClock_Config
 .text.startup.main
                0x08001bb0      0x130 Src\main.o
                0x08001bb0                main
 .text._Error_Handler
                0x08001ce0        0x2 Src\main.o
                0x08001ce0                _Error_Handler
 .text.HAL_MspInit
                0x08001ce2       0x60 Src\stm32f4xx_hal_msp.o
                0x08001ce2                HAL_MspInit
 .text.NMI_Handler
                0x08001d42        0x2 Src\stm32f4xx_it.o
                0x08001d42                NMI_Handler
 .text.HardFault_Handler
                0x08001d44        0x2 Src\stm32f4xx_it.o
                0x08001d44                HardFault_Handler
 .text.MemManage_Handler
                0x08001d46        0x2 Src\stm32f4xx_it.o
                0x08001d46                MemManage_Handler
 .text.BusFault_Handler
                0x08001d48        0x2 Src\stm32f4xx_it.o
                0x08001d48                BusFault_Handler
 .text.UsageFault_Handler
                0x08001d4a        0x2 Src\stm32f4xx_it.o
                0x08001d4a                UsageFault_Handler
 .text.SVC_Handler
                0x08001d4c        0x2 Src\stm32f4xx_it.o
                0x08001d4c                SVC_Handler
 .text.DebugMon_Handler
                0x08001d4e        0x2 Src\stm32f4xx_it.o
                0x08001d4e                DebugMon_Handler
 .text.PendSV_Handler
                0x08001d50        0x2 Src\stm32f4xx_it.o
                0x08001d50                PendSV_Handler
 .text.SysTick_Handler
                0x08001d52        0xe Src\stm32f4xx_it.o
                0x08001d52                SysTick_Handler
 .text.USART2_IRQHandler
                0x08001d60        0xc Src\stm32f4xx_it.o
                0x08001d60                USART2_IRQHandler
 .text.SystemInit
                0x08001d6c       0x4c Src\system_stm32f4xx.o
                0x08001d6c                SystemInit
 .text.MX_USART2_UART_Init
                0x08001db8       0x40 Src\usart.o
                0x08001db8                MX_USART2_UART_Init
 .text.HAL_UART_MspInit
                0x08001df8       0x70 Src\usart.o
                0x08001df8                HAL_UART_MspInit
 .text.VL53L0X_SetDeviceMode
                0x08001e68       0x20 Src\vl53l0x_api.o
                0x08001e68                VL53L0X_SetDeviceMode
 .text.VL53L0X_GetFractionEnable
                0x08001e88       0x18 Src\vl53l0x_api.o
                0x08001e88                VL53L0X_GetFractionEnable
 .text.VL53L0X_SetMeasurementTimingBudgetMicroSeconds
                0x08001ea0        0x4 Src\vl53l0x_api.o
                0x08001ea0                VL53L0X_SetMeasurementTimingBudgetMicroSeconds
 .text.VL53L0X_GetVcselPulsePeriod
                0x08001ea4        0x4 Src\vl53l0x_api.o
                0x08001ea4                VL53L0X_GetVcselPulsePeriod
 .text.VL53L0X_SetSequenceStepEnable
                0x08001ea8       0xa2 Src\vl53l0x_api.o
                0x08001ea8                VL53L0X_SetSequenceStepEnable
 .text.VL53L0X_GetSequenceStepEnables
                0x08001f4a       0x38 Src\vl53l0x_api.o
                0x08001f4a                VL53L0X_GetSequenceStepEnables
 .text.VL53L0X_GetInterMeasurementPeriodMilliSeconds
                0x08001f82       0x34 Src\vl53l0x_api.o
                0x08001f82                VL53L0X_GetInterMeasurementPeriodMilliSeconds
 .text.VL53L0X_GetXTalkCompensationEnable
                0x08001fb6        0x8 Src\vl53l0x_api.o
                0x08001fb6                VL53L0X_GetXTalkCompensationEnable
 .text.VL53L0X_GetXTalkCompensationRateMegaCps
                0x08001fbe       0x2e Src\vl53l0x_api.o
                0x08001fbe                VL53L0X_GetXTalkCompensationRateMegaCps
 .text.VL53L0X_SetLimitCheckEnable
                0x08001fec       0x7e Src\vl53l0x_api.o
                0x08001fec                VL53L0X_SetLimitCheckEnable
 .text.VL53L0X_GetLimitCheckEnable
                0x0800206a       0x1c Src\vl53l0x_api.o
                0x0800206a                VL53L0X_GetLimitCheckEnable
 .text.VL53L0X_SetLimitCheckValue
                0x08002086       0x5a Src\vl53l0x_api.o
                0x08002086                VL53L0X_SetLimitCheckValue
 .text.VL53L0X_GetLimitCheckValue
                0x080020e0       0x6a Src\vl53l0x_api.o
                0x080020e0                VL53L0X_GetLimitCheckValue
 .text.VL53L0X_GetWrapAroundCheckEnable
                0x0800214a       0x2e Src\vl53l0x_api.o
                0x0800214a                VL53L0X_GetWrapAroundCheckEnable
 .text.VL53L0X_GetDeviceParameters
                0x08002178       0x76 Src\vl53l0x_api.o
                0x08002178                VL53L0X_GetDeviceParameters
 *fill*         0x080021ee        0x2 
 .text.VL53L0X_DataInit
                0x080021f0      0x194 Src\vl53l0x_api.o
                0x080021f0                VL53L0X_DataInit
 .text.VL53L0X_PerformRefCalibration
                0x08002384        0x6 Src\vl53l0x_api.o
                0x08002384                VL53L0X_PerformRefCalibration
 .text.VL53L0X_GetRangingMeasurementData
                0x0800238a      0x13a Src\vl53l0x_api.o
                0x0800238a                VL53L0X_GetRangingMeasurementData
 .text.VL53L0X_GetInterruptThresholds
                0x080024c4       0x40 Src\vl53l0x_api.o
                0x080024c4                VL53L0X_GetInterruptThresholds
 .text.VL53L0X_CheckAndLoadInterruptSettings
                0x08002504       0x80 Src\vl53l0x_api.o
                0x08002504                VL53L0X_CheckAndLoadInterruptSettings
 .text.VL53L0X_StartMeasurement
                0x08002584       0xd4 Src\vl53l0x_api.o
                0x08002584                VL53L0X_StartMeasurement
 .text.VL53L0X_PerformSingleMeasurement
                0x08002658       0x28 Src\vl53l0x_api.o
                0x08002658                VL53L0X_PerformSingleMeasurement
 .text.VL53L0X_ClearInterruptMask
                0x08002680       0x58 Src\vl53l0x_api.o
                0x08002680                VL53L0X_ClearInterruptMask
 .text.VL53L0X_PerformSingleRangingMeasurement
                0x080026d8       0x28 Src\vl53l0x_api.o
                0x080026d8                VL53L0X_PerformSingleRangingMeasurement
 .text.VL53L0X_SetGpioConfig
                0x08002700      0x15a Src\vl53l0x_api.o
                0x08002700                VL53L0X_SetGpioConfig
 *fill*         0x0800285a        0x2 
 .text.VL53L0X_StaticInit
                0x0800285c      0x1a8 Src\vl53l0x_api.o
                0x0800285c                VL53L0X_StaticInit
 .text.VL53L0X_GetInterruptMaskStatus
                0x08002a04       0x26 Src\vl53l0x_api.o
                0x08002a04                VL53L0X_GetInterruptMaskStatus
 .text.VL53L0X_GetMeasurementDataReady
                0x08002a2a       0x3c Src\vl53l0x_api.o
                0x08002a2a                VL53L0X_GetMeasurementDataReady
 .text.VL53L0X_PerformRefSpadManagement
                0x08002a66        0x4 Src\vl53l0x_api.o
                0x08002a66                VL53L0X_PerformRefSpadManagement
 .text.VL53L0X_get_offset_calibration_data_micro_meter
                0x08002a6a       0x32 Src\vl53l0x_api_calibration.o
                0x08002a6a                VL53L0X_get_offset_calibration_data_micro_meter
 .text.get_next_good_spad
                0x08002a9c       0x4e Src\vl53l0x_api_calibration.o
                0x08002a9c                get_next_good_spad
 *fill*         0x08002aea        0x2 
 .text.is_aperture
                0x08002aec       0x14 Src\vl53l0x_api_calibration.o
                0x08002aec                is_aperture
 .text.enable_spad_bit
                0x08002b00       0x1e Src\vl53l0x_api_calibration.o
                0x08002b00                enable_spad_bit
 .text.set_ref_spad_map
                0x08002b1e        0xa Src\vl53l0x_api_calibration.o
                0x08002b1e                set_ref_spad_map
 .text.get_ref_spad_map
                0x08002b28        0xa Src\vl53l0x_api_calibration.o
                0x08002b28                get_ref_spad_map
 .text.enable_ref_spads
                0x08002b32       0x96 Src\vl53l0x_api_calibration.o
                0x08002b32                enable_ref_spads
 .text.perform_ref_signal_measurement
                0x08002bc8       0x58 Src\vl53l0x_api_calibration.o
                0x08002bc8                perform_ref_signal_measurement
 .text.VL53L0X_set_reference_spads
                0x08002c20       0xaa Src\vl53l0x_api_calibration.o
                0x08002c20                VL53L0X_set_reference_spads
 .text.VL53L0X_perform_single_ref_calibration
                0x08002cca       0x32 Src\vl53l0x_api_calibration.o
                0x08002cca                VL53L0X_perform_single_ref_calibration
 .text.VL53L0X_ref_calibration_io
                0x08002cfc       0xd0 Src\vl53l0x_api_calibration.o
                0x08002cfc                VL53L0X_ref_calibration_io
 .text.VL53L0X_perform_vhv_calibration
                0x08002dcc       0x74 Src\vl53l0x_api_calibration.o
                0x08002dcc                VL53L0X_perform_vhv_calibration
 .text.VL53L0X_perform_phase_calibration
                0x08002e40       0x6e Src\vl53l0x_api_calibration.o
                0x08002e40                VL53L0X_perform_phase_calibration
 .text.VL53L0X_perform_ref_calibration
                0x08002eae       0x36 Src\vl53l0x_api_calibration.o
                0x08002eae                VL53L0X_perform_ref_calibration
 .text.VL53L0X_perform_ref_spad_management
                0x08002ee4      0x268 Src\vl53l0x_api_calibration.o
                0x08002ee4                VL53L0X_perform_ref_spad_management
 .text.VL53L0X_measurement_poll_for_completion
                0x0800314c       0x36 Src\vl53l0x_api_core.o
                0x0800314c                VL53L0X_measurement_poll_for_completion
 .text.VL53L0X_isqrt
                0x08003182       0x2a Src\vl53l0x_api_core.o
                0x08003182                VL53L0X_isqrt
 .text.VL53L0X_device_read_strobe
                0x080031ac       0x44 Src\vl53l0x_api_core.o
                0x080031ac                VL53L0X_device_read_strobe
 .text.VL53L0X_get_info_from_device
                0x080031f0      0x554 Src\vl53l0x_api_core.o
                0x080031f0                VL53L0X_get_info_from_device
 .text.VL53L0X_encode_timeout
                0x08003744       0x1e Src\vl53l0x_api_core.o
                0x08003744                VL53L0X_encode_timeout
 .text.VL53L0X_decode_timeout
                0x08003762        0xc Src\vl53l0x_api_core.o
                0x08003762                VL53L0X_decode_timeout
 *fill*         0x0800376e        0x2 
 .text.VL53L0X_calc_timeout_mclks
                0x08003770       0x28 Src\vl53l0x_api_core.o
                0x08003770                VL53L0X_calc_timeout_mclks
 .text.VL53L0X_calc_timeout_us
                0x08003798       0x20 Src\vl53l0x_api_core.o
                0x08003798                VL53L0X_calc_timeout_us
 .text.get_sequence_step_timeout
                0x080037b8      0x108 Src\vl53l0x_api_core.o
                0x080037b8                get_sequence_step_timeout
 .text.set_sequence_step_timeout
                0x080038c0      0x10c Src\vl53l0x_api_core.o
                0x080038c0                set_sequence_step_timeout
 .text.VL53L0X_get_vcsel_pulse_period
                0x080039cc       0x32 Src\vl53l0x_api_core.o
                0x080039cc                VL53L0X_get_vcsel_pulse_period
 .text.VL53L0X_set_measurement_timing_budget_micro_seconds
                0x080039fe       0xc2 Src\vl53l0x_api_core.o
                0x080039fe                VL53L0X_set_measurement_timing_budget_micro_seconds
 .text.VL53L0X_get_measurement_timing_budget_micro_seconds
                0x08003ac0       0xca Src\vl53l0x_api_core.o
                0x08003ac0                VL53L0X_get_measurement_timing_budget_micro_seconds
 .text.VL53L0X_load_tuning_settings
                0x08003b8a       0xa6 Src\vl53l0x_api_core.o
                0x08003b8a                VL53L0X_load_tuning_settings
 .text.VL53L0X_get_total_xtalk_rate
                0x08003c30       0x2c Src\vl53l0x_api_core.o
                0x08003c30                VL53L0X_get_total_xtalk_rate
 .text.VL53L0X_get_total_signal_rate
                0x08003c5c       0x1c Src\vl53l0x_api_core.o
                0x08003c5c                VL53L0X_get_total_signal_rate
 .text.VL53L0X_calc_dmax
                0x08003c78       0xcc Src\vl53l0x_api_core.o
                0x08003c78                VL53L0X_calc_dmax
 .text.VL53L0X_calc_sigma_estimate
                0x08003d44      0x21c Src\vl53l0x_api_core.o
                0x08003d44                VL53L0X_calc_sigma_estimate
 .text.VL53L0X_get_pal_range_status
                0x08003f60      0x206 Src\vl53l0x_api_core.o
                0x08003f60                VL53L0X_get_pal_range_status
 *fill*         0x08004166        0x2 
 .text.i2c_write
                0x08004168       0x28 Src\vl53l0x_platform.o
 .text.i2c_read
                0x08004190       0x28 Src\vl53l0x_platform.o
 .text.VL53L0X_i2c_init
                0x080041b8        0x4 Src\vl53l0x_platform.o
                0x080041b8                VL53L0X_i2c_init
 .text.VL53L0X_WriteMulti
                0x080041bc       0x10 Src\vl53l0x_platform.o
                0x080041bc                VL53L0X_WriteMulti
 .text.VL53L0X_ReadMulti
                0x080041cc       0x10 Src\vl53l0x_platform.o
                0x080041cc                VL53L0X_ReadMulti
 .text.VL53L0X_WrByte
                0x080041dc       0x1a Src\vl53l0x_platform.o
                0x080041dc                VL53L0X_WrByte
 .text.VL53L0X_WrWord
                0x080041f6       0x20 Src\vl53l0x_platform.o
                0x080041f6                VL53L0X_WrWord
 .text.VL53L0X_UpdateByte
                0x08004216       0x3e Src\vl53l0x_platform.o
                0x08004216                VL53L0X_UpdateByte
 .text.VL53L0X_RdByte
                0x08004254       0x22 Src\vl53l0x_platform.o
                0x08004254                VL53L0X_RdByte
 .text.VL53L0X_RdWord
                0x08004276       0x24 Src\vl53l0x_platform.o
                0x08004276                VL53L0X_RdWord
 .text.VL53L0X_RdDWord
                0x0800429a       0x1e Src\vl53l0x_platform.o
                0x0800429a                VL53L0X_RdDWord
 .text.VL53L0X_PollingDelay
                0x080042b8        0x4 Src\vl53l0x_platform.o
                0x080042b8                VL53L0X_PollingDelay
 .text.Reset_Handler
                0x080042bc       0x50 startup\startup_stm32f405xx.o
                0x080042bc                Reset_Handler
 .text.Default_Handler
                0x0800430c        0x2 startup\startup_stm32f405xx.o
                0x0800430c                RTC_Alarm_IRQHandler
                0x0800430c                HASH_RNG_IRQHandler
                0x0800430c                EXTI2_IRQHandler
                0x0800430c                TIM8_CC_IRQHandler
                0x0800430c                TIM1_CC_IRQHandler
                0x0800430c                DMA2_Stream5_IRQHandler
                0x0800430c                DMA1_Stream5_IRQHandler
                0x0800430c                PVD_IRQHandler
                0x0800430c                SDIO_IRQHandler
                0x0800430c                TAMP_STAMP_IRQHandler
                0x0800430c                CAN2_RX1_IRQHandler
                0x0800430c                EXTI3_IRQHandler
                0x0800430c                TIM8_TRG_COM_TIM14_IRQHandler
                0x0800430c                TIM1_UP_TIM10_IRQHandler
                0x0800430c                TIM8_UP_TIM13_IRQHandler
                0x0800430c                I2C3_ER_IRQHandler
                0x0800430c                EXTI0_IRQHandler
                0x0800430c                I2C2_EV_IRQHandler
                0x0800430c                DMA1_Stream2_IRQHandler
                0x0800430c                CAN1_RX0_IRQHandler
                0x0800430c                FPU_IRQHandler
                0x0800430c                OTG_HS_WKUP_IRQHandler
                0x0800430c                CAN2_SCE_IRQHandler
                0x0800430c                DMA2_Stream2_IRQHandler
                0x0800430c                SPI1_IRQHandler
                0x0800430c                TIM6_DAC_IRQHandler
                0x0800430c                TIM1_BRK_TIM9_IRQHandler
                0x0800430c                CAN2_RX0_IRQHandler
                0x0800430c                DMA2_Stream3_IRQHandler
                0x0800430c                USART6_IRQHandler
                0x0800430c                USART3_IRQHandler
                0x0800430c                CAN1_RX1_IRQHandler
                0x0800430c                UART5_IRQHandler
                0x0800430c                DMA2_Stream0_IRQHandler
                0x0800430c                TIM4_IRQHandler
                0x0800430c                I2C1_EV_IRQHandler
                0x0800430c                DMA1_Stream6_IRQHandler
                0x0800430c                DMA1_Stream1_IRQHandler
                0x0800430c                UART4_IRQHandler
                0x0800430c                TIM3_IRQHandler
                0x0800430c                RCC_IRQHandler
                0x0800430c                TIM8_BRK_TIM12_IRQHandler
                0x0800430c                Default_Handler
                0x0800430c                EXTI15_10_IRQHandler
                0x0800430c                ADC_IRQHandler
                0x0800430c                DMA1_Stream7_IRQHandler
                0x0800430c                TIM7_IRQHandler
                0x0800430c                CAN2_TX_IRQHandler
                0x0800430c                TIM5_IRQHandler
                0x0800430c                DMA2_Stream7_IRQHandler
                0x0800430c                I2C3_EV_IRQHandler
                0x0800430c                EXTI9_5_IRQHandler
                0x0800430c                RTC_WKUP_IRQHandler
                0x0800430c                SPI2_IRQHandler
                0x0800430c                OTG_HS_EP1_IN_IRQHandler
                0x0800430c                DMA1_Stream0_IRQHandler
                0x0800430c                CAN1_TX_IRQHandler
                0x0800430c                EXTI4_IRQHandler
                0x0800430c                FSMC_IRQHandler
                0x0800430c                OTG_HS_EP1_OUT_IRQHandler
                0x0800430c                WWDG_IRQHandler
                0x0800430c                TIM2_IRQHandler
                0x0800430c                OTG_FS_WKUP_IRQHandler
                0x0800430c                TIM1_TRG_COM_TIM11_IRQHandler
                0x0800430c                OTG_HS_IRQHandler
                0x0800430c                EXTI1_IRQHandler
                0x0800430c                I2C2_ER_IRQHandler
                0x0800430c                DMA2_Stream1_IRQHandler
                0x0800430c                CAN1_SCE_IRQHandler
                0x0800430c                FLASH_IRQHandler
                0x0800430c                DMA2_Stream4_IRQHandler
                0x0800430c                USART1_IRQHandler
                0x0800430c                OTG_FS_IRQHandler
                0x0800430c                SPI3_IRQHandler
                0x0800430c                DMA1_Stream4_IRQHandler
                0x0800430c                I2C1_ER_IRQHandler
                0x0800430c                DMA2_Stream6_IRQHandler
                0x0800430c                DMA1_Stream3_IRQHandler
 *fill*         0x0800430e        0x2 
 .text.__libc_init_array
                0x08004310       0x48 c:/program files (x86)/atollic/truestudio for stm32 9.0.0/armtools/bin/../lib/gcc/arm-atollic-eabi/6.3.1/../../../../arm-atollic-eabi/lib/armv7e-m/fpu\libc_nano.a(lib_a-init.o)
                0x08004310                __libc_init_array
 .text.memset   0x08004358       0x10 c:/program files (x86)/atollic/truestudio for stm32 9.0.0/armtools/bin/../lib/gcc/arm-atollic-eabi/6.3.1/../../../../arm-atollic-eabi/lib/armv7e-m/fpu\libc_nano.a(lib_a-memset.o)
                0x08004358                memset
 .text.printf   0x08004368       0x30 c:/program files (x86)/atollic/truestudio for stm32 9.0.0/armtools/bin/../lib/gcc/arm-atollic-eabi/6.3.1/../../../../arm-atollic-eabi/lib/armv7e-m/fpu\libc_nano.a(lib_a-printf.o)
                0x08004368                iprintf
                0x08004368                printf
 .text.strcpy   0x08004398       0x10 c:/program files (x86)/atollic/truestudio for stm32 9.0.0/armtools/bin/../lib/gcc/arm-atollic-eabi/6.3.1/../../../../arm-atollic-eabi/lib/armv7e-m/fpu\libc_nano.a(lib_a-strcpy.o)
                0x08004398                strcpy
 .text._cleanup_r
                0x080043a8        0xc c:/program files (x86)/atollic/truestudio for stm32 9.0.0/armtools/bin/../lib/gcc/arm-atollic-eabi/6.3.1/../../../../arm-atollic-eabi/lib/armv7e-m/fpu\libc_nano.a(lib_a-findfp.o)
                0x080043a8                _cleanup_r
 .text.std.isra.0
                0x080043b4       0x48 c:/program files (x86)/atollic/truestudio for stm32 9.0.0/armtools/bin/../lib/gcc/arm-atollic-eabi/6.3.1/../../../../arm-atollic-eabi/lib/armv7e-m/fpu\libc_nano.a(lib_a-findfp.o)
 .text.__sfmoreglue
                0x080043fc       0x2c c:/program files (x86)/atollic/truestudio for stm32 9.0.0/armtools/bin/../lib/gcc/arm-atollic-eabi/6.3.1/../../../../arm-atollic-eabi/lib/armv7e-m/fpu\libc_nano.a(lib_a-findfp.o)
                0x080043fc                __sfmoreglue
 .text.__sinit  0x08004428       0x60 c:/program files (x86)/atollic/truestudio for stm32 9.0.0/armtools/bin/../lib/gcc/arm-atollic-eabi/6.3.1/../../../../arm-atollic-eabi/lib/armv7e-m/fpu\libc_nano.a(lib_a-findfp.o)
                0x08004428                __sinit
 .text.__sfp    0x08004488       0x78 c:/program files (x86)/atollic/truestudio for stm32 9.0.0/armtools/bin/../lib/gcc/arm-atollic-eabi/6.3.1/../../../../arm-atollic-eabi/lib/armv7e-m/fpu\libc_nano.a(lib_a-findfp.o)
                0x08004488                __sfp
 .text._fwalk_reent
                0x08004500       0x3c c:/program files (x86)/atollic/truestudio for stm32 9.0.0/armtools/bin/../lib/gcc/arm-atollic-eabi/6.3.1/../../../../arm-atollic-eabi/lib/armv7e-m/fpu\libc_nano.a(lib_a-fwalk.o)
                0x08004500                _fwalk_reent
 .text._malloc_r
                0x0800453c       0xbc c:/program files (x86)/atollic/truestudio for stm32 9.0.0/armtools/bin/../lib/gcc/arm-atollic-eabi/6.3.1/../../../../arm-atollic-eabi/lib/armv7e-m/fpu\libc_nano.a(lib_a-nano-mallocr.o)
                0x0800453c                _malloc_r
 .text.__sfputc_r
                0x080045f8       0x30 c:/program files (x86)/atollic/truestudio for stm32 9.0.0/armtools/bin/../lib/gcc/arm-atollic-eabi/6.3.1/../../../../arm-atollic-eabi/lib/armv7e-m/fpu\libc_nano.a(lib_a-nano-vfprintf.o)
 .text.__sfputs_r
                0x08004628       0x24 c:/program files (x86)/atollic/truestudio for stm32 9.0.0/armtools/bin/../lib/gcc/arm-atollic-eabi/6.3.1/../../../../arm-atollic-eabi/lib/armv7e-m/fpu\libc_nano.a(lib_a-nano-vfprintf.o)
                0x08004628                __sfputs_r
 .text._vfprintf_r
                0x0800464c      0x22c c:/program files (x86)/atollic/truestudio for stm32 9.0.0/armtools/bin/../lib/gcc/arm-atollic-eabi/6.3.1/../../../../arm-atollic-eabi/lib/armv7e-m/fpu\libc_nano.a(lib_a-nano-vfprintf.o)
                0x0800464c                _vfprintf_r
                0x0800464c                _vfiprintf_r
 .text._printf_common
                0x08004878       0xec c:/program files (x86)/atollic/truestudio for stm32 9.0.0/armtools/bin/../lib/gcc/arm-atollic-eabi/6.3.1/../../../../arm-atollic-eabi/lib/armv7e-m/fpu\libc_nano.a(lib_a-nano-vfprintf_i.o)
                0x08004878                _printf_common
 .text._printf_i
                0x08004964      0x240 c:/program files (x86)/atollic/truestudio for stm32 9.0.0/armtools/bin/../lib/gcc/arm-atollic-eabi/6.3.1/../../../../arm-atollic-eabi/lib/armv7e-m/fpu\libc_nano.a(lib_a-nano-vfprintf_i.o)
                0x08004964                _printf_i
 .text._sbrk_r  0x08004ba4       0x20 c:/program files (x86)/atollic/truestudio for stm32 9.0.0/armtools/bin/../lib/gcc/arm-atollic-eabi/6.3.1/../../../../arm-atollic-eabi/lib/armv7e-m/fpu\libc_nano.a(lib_a-sbrkr.o)
                0x08004ba4                _sbrk_r
 .text.__sread  0x08004bc4       0x22 c:/program files (x86)/atollic/truestudio for stm32 9.0.0/armtools/bin/../lib/gcc/arm-atollic-eabi/6.3.1/../../../../arm-atollic-eabi/lib/armv7e-m/fpu\libc_nano.a(lib_a-stdio.o)
                0x08004bc4                __sread
 .text.__swrite
                0x08004be6       0x38 c:/program files (x86)/atollic/truestudio for stm32 9.0.0/armtools/bin/../lib/gcc/arm-atollic-eabi/6.3.1/../../../../arm-atollic-eabi/lib/armv7e-m/fpu\libc_nano.a(lib_a-stdio.o)
                0x08004be6                __swrite
 .text.__sseek  0x08004c1e       0x24 c:/program files (x86)/atollic/truestudio for stm32 9.0.0/armtools/bin/../lib/gcc/arm-atollic-eabi/6.3.1/../../../../arm-atollic-eabi/lib/armv7e-m/fpu\libc_nano.a(lib_a-stdio.o)
                0x08004c1e                __sseek
 .text.__sclose
                0x08004c42        0x8 c:/program files (x86)/atollic/truestudio for stm32 9.0.0/armtools/bin/../lib/gcc/arm-atollic-eabi/6.3.1/../../../../arm-atollic-eabi/lib/armv7e-m/fpu\libc_nano.a(lib_a-stdio.o)
                0x08004c42                __sclose
 *fill*         0x08004c4a        0x2 
 .text.__swbuf_r
                0x08004c4c       0xa4 c:/program files (x86)/atollic/truestudio for stm32 9.0.0/armtools/bin/../lib/gcc/arm-atollic-eabi/6.3.1/../../../../arm-atollic-eabi/lib/armv7e-m/fpu\libc_nano.a(lib_a-wbuf.o)
                0x08004c4c                __swbuf_r
 .text._write_r
                0x08004cf0       0x24 c:/program files (x86)/atollic/truestudio for stm32 9.0.0/armtools/bin/../lib/gcc/arm-atollic-eabi/6.3.1/../../../../arm-atollic-eabi/lib/armv7e-m/fpu\libc_nano.a(lib_a-writer.o)
                0x08004cf0                _write_r
 .text.__swsetup_r
                0x08004d14       0xdc c:/program files (x86)/atollic/truestudio for stm32 9.0.0/armtools/bin/../lib/gcc/arm-atollic-eabi/6.3.1/../../../../arm-atollic-eabi/lib/armv7e-m/fpu\libc_nano.a(lib_a-wsetup.o)
                0x08004d14                __swsetup_r
 .text._close_r
                0x08004df0       0x20 c:/program files (x86)/atollic/truestudio for stm32 9.0.0/armtools/bin/../lib/gcc/arm-atollic-eabi/6.3.1/../../../../arm-atollic-eabi/lib/armv7e-m/fpu\libc_nano.a(lib_a-closer.o)
                0x08004df0                _close_r
 .text.__sflush_r
                0x08004e10      0x110 c:/program files (x86)/atollic/truestudio for stm32 9.0.0/armtools/bin/../lib/gcc/arm-atollic-eabi/6.3.1/../../../../arm-atollic-eabi/lib/armv7e-m/fpu\libc_nano.a(lib_a-fflush.o)
                0x08004e10                __sflush_r
 .text._fflush_r
                0x08004f20       0x54 c:/program files (x86)/atollic/truestudio for stm32 9.0.0/armtools/bin/../lib/gcc/arm-atollic-eabi/6.3.1/../../../../arm-atollic-eabi/lib/armv7e-m/fpu\libc_nano.a(lib_a-fflush.o)
                0x08004f20                _fflush_r
 .text._lseek_r
                0x08004f74       0x24 c:/program files (x86)/atollic/truestudio for stm32 9.0.0/armtools/bin/../lib/gcc/arm-atollic-eabi/6.3.1/../../../../arm-atollic-eabi/lib/armv7e-m/fpu\libc_nano.a(lib_a-lseekr.o)
                0x08004f74                _lseek_r
 .text.__swhatbuf_r
                0x08004f98       0x48 c:/program files (x86)/atollic/truestudio for stm32 9.0.0/armtools/bin/../lib/gcc/arm-atollic-eabi/6.3.1/../../../../arm-atollic-eabi/lib/armv7e-m/fpu\libc_nano.a(lib_a-makebuf.o)
                0x08004f98                __swhatbuf_r
 .text.__smakebuf_r
                0x08004fe0       0x80 c:/program files (x86)/atollic/truestudio for stm32 9.0.0/armtools/bin/../lib/gcc/arm-atollic-eabi/6.3.1/../../../../arm-atollic-eabi/lib/armv7e-m/fpu\libc_nano.a(lib_a-makebuf.o)
                0x08004fe0                __smakebuf_r
 .text.__malloc_lock
                0x08005060        0x2 c:/program files (x86)/atollic/truestudio for stm32 9.0.0/armtools/bin/../lib/gcc/arm-atollic-eabi/6.3.1/../../../../arm-atollic-eabi/lib/armv7e-m/fpu\libc_nano.a(lib_a-mlock.o)
                0x08005060                __malloc_lock
 .text.__malloc_unlock
                0x08005062        0x2 c:/program files (x86)/atollic/truestudio for stm32 9.0.0/armtools/bin/../lib/gcc/arm-atollic-eabi/6.3.1/../../../../arm-atollic-eabi/lib/armv7e-m/fpu\libc_nano.a(lib_a-mlock.o)
                0x08005062                __malloc_unlock
 .text._free_r  0x08005064       0x9c c:/program files (x86)/atollic/truestudio for stm32 9.0.0/armtools/bin/../lib/gcc/arm-atollic-eabi/6.3.1/../../../../arm-atollic-eabi/lib/armv7e-m/fpu\libc_nano.a(lib_a-nano-freer.o)
                0x08005064                _free_r
 .text._read_r  0x08005100       0x24 c:/program files (x86)/atollic/truestudio for stm32 9.0.0/armtools/bin/../lib/gcc/arm-atollic-eabi/6.3.1/../../../../arm-atollic-eabi/lib/armv7e-m/fpu\libc_nano.a(lib_a-readr.o)
                0x08005100                _read_r
 .text._fstat_r
                0x08005124       0x24 c:/program files (x86)/atollic/truestudio for stm32 9.0.0/armtools/bin/../lib/gcc/arm-atollic-eabi/6.3.1/../../../../arm-atollic-eabi/lib/armv7e-m/fpu\libc_nano.a(lib_a-fstatr.o)
                0x08005124                _fstat_r
 .text._isatty_r
                0x08005148       0x20 c:/program files (x86)/atollic/truestudio for stm32 9.0.0/armtools/bin/../lib/gcc/arm-atollic-eabi/6.3.1/../../../../arm-atollic-eabi/lib/armv7e-m/fpu\libc_nano.a(lib_a-isattyr.o)
                0x08005148                _isatty_r
 .text._close   0x08005168       0x10 c:/program files (x86)/atollic/truestudio for stm32 9.0.0/armtools/bin/../lib/gcc/arm-atollic-eabi/6.3.1/../../../../arm-atollic-eabi/lib/armv7e-m/fpu\libnosys.a(close.o)
                0x08005168                _close
 .text._fstat   0x08005178       0x10 c:/program files (x86)/atollic/truestudio for stm32 9.0.0/armtools/bin/../lib/gcc/arm-atollic-eabi/6.3.1/../../../../arm-atollic-eabi/lib/armv7e-m/fpu\libnosys.a(fstat.o)
                0x08005178                _fstat
 .text._isatty  0x08005188       0x10 c:/program files (x86)/atollic/truestudio for stm32 9.0.0/armtools/bin/../lib/gcc/arm-atollic-eabi/6.3.1/../../../../arm-atollic-eabi/lib/armv7e-m/fpu\libnosys.a(isatty.o)
                0x08005188                _isatty
 .text._lseek   0x08005198       0x10 c:/program files (x86)/atollic/truestudio for stm32 9.0.0/armtools/bin/../lib/gcc/arm-atollic-eabi/6.3.1/../../../../arm-atollic-eabi/lib/armv7e-m/fpu\libnosys.a(lseek.o)
                0x08005198                _lseek
 .text._read    0x080051a8       0x10 c:/program files (x86)/atollic/truestudio for stm32 9.0.0/armtools/bin/../lib/gcc/arm-atollic-eabi/6.3.1/../../../../arm-atollic-eabi/lib/armv7e-m/fpu\libnosys.a(read.o)
                0x080051a8                _read
 .text._sbrk    0x080051b8       0x1c c:/program files (x86)/atollic/truestudio for stm32 9.0.0/armtools/bin/../lib/gcc/arm-atollic-eabi/6.3.1/../../../../arm-atollic-eabi/lib/armv7e-m/fpu\libnosys.a(sbrk.o)
                0x080051b8                _sbrk
 .text._write   0x080051d4       0x10 c:/program files (x86)/atollic/truestudio for stm32 9.0.0/armtools/bin/../lib/gcc/arm-atollic-eabi/6.3.1/../../../../arm-atollic-eabi/lib/armv7e-m/fpu\libnosys.a(write.o)
                0x080051d4                _write
 *(.glue_7)
 .glue_7        0x080051e4        0x0 linker stubs
 *(.glue_7t)
 .glue_7t       0x080051e4        0x0 linker stubs
 *(.eh_frame)
 .eh_frame      0x080051e4        0x0 c:/program files (x86)/atollic/truestudio for stm32 9.0.0/armtools/bin/../lib/gcc/arm-atollic-eabi/6.3.1/armv7e-m/fpu/crtbegin.o
 *(.init)
 .init          0x080051e4        0x4 c:/program files (x86)/atollic/truestudio for stm32 9.0.0/armtools/bin/../lib/gcc/arm-atollic-eabi/6.3.1/armv7e-m/fpu/crti.o
                0x080051e4                _init
 .init          0x080051e8        0x8 c:/program files (x86)/atollic/truestudio for stm32 9.0.0/armtools/bin/../lib/gcc/arm-atollic-eabi/6.3.1/armv7e-m/fpu/crtn.o
 *(.fini)
 .fini          0x080051f0        0x4 c:/program files (x86)/atollic/truestudio for stm32 9.0.0/armtools/bin/../lib/gcc/arm-atollic-eabi/6.3.1/armv7e-m/fpu/crti.o
                0x080051f0                _fini
 .fini          0x080051f4        0x8 c:/program files (x86)/atollic/truestudio for stm32 9.0.0/armtools/bin/../lib/gcc/arm-atollic-eabi/6.3.1/armv7e-m/fpu/crtn.o
                0x080051fc                . = ALIGN (0x4)
                0x080051fc                _etext = .

.vfp11_veneer   0x080051fc        0x0
 .vfp11_veneer  0x080051fc        0x0 linker stubs

.v4_bx          0x080051fc        0x0
 .v4_bx         0x080051fc        0x0 linker stubs

.iplt           0x080051fc        0x0
 .iplt          0x080051fc        0x0 c:/program files (x86)/atollic/truestudio for stm32 9.0.0/armtools/bin/../lib/gcc/arm-atollic-eabi/6.3.1/armv7e-m/fpu/crtbegin.o

.rodata         0x080051fc      0x1b8
                0x080051fc                . = ALIGN (0x4)
 *(.rodata)
 *(.rodata*)
 .rodata.MX_I2C1_Init.str1.1
                0x080051fc        0xd Src\i2c.o
 .rodata.main.str1.1
                0x08005209       0xec Src\main.o
 .rodata.AHBPrescTable
                0x080052f5       0x10 Src\system_stm32f4xx.o
                0x080052f5                AHBPrescTable
 .rodata.APBPrescTable
                0x08005305        0x8 Src\system_stm32f4xx.o
                0x08005305                APBPrescTable
 .rodata.MX_USART2_UART_Init.str1.1
                0x0800530d        0xf Src\usart.o
 .rodata.__sf_fake_stderr
                0x0800531c       0x20 c:/program files (x86)/atollic/truestudio for stm32 9.0.0/armtools/bin/../lib/gcc/arm-atollic-eabi/6.3.1/../../../../arm-atollic-eabi/lib/armv7e-m/fpu\libc_nano.a(lib_a-findfp.o)
                0x0800531c                __sf_fake_stderr
 .rodata.__sf_fake_stdin
                0x0800533c       0x20 c:/program files (x86)/atollic/truestudio for stm32 9.0.0/armtools/bin/../lib/gcc/arm-atollic-eabi/6.3.1/../../../../arm-atollic-eabi/lib/armv7e-m/fpu\libc_nano.a(lib_a-findfp.o)
                0x0800533c                __sf_fake_stdin
 .rodata.__sf_fake_stdout
                0x0800535c       0x20 c:/program files (x86)/atollic/truestudio for stm32 9.0.0/armtools/bin/../lib/gcc/arm-atollic-eabi/6.3.1/../../../../arm-atollic-eabi/lib/armv7e-m/fpu\libc_nano.a(lib_a-findfp.o)
                0x0800535c                __sf_fake_stdout
 .rodata._global_impure_ptr
                0x0800537c        0x4 c:/program files (x86)/atollic/truestudio for stm32 9.0.0/armtools/bin/../lib/gcc/arm-atollic-eabi/6.3.1/../../../../arm-atollic-eabi/lib/armv7e-m/fpu\libc_nano.a(lib_a-impure.o)
                0x0800537c                _global_impure_ptr
 .rodata._vfprintf_r.str1.1
                0x08005380       0x11 c:/program files (x86)/atollic/truestudio for stm32 9.0.0/armtools/bin/../lib/gcc/arm-atollic-eabi/6.3.1/../../../../arm-atollic-eabi/lib/armv7e-m/fpu\libc_nano.a(lib_a-nano-vfprintf.o)
 .rodata._printf_i.str1.1
                0x08005391       0x22 c:/program files (x86)/atollic/truestudio for stm32 9.0.0/armtools/bin/../lib/gcc/arm-atollic-eabi/6.3.1/../../../../arm-atollic-eabi/lib/armv7e-m/fpu\libc_nano.a(lib_a-nano-vfprintf_i.o)
                0x080053b4                . = ALIGN (0x4)
 *fill*         0x080053b3        0x1 

.ARM.extab
 *(.ARM.extab* .gnu.linkonce.armextab.*)

.ARM            0x080053b4        0x8
                0x080053b4                __exidx_start = .
 *(.ARM.exidx*)
 .ARM.exidx     0x080053b4        0x8 c:/program files (x86)/atollic/truestudio for stm32 9.0.0/armtools/bin/../lib/gcc/arm-atollic-eabi/6.3.1/armv7e-m/fpu\libgcc.a(_udivmoddi4.o)
                0x080053bc                __exidx_end = .

.rel.dyn        0x080053bc        0x0
 .rel.iplt      0x080053bc        0x0 c:/program files (x86)/atollic/truestudio for stm32 9.0.0/armtools/bin/../lib/gcc/arm-atollic-eabi/6.3.1/armv7e-m/fpu/crtbegin.o

.preinit_array  0x080053bc        0x0
                0x080053bc                PROVIDE (__preinit_array_start, .)
 *(.preinit_array*)
                0x080053bc                PROVIDE (__preinit_array_end, .)

.init_array     0x080053bc        0x4
                0x080053bc                PROVIDE (__init_array_start, .)
 *(SORT(.init_array.*))
 *(.init_array*)
 .init_array    0x080053bc        0x4 c:/program files (x86)/atollic/truestudio for stm32 9.0.0/armtools/bin/../lib/gcc/arm-atollic-eabi/6.3.1/armv7e-m/fpu/crtbegin.o
                0x080053c0                PROVIDE (__init_array_end, .)

.fini_array     0x080053c0        0x4
                [!provide]                PROVIDE (__fini_array_start, .)
 *(SORT(.fini_array.*))
 *(.fini_array*)
 .fini_array    0x080053c0        0x4 c:/program files (x86)/atollic/truestudio for stm32 9.0.0/armtools/bin/../lib/gcc/arm-atollic-eabi/6.3.1/armv7e-m/fpu/crtbegin.o
                [!provide]                PROVIDE (__fini_array_end, .)
                0x080053c4                _sidata = LOADADDR (.data)

.data           0x20000000      0x324 load address 0x080053c4
                0x20000000                . = ALIGN (0x4)
                0x20000000                _sdata = .
 *(.data)
 *(.data*)
 .data.SystemCoreClock
                0x20000000        0x4 Src\system_stm32f4xx.o
                0x20000000                SystemCoreClock
 .data.DefaultTuningSettings
                0x20000004       0xf3 Src\vl53l0x_api.o
                0x20000004                DefaultTuningSettings
 .data.InterruptThresholdSettings
                0x200000f7      0x1b6 Src\vl53l0x_api.o
                0x200000f7                InterruptThresholdSettings
 *fill*         0x200002ad        0x3 
 .data.refArrayQuadrants
                0x200002b0       0x10 Src\vl53l0x_api_calibration.o
                0x200002b0                refArrayQuadrants
 .data._impure_ptr
                0x200002c0        0x4 c:/program files (x86)/atollic/truestudio for stm32 9.0.0/armtools/bin/../lib/gcc/arm-atollic-eabi/6.3.1/../../../../arm-atollic-eabi/lib/armv7e-m/fpu\libc_nano.a(lib_a-impure.o)
                0x200002c0                _impure_ptr
 .data.impure_data
                0x200002c4       0x60 c:/program files (x86)/atollic/truestudio for stm32 9.0.0/armtools/bin/../lib/gcc/arm-atollic-eabi/6.3.1/../../../../arm-atollic-eabi/lib/armv7e-m/fpu\libc_nano.a(lib_a-impure.o)
                0x20000324                . = ALIGN (0x4)
                0x20000324                _edata = .
                0x080056e8                _siccmram = LOADADDR (.ccmram)

.igot.plt       0x20000324        0x0 load address 0x080056e8
 .igot.plt      0x20000324        0x0 c:/program files (x86)/atollic/truestudio for stm32 9.0.0/armtools/bin/../lib/gcc/arm-atollic-eabi/6.3.1/armv7e-m/fpu/crtbegin.o

.ccmram         0x10000000        0x0 load address 0x080056e8
                0x10000000                . = ALIGN (0x4)
                0x10000000                _sccmram = .
 *(.ccmram)
 *(.ccmram*)
                0x10000000                . = ALIGN (0x4)
                0x10000000                _eccmram = .
                0x10000000                . = ALIGN (0x4)

.bss            0x20000324       0xc4
                0x20000324                _sbss = .
                0x20000324                __bss_start__ = _sbss
 *(.bss)
 .bss           0x20000324       0x1c c:/program files (x86)/atollic/truestudio for stm32 9.0.0/armtools/bin/../lib/gcc/arm-atollic-eabi/6.3.1/armv7e-m/fpu/crtbegin.o
 *(.bss*)
 .bss.__malloc_free_list
                0x20000340        0x4 c:/program files (x86)/atollic/truestudio for stm32 9.0.0/armtools/bin/../lib/gcc/arm-atollic-eabi/6.3.1/../../../../arm-atollic-eabi/lib/armv7e-m/fpu\libc_nano.a(lib_a-nano-mallocr.o)
                0x20000340                __malloc_free_list
 .bss.__malloc_sbrk_start
                0x20000344        0x4 c:/program files (x86)/atollic/truestudio for stm32 9.0.0/armtools/bin/../lib/gcc/arm-atollic-eabi/6.3.1/../../../../arm-atollic-eabi/lib/armv7e-m/fpu\libc_nano.a(lib_a-nano-mallocr.o)
                0x20000344                __malloc_sbrk_start
 .bss.heap_end.5239
                0x20000348        0x4 c:/program files (x86)/atollic/truestudio for stm32 9.0.0/armtools/bin/../lib/gcc/arm-atollic-eabi/6.3.1/../../../../arm-atollic-eabi/lib/armv7e-m/fpu\libnosys.a(sbrk.o)
 *(COMMON)
 COMMON         0x2000034c        0x4 Drivers\STM32F4xx_HAL_Driver\Src\stm32f4xx_hal.o
                0x2000034c                uwTick
 COMMON         0x20000350       0x54 Src\i2c.o
                0x20000350                hi2c1
 COMMON         0x200003a4       0x40 Src\usart.o
                0x200003a4                huart2
 COMMON         0x200003e4        0x4 c:/program files (x86)/atollic/truestudio for stm32 9.0.0/armtools/bin/../lib/gcc/arm-atollic-eabi/6.3.1/../../../../arm-atollic-eabi/lib/armv7e-m/fpu\libc_nano.a(lib_a-reent.o)
                0x200003e4                errno
                0x200003e8                . = ALIGN (0x4)
                0x200003e8                _ebss = .
                0x200003e8                __bss_end__ = _ebss

._user_heap_stack
                0x200003e8      0x600
                0x200003e8                . = ALIGN (0x4)
                0x200003e8                PROVIDE (end, .)
                [!provide]                PROVIDE (_end, .)
                0x200005e8                . = (. + _Min_Heap_Size)
 *fill*         0x200003e8      0x200 
                0x200009e8                . = (. + _Min_Stack_Size)
 *fill*         0x200005e8      0x400 
                0x200009e8                . = ALIGN (0x4)

/DISCARD/
 libc.a(*)
 libm.a(*)
 libgcc.a(*)

.ARM.attributes
                0x00000000       0x30
 *(.ARM.attributes)
 .ARM.attributes
                0x00000000       0x22 c:/program files (x86)/atollic/truestudio for stm32 9.0.0/armtools/bin/../lib/gcc/arm-atollic-eabi/6.3.1/armv7e-m/fpu/crti.o
 .ARM.attributes
                0x00000022       0x34 c:/program files (x86)/atollic/truestudio for stm32 9.0.0/armtools/bin/../lib/gcc/arm-atollic-eabi/6.3.1/armv7e-m/fpu/crtbegin.o
 .ARM.attributes
                0x00000056       0x39 Drivers\STM32F4xx_HAL_Driver\Src\stm32f4xx_hal.o
 .ARM.attributes
                0x0000008f       0x39 Drivers\STM32F4xx_HAL_Driver\Src\stm32f4xx_hal_cortex.o
 .ARM.attributes
                0x000000c8       0x39 Drivers\STM32F4xx_HAL_Driver\Src\stm32f4xx_hal_dma.o
 .ARM.attributes
                0x00000101       0x39 Drivers\STM32F4xx_HAL_Driver\Src\stm32f4xx_hal_gpio.o
 .ARM.attributes
                0x0000013a       0x39 Drivers\STM32F4xx_HAL_Driver\Src\stm32f4xx_hal_i2c.o
 .ARM.attributes
                0x00000173       0x39 Drivers\STM32F4xx_HAL_Driver\Src\stm32f4xx_hal_rcc.o
 .ARM.attributes
                0x000001ac       0x39 Drivers\STM32F4xx_HAL_Driver\Src\stm32f4xx_hal_uart.o
 .ARM.attributes
                0x000001e5       0x39 Src\gpio.o
 .ARM.attributes
                0x0000021e       0x39 Src\i2c.o
 .ARM.attributes
                0x00000257       0x39 Src\main.o
 .ARM.attributes
                0x00000290       0x39 Src\stm32f4xx_hal_msp.o
 .ARM.attributes
                0x000002c9       0x39 Src\stm32f4xx_it.o
 .ARM.attributes
                0x00000302       0x39 Src\system_stm32f4xx.o
 .ARM.attributes
                0x0000033b       0x39 Src\usart.o
 .ARM.attributes
                0x00000374       0x39 Src\vl53l0x_api.o
 .ARM.attributes
                0x000003ad       0x39 Src\vl53l0x_api_calibration.o
 .ARM.attributes
                0x000003e6       0x39 Src\vl53l0x_api_core.o
 .ARM.attributes
                0x0000041f       0x39 Src\vl53l0x_platform.o
 .ARM.attributes
                0x00000458       0x21 startup\startup_stm32f405xx.o
 .ARM.attributes
                0x00000479       0x34 c:/program files (x86)/atollic/truestudio for stm32 9.0.0/armtools/bin/../lib/gcc/arm-atollic-eabi/6.3.1/../../../../arm-atollic-eabi/lib/armv7e-m/fpu\libc_nano.a(lib_a-init.o)
 .ARM.attributes
                0x000004ad       0x34 c:/program files (x86)/atollic/truestudio for stm32 9.0.0/armtools/bin/../lib/gcc/arm-atollic-eabi/6.3.1/../../../../arm-atollic-eabi/lib/armv7e-m/fpu\libc_nano.a(lib_a-memset.o)
 .ARM.attributes
                0x000004e1       0x34 c:/program files (x86)/atollic/truestudio for stm32 9.0.0/armtools/bin/../lib/gcc/arm-atollic-eabi/6.3.1/../../../../arm-atollic-eabi/lib/armv7e-m/fpu\libc_nano.a(lib_a-printf.o)
 .ARM.attributes
                0x00000515       0x34 c:/program files (x86)/atollic/truestudio for stm32 9.0.0/armtools/bin/../lib/gcc/arm-atollic-eabi/6.3.1/../../../../arm-atollic-eabi/lib/armv7e-m/fpu\libc_nano.a(lib_a-strcpy.o)
 .ARM.attributes
                0x00000549       0x34 c:/program files (x86)/atollic/truestudio for stm32 9.0.0/armtools/bin/../lib/gcc/arm-atollic-eabi/6.3.1/../../../../arm-atollic-eabi/lib/armv7e-m/fpu\libc_nano.a(lib_a-findfp.o)
 .ARM.attributes
                0x0000057d       0x34 c:/program files (x86)/atollic/truestudio for stm32 9.0.0/armtools/bin/../lib/gcc/arm-atollic-eabi/6.3.1/../../../../arm-atollic-eabi/lib/armv7e-m/fpu\libc_nano.a(lib_a-fwalk.o)
 .ARM.attributes
                0x000005b1       0x34 c:/program files (x86)/atollic/truestudio for stm32 9.0.0/armtools/bin/../lib/gcc/arm-atollic-eabi/6.3.1/../../../../arm-atollic-eabi/lib/armv7e-m/fpu\libc_nano.a(lib_a-impure.o)
 .ARM.attributes
                0x000005e5       0x34 c:/program files (x86)/atollic/truestudio for stm32 9.0.0/armtools/bin/../lib/gcc/arm-atollic-eabi/6.3.1/../../../../arm-atollic-eabi/lib/armv7e-m/fpu\libc_nano.a(lib_a-nano-mallocr.o)
 .ARM.attributes
                0x00000619       0x34 c:/program files (x86)/atollic/truestudio for stm32 9.0.0/armtools/bin/../lib/gcc/arm-atollic-eabi/6.3.1/../../../../arm-atollic-eabi/lib/armv7e-m/fpu\libc_nano.a(lib_a-nano-vfprintf.o)
 .ARM.attributes
                0x0000064d       0x34 c:/program files (x86)/atollic/truestudio for stm32 9.0.0/armtools/bin/../lib/gcc/arm-atollic-eabi/6.3.1/../../../../arm-atollic-eabi/lib/armv7e-m/fpu\libc_nano.a(lib_a-nano-vfprintf_i.o)
 .ARM.attributes
                0x00000681       0x34 c:/program files (x86)/atollic/truestudio for stm32 9.0.0/armtools/bin/../lib/gcc/arm-atollic-eabi/6.3.1/../../../../arm-atollic-eabi/lib/armv7e-m/fpu\libc_nano.a(lib_a-sbrkr.o)
 .ARM.attributes
                0x000006b5       0x34 c:/program files (x86)/atollic/truestudio for stm32 9.0.0/armtools/bin/../lib/gcc/arm-atollic-eabi/6.3.1/../../../../arm-atollic-eabi/lib/armv7e-m/fpu\libc_nano.a(lib_a-stdio.o)
 .ARM.attributes
                0x000006e9       0x34 c:/program files (x86)/atollic/truestudio for stm32 9.0.0/armtools/bin/../lib/gcc/arm-atollic-eabi/6.3.1/../../../../arm-atollic-eabi/lib/armv7e-m/fpu\libc_nano.a(lib_a-wbuf.o)
 .ARM.attributes
                0x0000071d       0x34 c:/program files (x86)/atollic/truestudio for stm32 9.0.0/armtools/bin/../lib/gcc/arm-atollic-eabi/6.3.1/../../../../arm-atollic-eabi/lib/armv7e-m/fpu\libc_nano.a(lib_a-writer.o)
 .ARM.attributes
                0x00000751       0x34 c:/program files (x86)/atollic/truestudio for stm32 9.0.0/armtools/bin/../lib/gcc/arm-atollic-eabi/6.3.1/../../../../arm-atollic-eabi/lib/armv7e-m/fpu\libc_nano.a(lib_a-wsetup.o)
 .ARM.attributes
                0x00000785       0x34 c:/program files (x86)/atollic/truestudio for stm32 9.0.0/armtools/bin/../lib/gcc/arm-atollic-eabi/6.3.1/../../../../arm-atollic-eabi/lib/armv7e-m/fpu\libc_nano.a(lib_a-closer.o)
 .ARM.attributes
                0x000007b9       0x34 c:/program files (x86)/atollic/truestudio for stm32 9.0.0/armtools/bin/../lib/gcc/arm-atollic-eabi/6.3.1/../../../../arm-atollic-eabi/lib/armv7e-m/fpu\libc_nano.a(lib_a-fflush.o)
 .ARM.attributes
                0x000007ed       0x34 c:/program files (x86)/atollic/truestudio for stm32 9.0.0/armtools/bin/../lib/gcc/arm-atollic-eabi/6.3.1/../../../../arm-atollic-eabi/lib/armv7e-m/fpu\libc_nano.a(lib_a-lseekr.o)
 .ARM.attributes
                0x00000821       0x34 c:/program files (x86)/atollic/truestudio for stm32 9.0.0/armtools/bin/../lib/gcc/arm-atollic-eabi/6.3.1/../../../../arm-atollic-eabi/lib/armv7e-m/fpu\libc_nano.a(lib_a-makebuf.o)
 .ARM.attributes
                0x00000855       0x20 c:/program files (x86)/atollic/truestudio for stm32 9.0.0/armtools/bin/../lib/gcc/arm-atollic-eabi/6.3.1/../../../../arm-atollic-eabi/lib/armv7e-m/fpu\libc_nano.a(lib_a-memchr.o)
 .ARM.attributes
                0x00000875       0x34 c:/program files (x86)/atollic/truestudio for stm32 9.0.0/armtools/bin/../lib/gcc/arm-atollic-eabi/6.3.1/../../../../arm-atollic-eabi/lib/armv7e-m/fpu\libc_nano.a(lib_a-mlock.o)
 .ARM.attributes
                0x000008a9       0x34 c:/program files (x86)/atollic/truestudio for stm32 9.0.0/armtools/bin/../lib/gcc/arm-atollic-eabi/6.3.1/../../../../arm-atollic-eabi/lib/armv7e-m/fpu\libc_nano.a(lib_a-nano-freer.o)
 .ARM.attributes
                0x000008dd       0x34 c:/program files (x86)/atollic/truestudio for stm32 9.0.0/armtools/bin/../lib/gcc/arm-atollic-eabi/6.3.1/../../../../arm-atollic-eabi/lib/armv7e-m/fpu\libc_nano.a(lib_a-readr.o)
 .ARM.attributes
                0x00000911       0x34 c:/program files (x86)/atollic/truestudio for stm32 9.0.0/armtools/bin/../lib/gcc/arm-atollic-eabi/6.3.1/../../../../arm-atollic-eabi/lib/armv7e-m/fpu\libc_nano.a(lib_a-reent.o)
 .ARM.attributes
                0x00000945       0x34 c:/program files (x86)/atollic/truestudio for stm32 9.0.0/armtools/bin/../lib/gcc/arm-atollic-eabi/6.3.1/../../../../arm-atollic-eabi/lib/armv7e-m/fpu\libc_nano.a(lib_a-fstatr.o)
 .ARM.attributes
                0x00000979       0x34 c:/program files (x86)/atollic/truestudio for stm32 9.0.0/armtools/bin/../lib/gcc/arm-atollic-eabi/6.3.1/../../../../arm-atollic-eabi/lib/armv7e-m/fpu\libc_nano.a(lib_a-isattyr.o)
 .ARM.attributes
                0x000009ad       0x22 c:/program files (x86)/atollic/truestudio for stm32 9.0.0/armtools/bin/../lib/gcc/arm-atollic-eabi/6.3.1/armv7e-m/fpu\libgcc.a(_aeabi_uldivmod.o)
 .ARM.attributes
                0x000009cf       0x34 c:/program files (x86)/atollic/truestudio for stm32 9.0.0/armtools/bin/../lib/gcc/arm-atollic-eabi/6.3.1/armv7e-m/fpu\libgcc.a(_udivmoddi4.o)
 .ARM.attributes
                0x00000a03       0x22 c:/program files (x86)/atollic/truestudio for stm32 9.0.0/armtools/bin/../lib/gcc/arm-atollic-eabi/6.3.1/armv7e-m/fpu\libgcc.a(_dvmd_tls.o)
 .ARM.attributes
                0x00000a25       0x34 c:/program files (x86)/atollic/truestudio for stm32 9.0.0/armtools/bin/../lib/gcc/arm-atollic-eabi/6.3.1/../../../../arm-atollic-eabi/lib/armv7e-m/fpu\libnosys.a(close.o)
 .ARM.attributes
                0x00000a59       0x34 c:/program files (x86)/atollic/truestudio for stm32 9.0.0/armtools/bin/../lib/gcc/arm-atollic-eabi/6.3.1/../../../../arm-atollic-eabi/lib/armv7e-m/fpu\libnosys.a(fstat.o)
 .ARM.attributes
                0x00000a8d       0x34 c:/program files (x86)/atollic/truestudio for stm32 9.0.0/armtools/bin/../lib/gcc/arm-atollic-eabi/6.3.1/../../../../arm-atollic-eabi/lib/armv7e-m/fpu\libnosys.a(isatty.o)
 .ARM.attributes
                0x00000ac1       0x34 c:/program files (x86)/atollic/truestudio for stm32 9.0.0/armtools/bin/../lib/gcc/arm-atollic-eabi/6.3.1/../../../../arm-atollic-eabi/lib/armv7e-m/fpu\libnosys.a(lseek.o)
 .ARM.attributes
                0x00000af5       0x34 c:/program files (x86)/atollic/truestudio for stm32 9.0.0/armtools/bin/../lib/gcc/arm-atollic-eabi/6.3.1/../../../../arm-atollic-eabi/lib/armv7e-m/fpu\libnosys.a(read.o)
 .ARM.attributes
                0x00000b29       0x34 c:/program files (x86)/atollic/truestudio for stm32 9.0.0/armtools/bin/../lib/gcc/arm-atollic-eabi/6.3.1/../../../../arm-atollic-eabi/lib/armv7e-m/fpu\libnosys.a(sbrk.o)
 .ARM.attributes
                0x00000b5d       0x34 c:/program files (x86)/atollic/truestudio for stm32 9.0.0/armtools/bin/../lib/gcc/arm-atollic-eabi/6.3.1/../../../../arm-atollic-eabi/lib/armv7e-m/fpu\libnosys.a(write.o)
 .ARM.attributes
                0x00000b91       0x22 c:/program files (x86)/atollic/truestudio for stm32 9.0.0/armtools/bin/../lib/gcc/arm-atollic-eabi/6.3.1/armv7e-m/fpu/crtn.o
OUTPUT(range_finders.elf elf32-littlearm)

.debug_info     0x00000000    0x1fc45
 .debug_info    0x00000000     0x10ee Drivers\STM32F4xx_HAL_Driver\Src\stm32f4xx_hal.o
 .debug_info    0x000010ee     0x1732 Drivers\STM32F4xx_HAL_Driver\Src\stm32f4xx_hal_cortex.o
 .debug_info    0x00002820     0x125c Drivers\STM32F4xx_HAL_Driver\Src\stm32f4xx_hal_dma.o
 .debug_info    0x00003a7c      0xf88 Drivers\STM32F4xx_HAL_Driver\Src\stm32f4xx_hal_gpio.o
 .debug_info    0x00004a04     0x378c Drivers\STM32F4xx_HAL_Driver\Src\stm32f4xx_hal_i2c.o
 .debug_info    0x00008190     0x123c Drivers\STM32F4xx_HAL_Driver\Src\stm32f4xx_hal_rcc.o
 .debug_info    0x000093cc     0x1ea3 Drivers\STM32F4xx_HAL_Driver\Src\stm32f4xx_hal_uart.o
 .debug_info    0x0000b26f      0xcf6 Src\gpio.o
 .debug_info    0x0000bf65     0x1213 Src\i2c.o
 .debug_info    0x0000d178     0x208a Src\main.o
 .debug_info    0x0000f202      0xc4f Src\stm32f4xx_hal_msp.o
 .debug_info    0x0000fe51     0x111d Src\stm32f4xx_it.o
 .debug_info    0x00010f6e      0xd1c Src\system_stm32f4xx.o
 .debug_info    0x00011c8a     0x1416 Src\usart.o
 .debug_info    0x000130a0     0x51c3 Src\vl53l0x_api.o
 .debug_info    0x00018263     0x28d9 Src\vl53l0x_api_calibration.o
 .debug_info    0x0001ab3c     0x363b Src\vl53l0x_api_core.o
 .debug_info    0x0001e177     0x1a29 Src\vl53l0x_platform.o
 .debug_info    0x0001fba0       0xa5 startup\startup_stm32f405xx.o

.debug_abbrev   0x00000000     0x34ac
 .debug_abbrev  0x00000000      0x2cf Drivers\STM32F4xx_HAL_Driver\Src\stm32f4xx_hal.o
 .debug_abbrev  0x000002cf      0x399 Drivers\STM32F4xx_HAL_Driver\Src\stm32f4xx_hal_cortex.o
 .debug_abbrev  0x00000668      0x34a Drivers\STM32F4xx_HAL_Driver\Src\stm32f4xx_hal_dma.o
 .debug_abbrev  0x000009b2      0x268 Drivers\STM32F4xx_HAL_Driver\Src\stm32f4xx_hal_gpio.o
 .debug_abbrev  0x00000c1a      0x3b4 Drivers\STM32F4xx_HAL_Driver\Src\stm32f4xx_hal_i2c.o
 .debug_abbrev  0x00000fce      0x348 Drivers\STM32F4xx_HAL_Driver\Src\stm32f4xx_hal_rcc.o
 .debug_abbrev  0x00001316      0x397 Drivers\STM32F4xx_HAL_Driver\Src\stm32f4xx_hal_uart.o
 .debug_abbrev  0x000016ad      0x1f7 Src\gpio.o
 .debug_abbrev  0x000018a4      0x229 Src\i2c.o
 .debug_abbrev  0x00001acd      0x2cb Src\main.o
 .debug_abbrev  0x00001d98      0x1d3 Src\stm32f4xx_hal_msp.o
 .debug_abbrev  0x00001f6b      0x222 Src\stm32f4xx_it.o
 .debug_abbrev  0x0000218d      0x1ca Src\system_stm32f4xx.o
 .debug_abbrev  0x00002357      0x230 Src\usart.o
 .debug_abbrev  0x00002587      0x431 Src\vl53l0x_api.o
 .debug_abbrev  0x000029b8      0x3aa Src\vl53l0x_api_calibration.o
 .debug_abbrev  0x00002d62      0x44e Src\vl53l0x_api_core.o
 .debug_abbrev  0x000031b0      0x2ea Src\vl53l0x_platform.o
 .debug_abbrev  0x0000349a       0x12 startup\startup_stm32f405xx.o

.debug_loc      0x00000000     0xe9f8
 .debug_loc     0x00000000       0x69 Drivers\STM32F4xx_HAL_Driver\Src\stm32f4xx_hal.o
 .debug_loc     0x00000069      0x4fb Drivers\STM32F4xx_HAL_Driver\Src\stm32f4xx_hal_cortex.o
 .debug_loc     0x00000564      0x727 Drivers\STM32F4xx_HAL_Driver\Src\stm32f4xx_hal_dma.o
 .debug_loc     0x00000c8b      0x3cd Drivers\STM32F4xx_HAL_Driver\Src\stm32f4xx_hal_gpio.o
 .debug_loc     0x00001058     0x2bba Drivers\STM32F4xx_HAL_Driver\Src\stm32f4xx_hal_i2c.o
 .debug_loc     0x00003c12      0x2d3 Drivers\STM32F4xx_HAL_Driver\Src\stm32f4xx_hal_rcc.o
 .debug_loc     0x00003ee5     0x132c Drivers\STM32F4xx_HAL_Driver\Src\stm32f4xx_hal_uart.o
 .debug_loc     0x00005211       0x4d Src\i2c.o
 .debug_loc     0x0000525e      0x115 Src\main.o
 .debug_loc     0x00005373      0x11c Src\system_stm32f4xx.o
 .debug_loc     0x0000548f       0x4d Src\usart.o
 .debug_loc     0x000054dc     0x3cc1 Src\vl53l0x_api.o
 .debug_loc     0x0000919d     0x1d2e Src\vl53l0x_api_calibration.o
 .debug_loc     0x0000aecb     0x355b Src\vl53l0x_api_core.o
 .debug_loc     0x0000e426      0x5d2 Src\vl53l0x_platform.o

.debug_aranges  0x00000000      0xc78
 .debug_aranges
                0x00000000       0xc0 Drivers\STM32F4xx_HAL_Driver\Src\stm32f4xx_hal.o
 .debug_aranges
                0x000000c0       0xa8 Drivers\STM32F4xx_HAL_Driver\Src\stm32f4xx_hal_cortex.o
 .debug_aranges
                0x00000168       0x80 Drivers\STM32F4xx_HAL_Driver\Src\stm32f4xx_hal_dma.o
 .debug_aranges
                0x000001e8       0x58 Drivers\STM32F4xx_HAL_Driver\Src\stm32f4xx_hal_gpio.o
 .debug_aranges
                0x00000240      0x190 Drivers\STM32F4xx_HAL_Driver\Src\stm32f4xx_hal_i2c.o
 .debug_aranges
                0x000003d0       0x88 Drivers\STM32F4xx_HAL_Driver\Src\stm32f4xx_hal_rcc.o
 .debug_aranges
                0x00000458      0x170 Drivers\STM32F4xx_HAL_Driver\Src\stm32f4xx_hal_uart.o
 .debug_aranges
                0x000005c8       0x20 Src\gpio.o
 .debug_aranges
                0x000005e8       0x30 Src\i2c.o
 .debug_aranges
                0x00000618       0x30 Src\main.o
 .debug_aranges
                0x00000648       0x20 Src\stm32f4xx_hal_msp.o
 .debug_aranges
                0x00000668       0x58 Src\stm32f4xx_it.o
 .debug_aranges
                0x000006c0       0x28 Src\system_stm32f4xx.o
 .debug_aranges
                0x000006e8       0x30 Src\usart.o
 .debug_aranges
                0x00000718      0x300 Src\vl53l0x_api.o
 .debug_aranges
                0x00000a18       0xd0 Src\vl53l0x_api_calibration.o
 .debug_aranges
                0x00000ae8       0xe0 Src\vl53l0x_api_core.o
 .debug_aranges
                0x00000bc8       0x88 Src\vl53l0x_platform.o
 .debug_aranges
                0x00000c50       0x28 startup\startup_stm32f405xx.o

.debug_ranges   0x00000000     0x1078
 .debug_ranges  0x00000000       0xb0 Drivers\STM32F4xx_HAL_Driver\Src\stm32f4xx_hal.o
 .debug_ranges  0x000000b0      0x138 Drivers\STM32F4xx_HAL_Driver\Src\stm32f4xx_hal_cortex.o
 .debug_ranges  0x000001e8       0xc8 Drivers\STM32F4xx_HAL_Driver\Src\stm32f4xx_hal_dma.o
 .debug_ranges  0x000002b0       0x68 Drivers\STM32F4xx_HAL_Driver\Src\stm32f4xx_hal_gpio.o
 .debug_ranges  0x00000318      0x358 Drivers\STM32F4xx_HAL_Driver\Src\stm32f4xx_hal_i2c.o
 .debug_ranges  0x00000670       0xc8 Drivers\STM32F4xx_HAL_Driver\Src\stm32f4xx_hal_rcc.o
 .debug_ranges  0x00000738      0x178 Drivers\STM32F4xx_HAL_Driver\Src\stm32f4xx_hal_uart.o
 .debug_ranges  0x000008b0       0x40 Src\gpio.o
 .debug_ranges  0x000008f0       0x20 Src\i2c.o
 .debug_ranges  0x00000910       0x50 Src\main.o
 .debug_ranges  0x00000960       0x10 Src\stm32f4xx_hal_msp.o
 .debug_ranges  0x00000970       0x48 Src\stm32f4xx_it.o
 .debug_ranges  0x000009b8       0x18 Src\system_stm32f4xx.o
 .debug_ranges  0x000009d0       0x50 Src\usart.o
 .debug_ranges  0x00000a20      0x3b0 Src\vl53l0x_api.o
 .debug_ranges  0x00000dd0       0xf0 Src\vl53l0x_api_calibration.o
 .debug_ranges  0x00000ec0      0x120 Src\vl53l0x_api_core.o
 .debug_ranges  0x00000fe0       0x78 Src\vl53l0x_platform.o
 .debug_ranges  0x00001058       0x20 startup\startup_stm32f405xx.o

.debug_line     0x00000000     0x78dd
 .debug_line    0x00000000      0x43b Drivers\STM32F4xx_HAL_Driver\Src\stm32f4xx_hal.o
 .debug_line    0x0000043b      0x4dc Drivers\STM32F4xx_HAL_Driver\Src\stm32f4xx_hal_cortex.o
 .debug_line    0x00000917      0x5f7 Drivers\STM32F4xx_HAL_Driver\Src\stm32f4xx_hal_dma.o
 .debug_line    0x00000f0e      0x47a Drivers\STM32F4xx_HAL_Driver\Src\stm32f4xx_hal_gpio.o
 .debug_line    0x00001388     0x1887 Drivers\STM32F4xx_HAL_Driver\Src\stm32f4xx_hal_i2c.o
 .debug_line    0x00002c0f      0x57f Drivers\STM32F4xx_HAL_Driver\Src\stm32f4xx_hal_rcc.o
 .debug_line    0x0000318e      0xbef Drivers\STM32F4xx_HAL_Driver\Src\stm32f4xx_hal_uart.o
 .debug_line    0x00003d7d      0x287 Src\gpio.o
 .debug_line    0x00004004      0x306 Src\i2c.o
 .debug_line    0x0000430a      0x497 Src\main.o
 .debug_line    0x000047a1      0x289 Src\stm32f4xx_hal_msp.o
 .debug_line    0x00004a2a      0x361 Src\stm32f4xx_it.o
 .debug_line    0x00004d8b      0x275 Src\system_stm32f4xx.o
 .debug_line    0x00005000      0x346 Src\usart.o
 .debug_line    0x00005346      0xf55 Src\vl53l0x_api.o
 .debug_line    0x0000629b      0x74c Src\vl53l0x_api_calibration.o
 .debug_line    0x000069e7      0xa6e Src\vl53l0x_api_core.o
 .debug_line    0x00007455      0x409 Src\vl53l0x_platform.o
 .debug_line    0x0000785e       0x7f startup\startup_stm32f405xx.o

.debug_str      0x00000000     0x5f96
 .debug_str     0x00000000      0xe62 Drivers\STM32F4xx_HAL_Driver\Src\stm32f4xx_hal.o
                                0xf10 (size before relaxing)
 .debug_str     0x00000e62      0x3ca Drivers\STM32F4xx_HAL_Driver\Src\stm32f4xx_hal_cortex.o
                               0x109d (size before relaxing)
 .debug_str     0x0000122c      0x518 Drivers\STM32F4xx_HAL_Driver\Src\stm32f4xx_hal_dma.o
                                0xc1a (size before relaxing)
 .debug_str     0x00001744      0x1d8 Drivers\STM32F4xx_HAL_Driver\Src\stm32f4xx_hal_gpio.o
                                0x994 (size before relaxing)
 .debug_str     0x0000191c      0xa4a Drivers\STM32F4xx_HAL_Driver\Src\stm32f4xx_hal_i2c.o
                               0x13da (size before relaxing)
 .debug_str     0x00002366      0x2bb Drivers\STM32F4xx_HAL_Driver\Src\stm32f4xx_hal_rcc.o
                                0xb4e (size before relaxing)
 .debug_str     0x00002621      0x6bf Drivers\STM32F4xx_HAL_Driver\Src\stm32f4xx_hal_uart.o
                               0x1096 (size before relaxing)
 .debug_str     0x00002ce0       0x1b Src\gpio.o
                                0x82d (size before relaxing)
 .debug_str     0x00002cfb       0x39 Src\i2c.o
                                0xd48 (size before relaxing)
 .debug_str     0x00002d34      0x747 Src\main.o
                               0x1d89 (size before relaxing)
 .debug_str     0x0000347b       0x1b Src\stm32f4xx_hal_msp.o
                                0xb78 (size before relaxing)
 .debug_str     0x00003496       0xc8 Src\stm32f4xx_it.o
                                0xde0 (size before relaxing)
 .debug_str     0x0000355e       0x45 Src\system_stm32f4xx.o
                                0x7f8 (size before relaxing)
 .debug_str     0x000035a3       0x1a Src\usart.o
                               0x117b (size before relaxing)
 .debug_str     0x000035bd     0x175f Src\vl53l0x_api.o
                               0x2787 (size before relaxing)
 .debug_str     0x00004d1c      0x617 Src\vl53l0x_api_calibration.o
                               0x180c (size before relaxing)
 .debug_str     0x00005333      0xbcc Src\vl53l0x_api_core.o
                               0x1e3e (size before relaxing)
 .debug_str     0x00005eff       0x97 Src\vl53l0x_platform.o
                               0x13f0 (size before relaxing)

.comment        0x00000000       0x7c
 .comment       0x00000000       0x7c Drivers\STM32F4xx_HAL_Driver\Src\stm32f4xx_hal.o
                                 0x7d (size before relaxing)
 .comment       0x0000007c       0x7d Drivers\STM32F4xx_HAL_Driver\Src\stm32f4xx_hal_cortex.o
 .comment       0x0000007c       0x7d Drivers\STM32F4xx_HAL_Driver\Src\stm32f4xx_hal_dma.o
 .comment       0x0000007c       0x7d Drivers\STM32F4xx_HAL_Driver\Src\stm32f4xx_hal_gpio.o
 .comment       0x0000007c       0x7d Drivers\STM32F4xx_HAL_Driver\Src\stm32f4xx_hal_i2c.o
 .comment       0x0000007c       0x7d Drivers\STM32F4xx_HAL_Driver\Src\stm32f4xx_hal_rcc.o
 .comment       0x0000007c       0x7d Drivers\STM32F4xx_HAL_Driver\Src\stm32f4xx_hal_uart.o
 .comment       0x0000007c       0x7d Src\gpio.o
 .comment       0x0000007c       0x7d Src\i2c.o
 .comment       0x0000007c       0x7d Src\main.o
 .comment       0x0000007c       0x7d Src\stm32f4xx_hal_msp.o
 .comment       0x0000007c       0x7d Src\stm32f4xx_it.o
 .comment       0x0000007c       0x7d Src\system_stm32f4xx.o
 .comment       0x0000007c       0x7d Src\usart.o
 .comment       0x0000007c       0x7d Src\vl53l0x_api.o
 .comment       0x0000007c       0x7d Src\vl53l0x_api_calibration.o
 .comment       0x0000007c       0x7d Src\vl53l0x_api_core.o
 .comment       0x0000007c       0x7d Src\vl53l0x_platform.o

.debug_frame    0x00000000     0x2d24
 .debug_frame   0x00000000      0x194 Drivers\STM32F4xx_HAL_Driver\Src\stm32f4xx_hal.o
 .debug_frame   0x00000194      0x158 Drivers\STM32F4xx_HAL_Driver\Src\stm32f4xx_hal_cortex.o
 .debug_frame   0x000002ec      0x150 Drivers\STM32F4xx_HAL_Driver\Src\stm32f4xx_hal_dma.o
 .debug_frame   0x0000043c       0xd8 Drivers\STM32F4xx_HAL_Driver\Src\stm32f4xx_hal_gpio.o
 .debug_frame   0x00000514      0x684 Drivers\STM32F4xx_HAL_Driver\Src\stm32f4xx_hal_i2c.o
 .debug_frame   0x00000b98      0x138 Drivers\STM32F4xx_HAL_Driver\Src\stm32f4xx_hal_rcc.o
 .debug_frame   0x00000cd0      0x4a0 Drivers\STM32F4xx_HAL_Driver\Src\stm32f4xx_hal_uart.o
 .debug_frame   0x00001170       0x30 Src\gpio.o
 .debug_frame   0x000011a0       0x58 Src\i2c.o
 .debug_frame   0x000011f8       0x64 Src\main.o
 .debug_frame   0x0000125c       0x2c Src\stm32f4xx_hal_msp.o
 .debug_frame   0x00001288       0xcc Src\stm32f4xx_it.o
 .debug_frame   0x00001354       0x38 Src\system_stm32f4xx.o
 .debug_frame   0x0000138c       0x74 Src\usart.o
 .debug_frame   0x00001400      0x934 Src\vl53l0x_api.o
 .debug_frame   0x00001d34      0x2f8 Src\vl53l0x_api_calibration.o
 .debug_frame   0x0000202c      0x2f8 Src\vl53l0x_api_core.o
 .debug_frame   0x00002324      0x18c Src\vl53l0x_platform.o
 .debug_frame   0x000024b0       0x2c c:/program files (x86)/atollic/truestudio for stm32 9.0.0/armtools/bin/../lib/gcc/arm-atollic-eabi/6.3.1/../../../../arm-atollic-eabi/lib/armv7e-m/fpu\libc_nano.a(lib_a-init.o)
 .debug_frame   0x000024dc       0x20 c:/program files (x86)/atollic/truestudio for stm32 9.0.0/armtools/bin/../lib/gcc/arm-atollic-eabi/6.3.1/../../../../arm-atollic-eabi/lib/armv7e-m/fpu\libc_nano.a(lib_a-memset.o)
 .debug_frame   0x000024fc       0x74 c:/program files (x86)/atollic/truestudio for stm32 9.0.0/armtools/bin/../lib/gcc/arm-atollic-eabi/6.3.1/../../../../arm-atollic-eabi/lib/armv7e-m/fpu\libc_nano.a(lib_a-printf.o)
 .debug_frame   0x00002570       0x20 c:/program files (x86)/atollic/truestudio for stm32 9.0.0/armtools/bin/../lib/gcc/arm-atollic-eabi/6.3.1/../../../../arm-atollic-eabi/lib/armv7e-m/fpu\libc_nano.a(lib_a-strcpy.o)
 .debug_frame   0x00002590      0x11c c:/program files (x86)/atollic/truestudio for stm32 9.0.0/armtools/bin/../lib/gcc/arm-atollic-eabi/6.3.1/../../../../arm-atollic-eabi/lib/armv7e-m/fpu\libc_nano.a(lib_a-findfp.o)
 .debug_frame   0x000026ac       0x54 c:/program files (x86)/atollic/truestudio for stm32 9.0.0/armtools/bin/../lib/gcc/arm-atollic-eabi/6.3.1/../../../../arm-atollic-eabi/lib/armv7e-m/fpu\libc_nano.a(lib_a-fwalk.o)
 .debug_frame   0x00002700       0x2c c:/program files (x86)/atollic/truestudio for stm32 9.0.0/armtools/bin/../lib/gcc/arm-atollic-eabi/6.3.1/../../../../arm-atollic-eabi/lib/armv7e-m/fpu\libc_nano.a(lib_a-nano-mallocr.o)
 .debug_frame   0x0000272c       0xac c:/program files (x86)/atollic/truestudio for stm32 9.0.0/armtools/bin/../lib/gcc/arm-atollic-eabi/6.3.1/../../../../arm-atollic-eabi/lib/armv7e-m/fpu\libc_nano.a(lib_a-nano-vfprintf.o)
 .debug_frame   0x000027d8       0x60 c:/program files (x86)/atollic/truestudio for stm32 9.0.0/armtools/bin/../lib/gcc/arm-atollic-eabi/6.3.1/../../../../arm-atollic-eabi/lib/armv7e-m/fpu\libc_nano.a(lib_a-nano-vfprintf_i.o)
 .debug_frame   0x00002838       0x2c c:/program files (x86)/atollic/truestudio for stm32 9.0.0/armtools/bin/../lib/gcc/arm-atollic-eabi/6.3.1/../../../../arm-atollic-eabi/lib/armv7e-m/fpu\libc_nano.a(lib_a-sbrkr.o)
 .debug_frame   0x00002864       0x88 c:/program files (x86)/atollic/truestudio for stm32 9.0.0/armtools/bin/../lib/gcc/arm-atollic-eabi/6.3.1/../../../../arm-atollic-eabi/lib/armv7e-m/fpu\libc_nano.a(lib_a-stdio.o)
 .debug_frame   0x000028ec       0x40 c:/program files (x86)/atollic/truestudio for stm32 9.0.0/armtools/bin/../lib/gcc/arm-atollic-eabi/6.3.1/../../../../arm-atollic-eabi/lib/armv7e-m/fpu\libc_nano.a(lib_a-wbuf.o)
 .debug_frame   0x0000292c       0x2c c:/program files (x86)/atollic/truestudio for stm32 9.0.0/armtools/bin/../lib/gcc/arm-atollic-eabi/6.3.1/../../../../arm-atollic-eabi/lib/armv7e-m/fpu\libc_nano.a(lib_a-writer.o)
 .debug_frame   0x00002958       0x2c c:/program files (x86)/atollic/truestudio for stm32 9.0.0/armtools/bin/../lib/gcc/arm-atollic-eabi/6.3.1/../../../../arm-atollic-eabi/lib/armv7e-m/fpu\libc_nano.a(lib_a-wsetup.o)
 .debug_frame   0x00002984       0x2c c:/program files (x86)/atollic/truestudio for stm32 9.0.0/armtools/bin/../lib/gcc/arm-atollic-eabi/6.3.1/../../../../arm-atollic-eabi/lib/armv7e-m/fpu\libc_nano.a(lib_a-closer.o)
 .debug_frame   0x000029b0       0x68 c:/program files (x86)/atollic/truestudio for stm32 9.0.0/armtools/bin/../lib/gcc/arm-atollic-eabi/6.3.1/../../../../arm-atollic-eabi/lib/armv7e-m/fpu\libc_nano.a(lib_a-fflush.o)
 .debug_frame   0x00002a18       0x2c c:/program files (x86)/atollic/truestudio for stm32 9.0.0/armtools/bin/../lib/gcc/arm-atollic-eabi/6.3.1/../../../../arm-atollic-eabi/lib/armv7e-m/fpu\libc_nano.a(lib_a-lseekr.o)
 .debug_frame   0x00002a44       0x58 c:/program files (x86)/atollic/truestudio for stm32 9.0.0/armtools/bin/../lib/gcc/arm-atollic-eabi/6.3.1/../../../../arm-atollic-eabi/lib/armv7e-m/fpu\libc_nano.a(lib_a-makebuf.o)
 .debug_frame   0x00002a9c       0x30 c:/program files (x86)/atollic/truestudio for stm32 9.0.0/armtools/bin/../lib/gcc/arm-atollic-eabi/6.3.1/../../../../arm-atollic-eabi/lib/armv7e-m/fpu\libc_nano.a(lib_a-mlock.o)
 .debug_frame   0x00002acc       0x38 c:/program files (x86)/atollic/truestudio for stm32 9.0.0/armtools/bin/../lib/gcc/arm-atollic-eabi/6.3.1/../../../../arm-atollic-eabi/lib/armv7e-m/fpu\libc_nano.a(lib_a-nano-freer.o)
 .debug_frame   0x00002b04       0x2c c:/program files (x86)/atollic/truestudio for stm32 9.0.0/armtools/bin/../lib/gcc/arm-atollic-eabi/6.3.1/../../../../arm-atollic-eabi/lib/armv7e-m/fpu\libc_nano.a(lib_a-readr.o)
 .debug_frame   0x00002b30       0x5c c:/program files (x86)/atollic/truestudio for stm32 9.0.0/armtools/bin/../lib/gcc/arm-atollic-eabi/6.3.1/../../../../arm-atollic-eabi/lib/armv7e-m/fpu\libc_nano.a(lib_a-reent.o)
 .debug_frame   0x00002b8c       0x2c c:/program files (x86)/atollic/truestudio for stm32 9.0.0/armtools/bin/../lib/gcc/arm-atollic-eabi/6.3.1/../../../../arm-atollic-eabi/lib/armv7e-m/fpu\libc_nano.a(lib_a-fstatr.o)
 .debug_frame   0x00002bb8       0x2c c:/program files (x86)/atollic/truestudio for stm32 9.0.0/armtools/bin/../lib/gcc/arm-atollic-eabi/6.3.1/../../../../arm-atollic-eabi/lib/armv7e-m/fpu\libc_nano.a(lib_a-isattyr.o)
 .debug_frame   0x00002be4       0x2c c:/program files (x86)/atollic/truestudio for stm32 9.0.0/armtools/bin/../lib/gcc/arm-atollic-eabi/6.3.1/armv7e-m/fpu\libgcc.a(_aeabi_uldivmod.o)
 .debug_frame   0x00002c10       0x34 c:/program files (x86)/atollic/truestudio for stm32 9.0.0/armtools/bin/../lib/gcc/arm-atollic-eabi/6.3.1/armv7e-m/fpu\libgcc.a(_udivmoddi4.o)
 .debug_frame   0x00002c44       0x20 c:/program files (x86)/atollic/truestudio for stm32 9.0.0/armtools/bin/../lib/gcc/arm-atollic-eabi/6.3.1/../../../../arm-atollic-eabi/lib/armv7e-m/fpu\libnosys.a(close.o)
 .debug_frame   0x00002c64       0x20 c:/program files (x86)/atollic/truestudio for stm32 9.0.0/armtools/bin/../lib/gcc/arm-atollic-eabi/6.3.1/../../../../arm-atollic-eabi/lib/armv7e-m/fpu\libnosys.a(fstat.o)
 .debug_frame   0x00002c84       0x20 c:/program files (x86)/atollic/truestudio for stm32 9.0.0/armtools/bin/../lib/gcc/arm-atollic-eabi/6.3.1/../../../../arm-atollic-eabi/lib/armv7e-m/fpu\libnosys.a(isatty.o)
 .debug_frame   0x00002ca4       0x20 c:/program files (x86)/atollic/truestudio for stm32 9.0.0/armtools/bin/../lib/gcc/arm-atollic-eabi/6.3.1/../../../../arm-atollic-eabi/lib/armv7e-m/fpu\libnosys.a(lseek.o)
 .debug_frame   0x00002cc4       0x20 c:/program files (x86)/atollic/truestudio for stm32 9.0.0/armtools/bin/../lib/gcc/arm-atollic-eabi/6.3.1/../../../../arm-atollic-eabi/lib/armv7e-m/fpu\libnosys.a(read.o)
 .debug_frame   0x00002ce4       0x20 c:/program files (x86)/atollic/truestudio for stm32 9.0.0/armtools/bin/../lib/gcc/arm-atollic-eabi/6.3.1/../../../../arm-atollic-eabi/lib/armv7e-m/fpu\libnosys.a(sbrk.o)
 .debug_frame   0x00002d04       0x20 c:/program files (x86)/atollic/truestudio for stm32 9.0.0/armtools/bin/../lib/gcc/arm-atollic-eabi/6.3.1/../../../../arm-atollic-eabi/lib/armv7e-m/fpu\libnosys.a(write.o)

.stab           0x00000000       0x9c
 .stab          0x00000000       0x24 c:/program files (x86)/atollic/truestudio for stm32 9.0.0/armtools/bin/../lib/gcc/arm-atollic-eabi/6.3.1/../../../../arm-atollic-eabi/lib/armv7e-m/fpu\libnosys.a(close.o)
 .stab          0x00000024       0x18 c:/program files (x86)/atollic/truestudio for stm32 9.0.0/armtools/bin/../lib/gcc/arm-atollic-eabi/6.3.1/../../../../arm-atollic-eabi/lib/armv7e-m/fpu\libnosys.a(fstat.o)
                                 0x24 (size before relaxing)
 .stab          0x0000003c       0x18 c:/program files (x86)/atollic/truestudio for stm32 9.0.0/armtools/bin/../lib/gcc/arm-atollic-eabi/6.3.1/../../../../arm-atollic-eabi/lib/armv7e-m/fpu\libnosys.a(isatty.o)
                                 0x24 (size before relaxing)
 .stab          0x00000054       0x18 c:/program files (x86)/atollic/truestudio for stm32 9.0.0/armtools/bin/../lib/gcc/arm-atollic-eabi/6.3.1/../../../../arm-atollic-eabi/lib/armv7e-m/fpu\libnosys.a(lseek.o)
                                 0x24 (size before relaxing)
 .stab          0x0000006c       0x18 c:/program files (x86)/atollic/truestudio for stm32 9.0.0/armtools/bin/../lib/gcc/arm-atollic-eabi/6.3.1/../../../../arm-atollic-eabi/lib/armv7e-m/fpu\libnosys.a(read.o)
                                 0x24 (size before relaxing)
 .stab          0x00000084       0x18 c:/program files (x86)/atollic/truestudio for stm32 9.0.0/armtools/bin/../lib/gcc/arm-atollic-eabi/6.3.1/../../../../arm-atollic-eabi/lib/armv7e-m/fpu\libnosys.a(write.o)
                                 0x24 (size before relaxing)

.stabstr        0x00000000      0x14d
 .stabstr       0x00000000      0x14d c:/program files (x86)/atollic/truestudio for stm32 9.0.0/armtools/bin/../lib/gcc/arm-atollic-eabi/6.3.1/../../../../arm-atollic-eabi/lib/armv7e-m/fpu\libnosys.a(close.o)
